Component: ARM Compiler 5.06 update 6 (build 750) Tool: armlink [4d35ed]

==============================================================================

Section Cross References

    startup_stm32f10x_md.o(RESET) refers to startup_stm32f10x_md.o(STACK) for __initial_sp
    startup_stm32f10x_md.o(RESET) refers to startup_stm32f10x_md.o(.text) for Reset_Handler
    startup_stm32f10x_md.o(RESET) refers to port.o(.emb_text) for SVC_Handler
    startup_stm32f10x_md.o(RESET) refers to app_task.o(i.SysTick_Handler) for SysTick_Handler
    startup_stm32f10x_md.o(RESET) refers to dri_uart1.o(i.USART1_IRQHandler) for USART1_IRQHandler
    startup_stm32f10x_md.o(RESET) refers to dri_uart2.o(i.USART2_IRQHandler) for USART2_IRQHandler
    startup_stm32f10x_md.o(.text) refers to system_stm32f10x.o(i.SystemInit) for SystemInit
    startup_stm32f10x_md.o(.text) refers to entry.o(.ARM.Collect$$$$00000000) for __main
    system_stm32f10x.o(i.SetSysClock) refers to system_stm32f10x.o(i.SetSysClockTo72) for SetSysClockTo72
    system_stm32f10x.o(i.SystemCoreClockUpdate) refers to system_stm32f10x.o(.data) for SystemCoreClock
    system_stm32f10x.o(i.SystemInit) refers to system_stm32f10x.o(i.SetSysClock) for SetSysClock
    main.o(i.main) refers to app_task.o(i.FreeRTOS_Start) for FreeRTOS_Start
    dri_uart1.o(i.Dri_UART1_SendBytes) refers to dri_uart1.o(i.Dri_UART1_SendByte) for Dri_UART1_SendByte
    dri_uart1.o(i.USART1_IRQHandler) refers to app_car.o(i.Dri_UART1_ReceiveCallback) for Dri_UART1_ReceiveCallback
    dri_uart1.o(i.USART1_IRQHandler) refers to dri_uart1.o(.data) for size
    dri_uart1.o(i.USART1_IRQHandler) refers to dri_uart1.o(.bss) for buffer
    dri_uart1.o(i.fputc) refers to dri_uart1.o(i.Dri_UART1_SendByte) for Dri_UART1_SendByte
    dri_i2c.o(i.Dri_I2C_ReceiveByte) refers to strrchr.o(.text) for strrchr
    dri_i2c.o(i.Dri_I2C_ReceiveByte) refers to printfa.o(i.__0printf) for __2printf
    dri_i2c.o(i.Dri_I2C_SendAddr) refers to strrchr.o(.text) for strrchr
    dri_i2c.o(i.Dri_I2C_SendAddr) refers to printfa.o(i.__0printf) for __2printf
    dri_i2c.o(i.Dri_I2C_SendByte) refers to strrchr.o(.text) for strrchr
    dri_i2c.o(i.Dri_I2C_SendByte) refers to printfa.o(i.__0printf) for __2printf
    dri_i2c.o(i.Dri_I2C_Start) refers to strrchr.o(.text) for strrchr
    dri_i2c.o(i.Dri_I2C_Start) refers to printfa.o(i.__0printf) for __2printf
    dri_i2c.o(i.Dri_I2C_Stop4Send) refers to strrchr.o(.text) for strrchr
    dri_i2c.o(i.Dri_I2C_Stop4Send) refers to printfa.o(i.__0printf) for __2printf
    dri_i2c.o(i.Dri_I2C_Test) refers to dri_i2c.o(i.Dri_I2C_Start) for Dri_I2C_Start
    dri_i2c.o(i.Dri_I2C_Test) refers to dri_i2c.o(i.Dri_I2C_SendAddr) for Dri_I2C_SendAddr
    dri_i2c.o(i.Dri_I2C_Test) refers to dri_i2c.o(i.Dri_I2C_SendByte) for Dri_I2C_SendByte
    dri_i2c.o(i.Dri_I2C_Test) refers to dri_i2c.o(i.Dri_I2C_Stop4Send) for Dri_I2C_Stop4Send
    dri_i2c.o(i.Dri_I2C_Test) refers to dri_i2c.o(i.Dri_I2C_EnableAutoAck) for Dri_I2C_EnableAutoAck
    dri_i2c.o(i.Dri_I2C_Test) refers to dri_i2c.o(i.Dri_I2C_ReceiveByte) for Dri_I2C_ReceiveByte
    dri_i2c.o(i.Dri_I2C_Test) refers to dri_i2c.o(i.Dri_I2C_DisableAutoAck) for Dri_I2C_DisableAutoAck
    dri_i2c.o(i.Dri_I2C_Test) refers to dri_i2c.o(i.Dri_I2C_EnableStop) for Dri_I2C_EnableStop
    dri_adc1.o(i.Dri_ADC1_Init) refers to com_delay.o(i.for_delay_ms) for for_delay_ms
    dri_adc1.o(i.Dri_ADC1_ReadVoltage) refers to dfltui.o(.text) for __aeabi_ui2d
    dri_adc1.o(i.Dri_ADC1_ReadVoltage) refers to dmul.o(.text) for __aeabi_dmul
    dri_adc1.o(i.Dri_ADC1_ReadVoltage) refers to ddiv.o(.text) for __aeabi_ddiv
    dri_uart2.o(i.Dri_UART2_SendBytes) refers to dri_uart2.o(i.Dri_UART2_SendByte) for Dri_UART2_SendByte
    dri_uart2.o(i.USART2_IRQHandler) refers to app_car.o(i.Dri_UART2_ReceiveCallback) for Dri_UART2_ReceiveCallback
    dri_uart2.o(i.USART2_IRQHandler) refers to dri_uart2.o(.data) for size
    dri_uart2.o(i.USART2_IRQHandler) refers to dri_uart2.o(.bss) for buffer
    int_oled.o(i.Int_OLED_Clear) refers to int_oled.o(i.Int_OLED_Refresh) for Int_OLED_Refresh
    int_oled.o(i.Int_OLED_Clear) refers to int_oled.o(.bss) for OLED_GRAM
    int_oled.o(i.Int_OLED_ColorTurn) refers to int_oled.o(i.Int_OLED_WR_Byte) for Int_OLED_WR_Byte
    int_oled.o(i.Int_OLED_DisPlay_Off) refers to int_oled.o(i.Int_OLED_WR_Byte) for Int_OLED_WR_Byte
    int_oled.o(i.Int_OLED_DisPlay_On) refers to int_oled.o(i.Int_OLED_WR_Byte) for Int_OLED_WR_Byte
    int_oled.o(i.Int_OLED_DisplayTurn) refers to int_oled.o(i.Int_OLED_WR_Byte) for Int_OLED_WR_Byte
    int_oled.o(i.Int_OLED_DrawCircle) refers to int_oled.o(i.Int_OLED_DrawPoint) for Int_OLED_DrawPoint
    int_oled.o(i.Int_OLED_DrawLine) refers to int_oled.o(i.Int_OLED_DrawPoint) for Int_OLED_DrawPoint
    int_oled.o(i.Int_OLED_DrawPoint) refers to int_oled.o(.bss) for OLED_GRAM
    int_oled.o(i.Int_OLED_Init) refers to dri_spi.o(i.Dri_SPI_Init) for Dri_SPI_Init
[...]
    ../clib/microlib/init/entry.s            0x00000000   Number         0  entry8a.o ABSOLUTE
    ../clib/microlib/init/entry.s            0x00000000   Number         0  entry7b.o ABSOLUTE
    ../clib/microlib/init/entry.s            0x00000000   Number         0  entry7a.o ABSOLUTE
    ../clib/microlib/longlong.c              0x00000000   Number         0  llshl.o ABSOLUTE
    ../clib/microlib/longlong.c              0x00000000   Number         0  llsshr.o ABSOLUTE
    ../clib/microlib/longlong.c              0x00000000   Number         0  llushr.o ABSOLUTE
    ../clib/microlib/printf/printf.c         0x00000000   Number         0  printf5.o ABSOLUTE
    ../clib/microlib/printf/printf.c         0x00000000   Number         0  printf7.o ABSOLUTE
    ../clib/microlib/printf/printf.c         0x00000000   Number         0  printf8.o ABSOLUTE
    ../clib/microlib/printf/printf.c         0x00000000   Number         0  printf0.o ABSOLUTE
    ../clib/microlib/printf/printf.c         0x00000000   Number         0  printfa.o ABSOLUTE
    ../clib/microlib/printf/printf.c         0x00000000   Number         0  printf4.o ABSOLUTE
    ../clib/microlib/printf/printf.c         0x00000000   Number         0  printfb.o ABSOLUTE
    ../clib/microlib/printf/printf.c         0x00000000   Number         0  printf1.o ABSOLUTE
    ../clib/microlib/printf/printf.c         0x00000000   Number         0  printf6.o ABSOLUTE
    ../clib/microlib/printf/printf.c         0x00000000   Number         0  printf3.o ABSOLUTE
    ../clib/microlib/printf/printf.c         0x00000000   Number         0  printf2.o ABSOLUTE
    ../clib/microlib/printf/stubs.s          0x00000000   Number         0  stubs.o ABSOLUTE
    ../clib/microlib/stdio/putc.c            0x00000000   Number         0  putc.o ABSOLUTE
    ../clib/microlib/stdio/streams.c         0x00000000   Number         0  stdout.o ABSOLUTE
    ../clib/microlib/string/memcpy.c         0x00000000   Number         0  memcpyb.o ABSOLUTE
    ../clib/microlib/string/memcpy.c         0x00000000   Number         0  memcpya.o ABSOLUTE
    ../clib/microlib/string/memset.c         0x00000000   Number         0  memseta.o ABSOLUTE
    ../clib/microlib/string/strrchr.c        0x00000000   Number         0  strrchr.o ABSOLUTE
    ../clib/microlib/stubs.s                 0x00000000   Number         0  iusefp.o ABSOLUTE
    ../fplib/microlib/d2f.c                  0x00000000   Number         0  d2f.o ABSOLUTE
    ../fplib/microlib/f2d.c                  0x00000000   Number         0  f2d.o ABSOLUTE
    ../fplib/microlib/fpadd.c                0x00000000   Number         0  dadd.o ABSOLUTE
    ../fplib/microlib/fpadd.c                0x00000000   Number         0  fadd.o ABSOLUTE
    ../fplib/microlib/fpdiv.c                0x00000000   Number         0  ddiv.o ABSOLUTE
    ../fplib/microlib/fpdiv.c                0x00000000   Number         0  fdiv.o ABSOLUTE
    ../fplib/microlib/fpepilogue.c           0x00000000   Number         0  fepilogue.o ABSOLUTE
    ../fplib/microlib/fpepilogue.c           0x00000000   Number         0  depilogue.o ABSOLUTE
    ../fplib/microlib/fpfix.c                0x00000000   Number         0  dfixul.o ABSOLUTE
    ../fplib/microlib/fpfix.c                0x00000000   Number         0  ffixi.o ABSOLUTE
    ../fplib/microlib/fpflt.c                0x00000000   Number         0  dfltui.o ABSOLUTE
    ../fplib/microlib/fpflt.c                0x00000000   Number         0  dflti.o ABSOLUTE
    ../fplib/microlib/fpflt.c                0x00000000   Number         0  ffltui.o ABSOLUTE
    ../fplib/microlib/fpflt.c                0x00000000   Number         0  fflti.o ABSOLUTE
    ../fplib/microlib/fpmul.c                0x00000000   Number         0  fmul.o ABSOLUTE
    ../fplib/microlib/fpmul.c                0x00000000   Number         0  dmul.o ABSOLUTE
    ../fplib/microlib/fpscalb.c              0x00000000   Number         0  dscalb.o ABSOLUTE
    ../mathlib/atan.c                        0x00000000   Number         0  atan.o ABSOLUTE
    ../mathlib/atan.c                        0x00000000   Number         0  atan_x.o ABSOLUTE
    ../mathlib/atan2.c                       0x00000000   Number         0  atan2.o ABSOLUTE
    ../mathlib/atan2.c                       0x00000000   Number         0  atan2_x.o ABSOLUTE
    ../mathlib/dunder.c                      0x00000000   Number         0  dunder.o ABSOLUTE
    ../mathlib/fpclassify.c                  0x00000000   Number         0  fpclassify.o ABSOLUTE
    ../mathlib/poly.c                        0x00000000   Number         0  poly.o ABSOLUTE
    ../mathlib/qnan.c                        0x00000000   Number         0  qnan.o ABSOLUTE
    App\App_Car.c                            0x00000000   Number         0  app_car.o ABSOLUTE
    App\App_Task.c                           0x00000000   Number         0  app_task.o ABSOLUTE
    Com\Com_Delay.c                          0x00000000   Number         0  com_delay.o ABSOLUTE
    Com\Com_KalmanFilter.c                   0x00000000   Number         0  com_kalmanfilter.o ABSOLUTE
    Com\Com_PID.c                            0x00000000   Number         0  com_pid.o ABSOLUTE
    Com\logger.c                             0x00000000   Number         0  logger.o ABSOLUTE
    Dri\Dri_ADC1.c                           0x00000000   Number         0  dri_adc1.o ABSOLUTE
    Dri\Dri_I2C.c                            0x00000000   Number         0  dri_i2c.o ABSOLUTE
    Dri\Dri_SPI.c                            0x00000000   Number         0  dri_spi.o ABSOLUTE
    Dri\Dri_TIM.c                            0x00000000   Number         0  dri_tim.o ABSOLUTE
    Dri\Dri_UART1.c                          0x00000000   Number         0  dri_uart1.o ABSOLUTE
    Dri\Dri_UART2.c                          0x00000000   Number         0  dri_uart2.o ABSOLUTE
    Int\Int_HallEncoder.c                    0x00000000   Number         0  int_hallencoder.o ABSOLUTE
    Int\Int_MPU6050.c                        0x00000000   Number         0  int_mpu6050.o ABSOLUTE
    Int\Int_TB6612.c                         0x00000000   Number         0  int_tb6612.o ABSOLUTE
    Int\OLED\Int_OLED.c                      0x00000000   Number         0  int_oled.o ABSOLUTE
    Mid\FreeRTOS\Portable\heap_4.c           0x00000000   Number         0  heap_4.o ABSOLUTE
    Mid\FreeRTOS\Portable\port.c             0x00000000   Number         0  port.o ABSOLUTE
    Mid\FreeRTOS\Source\croutine.c           0x00000000   Number         0  croutine.o ABSOLUTE
    Mid\FreeRTOS\Source\event_groups.c       0x00000000   Number         0  event_groups.o ABSOLUTE
    Mid\FreeRTOS\Source\list.c               0x00000000   Number         0  list.o ABSOLUTE
    Mid\FreeRTOS\Source\queue.c              0x00000000   Number         0  queue.o ABSOLUTE
    Mid\FreeRTOS\Source\stream_buffer.c      0x00000000   Number         0  stream_buffer.o ABSOLUTE
    Mid\FreeRTOS\Source\tasks.c              0x00000000   Number         0  tasks.o ABSOLUTE
    Mid\FreeRTOS\Source\timers.c             0x00000000   Number         0  timers.o ABSOLUTE
    Mid\\FreeRTOS\\Portable\\port.c          0x00000000   Number         0  port.o ABSOLUTE
    Start\\core_cm3.c                        0x00000000   Number         0  core_cm3.o ABSOLUTE
    Start\core_cm3.c                         0x00000000   Number         0  core_cm3.o ABSOLUTE
    Start\startup_stm32f10x_md.s             0x00000000   Number         0  startup_stm32f10x_md.o ABSOLUTE
    Start\system_stm32f10x.c                 0x00000000   Number         0  system_stm32f10x.o ABSOLUTE
    User\main.c                              0x00000000   Number         0  main.o ABSOLUTE
    cdrcmple.s                               0x00000000   Number         0  cdrcmple.o ABSOLUTE
    cfcmple.s                                0x00000000   Number         0  cfcmple.o ABSOLUTE
    cfrcmple.s                               0x00000000   Number         0  cfrcmple.o ABSOLUTE
    dc.s                                     0x00000000   Number         0  dc.o ABSOLUTE
    handlers.s                               0x00000000   Number         0  handlers.o ABSOLUTE
    init.s                                   0x00000000   Number         0  init.o ABSOLUTE
    RESET                                    0x08000000   Section      236  startup_stm32f10x_md.o(RESET)
    .ARM.Collect$$$$00000000                 0x080000ec   Section        0  entry.o(.ARM.Collect$$$$00000000)
    .ARM.Collect$$$$00000001                 0x080000ec   Section        4  entry2.o(.ARM.Collect$$$$00000001)
    .ARM.Collect$$$$00000004                 0x080000f0   Section        4  entry5.o(.ARM.Collect$$$$00000004)
    .ARM.Collect$$$$00000008                 0x080000f4   Section        0  entry7b.o(.ARM.Collect$$$$00000008)
    .ARM.Collect$$$$0000000A                 0x080000f4   Section        0  entry8b.o(.ARM.Collect$$$$0000000A)
    .ARM.Collect$$$$0000000B                 0x080000f4   Section        8  entry9a.o(.ARM.Collect$$$$0000000B)
    .ARM.Collect$$$$0000000D                 0x080000fc   Section        0  entry10a.o(.ARM.Collect$$$$0000000D)
    .ARM.Collect$$$$0000000F                 0x080000fc   Section        0  entry11a.o(.ARM.Collect$$$$0000000F)
    .ARM.Collect$$$$00002712                 0x080000fc   Section        4  entry2.o(.ARM.Collect$$$$00002712)
    __lit__00000000                          0x080000fc   Data           4  entry2.o(.ARM.Collect$$$$00002712)
    .emb_text                                0x08000100   Section      150  port.o(.emb_text)
    .text                                    0x08000198   Section       36  startup_stm32f10x_md.o(.text)
    .text                                    0x080001bc   Section        0  memseta.o(.text)
    .text                                    0x080001e0   Section        0  strrchr.o(.text)
    .text                                    0x08000200   Section        0  fadd.o(.text)
    .text                                    0x080002b0   Section        0  fmul.o(.text)
    .text                                    0x08000314   Section        0  fdiv.o(.text)
    .text                                    0x08000390   Section        0  dadd.o(.text)
    .text                                    0x080004de   Section        0  dmul.o(.text)
    .text                                    0x080005c2   Section        0  ddiv.o(.text)
    .text                                    0x080006a0   Section        0  fflti.o(.text)
    .text                                    0x080006b2   Section        0  ffltui.o(.text)
    .text                                    0x080006bc   Section        0  dflti.o(.text)
    .text                                    0x080006de   Section        0  dfltui.o(.text)
    .text                                    0x080006f8   Section        0  ffixi.o(.text)
    .text                                    0x0800072a   Section        0  f2d.o(.text)
    .text                                    0x08000750   Section        0  d2f.o(.text)
    .text                                    0x08000788   Section       20  cfcmple.o(.text)
    .text                                    0x0800079c   Section       20  cfrcmple.o(.text)
    .text                                    0x080007b0   Section        0  uidiv.o(.text)
    .text                                    0x080007dc   Section        0  uldiv.o(.text)
    .text                                    0x0800083e   Section        0  llshl.o(.text)
    .text                                    0x0800085c   Section        0  llsshr.o(.text)
    .text                                    0x08000880   Section        0  iusefp.o(.text)
    .text                                    0x08000880   Section        0  fepilogue.o(.text)
    .text                                    0x080008ee   Section        0  depilogue.o(.text)
    .text                                    0x080009a8   Section        0  dfixul.o(.text)
    .text                                    0x080009d8   Section       48  cdrcmple.o(.text)
    .text                                    0x08000a08   Section       36  init.o(.text)
    .text                                    0x08000a2c   Section        0  llushr.o(.text)
    .text                                    0x08000a4c   Section        0  dscalb.o(.text)
    i.App_Car_Control                        0x08000a7c   Section        0  app_car.o(i.App_Car_Control)
    i.App_Car_Init                           0x08000bd8   Section        0  app_car.o(i.App_Car_Init)
    i.App_Car_OLED                           0x08000c70   Section        0  app_car.o(i.App_Car_OLED)
    i.App_Car_ReadSensor                     0x08000d7c   Section        0  app_car.o(i.App_Car_ReadSensor)
    i.App_Task_Balance                       0x08000e84   Section        0  app_task.o(i.App_Task_Balance)
    i.App_Task_Display                       0x08000ea8   Section        0  app_task.o(i.App_Task_Display)
    i.App_Task_ReadSensor                    0x08000ec4   Section        0  app_task.o(i.App_Task_ReadSensor)
    i.App_Task_Start                         0x08000ef4   Section        0  app_task.o(i.App_Task_Start)
    i.Com_KalmanFilter                       0x08000f80   Section        0  com_kalmanfilter.o(i.Com_KalmanFilter)
    i.Com_PID_Balance                        0x080011f8   Section        0  com_pid.o(i.Com_PID_Balance)
    i.Com_PID_Turn                           0x08001240   Section        0  com_pid.o(i.Com_PID_Turn)
    i.Com_PID_Velocity                       0x08001258   Section        0  com_pid.o(i.Com_PID_Velocity)
    i.Dri_ADC1_Init                          0x08001350   Section        0  dri_adc1.o(i.Dri_ADC1_Init)
    i.Dri_ADC1_ReadVoltage                   0x0800146c   Section        0  dri_adc1.o(i.Dri_ADC1_ReadVoltage)
    i.Dri_I2C_DisableAutoAck                 0x080014dc   Section        0  dri_i2c.o(i.Dri_I2C_DisableAutoAck)
    i.Dri_I2C_EnableAutoAck                  0x080014f0   Section        0  dri_i2c.o(i.Dri_I2C_EnableAutoAck)
    i.Dri_I2C_EnableStop                     0x08001504   Section        0  dri_i2c.o(i.Dri_I2C_EnableStop)
    i.Dri_I2C_Init                           0x08001518   Section        0  dri_i2c.o(i.Dri_I2C_Init)
    i.Dri_I2C_ReceiveByte                    0x080015a8   Section        0  dri_i2c.o(i.Dri_I2C_ReceiveByte)
    i.Dri_I2C_SendAddr                       0x08001670   Section        0  dri_i2c.o(i.Dri_I2C_SendAddr)
    i.Dri_I2C_SendByte                       0x0800172c   Section        0  dri_i2c.o(i.Dri_I2C_SendByte)
    i.Dri_I2C_Start                          0x08001870   Section        0  dri_i2c.o(i.Dri_I2C_Start)
    i.Dri_I2C_Stop4Send                      0x0800192c   Section        0  dri_i2c.o(i.Dri_I2C_Stop4Send)
    i.Dri_SPI_Init                           0x080019e8   Section        0  dri_spi.o(i.Dri_SPI_Init)
    i.Dri_SPI_WriteByte                      0x08001a58   Section        0  dri_spi.o(i.Dri_SPI_WriteByte)
    i.Dri_TIM2_3_Init                        0x08001abc   Section        0  dri_tim.o(i.Dri_TIM2_3_Init)
    i.Dri_TIM4_Init                          0x08001c54   Section        0  dri_tim.o(i.Dri_TIM4_Init)
    i.Dri_UART1_Init                         0x08001d80   Section        0  dri_uart1.o(i.Dri_UART1_Init)
    i.Dri_UART1_ReceiveCallback              0x08001eac   Section        0  app_car.o(i.Dri_UART1_ReceiveCallback)
    i.Dri_UART1_SendByte                     0x08001f3c   Section        0  dri_uart1.o(i.Dri_UART1_SendByte)
    i.Dri_UART2_Init                         0x08001f58   Section        0  dri_uart2.o(i.Dri_UART2_Init)
    i.Dri_UART2_ReceiveCallback              0x08002054   Section        0  app_car.o(i.Dri_UART2_ReceiveCallback)
    i.Dri_UART2_SendByte                     0x08002194   Section        0  dri_uart2.o(i.Dri_UART2_SendByte)
    i.Dri_UART2_SendBytes                    0x080021b0   Section        0  dri_uart2.o(i.Dri_UART2_SendBytes)
    i.FreeRTOS_Start                         0x080021cc   Section        0  app_task.o(i.FreeRTOS_Start)
    i.Int_HallEncoder_Init                   0x08002200   Section        0  int_hallencoder.o(i.Int_HallEncoder_Init)
    i.Int_HallEncoder_ReadCounter            0x08002208   Section        0  int_hallencoder.o(i.Int_HallEncoder_ReadCounter)
    i.Int_MPU6050_Init                       0x0800223c   Section        0  int_mpu6050.o(i.Int_MPU6050_Init)
    i.Int_MPU6050_ReadAccel                  0x08002394   Section        0  int_mpu6050.o(i.Int_MPU6050_ReadAccel)
    i.Int_MPU6050_ReadByte                   0x080023d8   Section        0  int_mpu6050.o(i.Int_MPU6050_ReadByte)
    i.Int_MPU6050_ReadBytes                  0x08002408   Section        0  int_mpu6050.o(i.Int_MPU6050_ReadBytes)
    i.Int_MPU6050_ReadGyro                   0x08002454   Section        0  int_mpu6050.o(i.Int_MPU6050_ReadGyro)
    i.Int_MPU6050_SendByte                   0x08002498   Section        0  int_mpu6050.o(i.Int_MPU6050_SendByte)
    i.Int_MPU6050_SendBytes                  0x08002544   Section        0  int_mpu6050.o(i.Int_MPU6050_SendBytes)
    i.Int_MPU6050_SetDLPF                    0x08002578   Section        0  int_mpu6050.o(i.Int_MPU6050_SetDLPF)
    Int_MPU6050_SetDLPF                      0x08002579   Thumb Code    60  int_mpu6050.o(i.Int_MPU6050_SetDLPF)
    i.Int_MPU6050_SetSampleRate              0x080025b4   Section        0  int_mpu6050.o(i.Int_MPU6050_SetSampleRate)
    i.Int_OLED_Clear                         0x080025f0   Section        0  int_oled.o(i.Int_OLED_Clear)
    i.Int_OLED_DrawPoint                     0x08002620   Section        0  int_oled.o(i.Int_OLED_DrawPoint)
    i.Int_OLED_Init                          0x08002698   Section        0  int_oled.o(i.Int_OLED_Init)
    i.Int_OLED_Refresh                       0x080027d4   Section        0  int_oled.o(i.Int_OLED_Refresh)
    i.Int_OLED_ShowChar                      0x08002820   Section        0  int_oled.o(i.Int_OLED_ShowChar)
    i.Int_OLED_ShowString                    0x0800295c   Section        0  int_oled.o(i.Int_OLED_ShowString)
    i.Int_OLED_WR_Byte                       0x080029a8   Section        0  int_oled.o(i.Int_OLED_WR_Byte)
    i.Int_TB6612_Init                        0x080029e4   Section        0  int_tb6612.o(i.Int_TB6612_Init)
    i.Int_TB6612_MotorA                      0x08002a50   Section        0  int_tb6612.o(i.Int_TB6612_MotorA)
    Int_TB6612_MotorA                        0x08002a51   Thumb Code    88  int_tb6612.o(i.Int_TB6612_MotorA)
    i.Int_TB6612_MotorB                      0x08002aac   Section        0  int_tb6612.o(i.Int_TB6612_MotorB)
    Int_TB6612_MotorB                        0x08002aad   Thumb Code    88  int_tb6612.o(i.Int_TB6612_MotorB)
    i.Int_TB6612_SetPWM                      0x08002b08   Section        0  int_tb6612.o(i.Int_TB6612_SetPWM)
    i.SetSysClock                            0x08002b70   Section        0  system_stm32f10x.o(i.SetSysClock)
    SetSysClock                              0x08002b71   Thumb Code     8  system_stm32f10x.o(i.SetSysClock)
    i.SetSysClockTo72                        0x08002b78   Section        0  system_stm32f10x.o(i.SetSysClockTo72)
    SetSysClockTo72                          0x08002b79   Thumb Code   214  system_stm32f10x.o(i.SetSysClockTo72)
    i.SysTick_Handler                        0x08002c58   Section        0  app_task.o(i.SysTick_Handler)
    i.SystemInit                             0x08002c68   Section        0  system_stm32f10x.o(i.SystemInit)
    i.USART1_IRQHandler                      0x08002cc8   Section        0  dri_uart1.o(i.USART1_IRQHandler)
    i.USART2_IRQHandler                      0x08002d24   Section        0  dri_uart2.o(i.USART2_IRQHandler)
    i.__0printf                              0x08002d80   Section        0  printfa.o(i.__0printf)
    i.__0sprintf                             0x08002da0   Section        0  printfa.o(i.__0sprintf)
    i.__ARM_fpclassify                       0x08002dc8   Section        0  fpclassify.o(i.__ARM_fpclassify)
    i.__kernel_poly                          0x08002df0   Section        0  poly.o(i.__kernel_poly)
    i.__mathlib_dbl_infnan                   0x08002e9a   Section        0  dunder.o(i.__mathlib_dbl_infnan)
    i.__mathlib_dbl_infnan2                  0x08002ea0   Section        0  dunder.o(i.__mathlib_dbl_infnan2)
    i.__mathlib_dbl_underflow                0x08002ea4   Section        0  dunder.o(i.__mathlib_dbl_underflow)
    i.__scatterload_copy                     0x08002eb4   Section       14  handlers.o(i.__scatterload_copy)
    i.__scatterload_null                     0x08002ec2   Section        2  handlers.o(i.__scatterload_null)
    i.__scatterload_zeroinit                 0x08002ec4   Section       14  handlers.o(i.__scatterload_zeroinit)
    i._fp_digits                             0x08002ed4   Section        0  printfa.o(i._fp_digits)
    _fp_digits                               0x08002ed5   Thumb Code   366  printfa.o(i._fp_digits)
    i._printf_core                           0x08003058   Section        0  printfa.o(i._printf_core)
    _printf_core                             0x08003059   Thumb Code  1744  printfa.o(i._printf_core)
    i._printf_post_padding                   0x08003734   Section        0  printfa.o(i._printf_post_padding)
    _printf_post_padding                     0x08003735   Thumb Code    36  printfa.o(i._printf_post_padding)
    i._printf_pre_padding                    0x08003758   Section        0  printfa.o(i._printf_pre_padding)
    _printf_pre_padding                      0x08003759   Thumb Code    46  printfa.o(i._printf_pre_padding)
    i._sputc                                 0x08003786   Section        0  printfa.o(i._sputc)
    _sputc                                   0x08003787   Thumb Code    10  printfa.o(i._sputc)
    i.atan                                   0x08003790   Section        0  atan.o(i.atan)
    i.atan2                                  0x080039b0   Section        0  atan2.o(i.atan2)
    i.for_delay_ms                           0x08003b30   Section        0  com_delay.o(i.for_delay_ms)
    i.fputc                                  0x08003b4c   Section        0  dri_uart1.o(i.fputc)
    i.main                                   0x08003b5c   Section        0  main.o(i.main)
    i.prvAddCurrentTaskToDelayedList         0x08003b88   Section        0  tasks.o(i.prvAddCurrentTaskToDelayedList)
    prvAddCurrentTaskToDelayedList           0x08003b89   Thumb Code   164  tasks.o(i.prvAddCurrentTaskToDelayedList)
    i.prvAddNewTaskToReadyList               0x08003c48   Section        0  tasks.o(i.prvAddNewTaskToReadyList)
    prvAddNewTaskToReadyList                 0x08003c49   Thumb Code   200  tasks.o(i.prvAddNewTaskToReadyList)
    i.prvCheckTasksWaitingTermination        0x08003d2c   Section        0  tasks.o(i.prvCheckTasksWaitingTermination)
    prvCheckTasksWaitingTermination          0x08003d2d   Thumb Code    60  tasks.o(i.prvCheckTasksWaitingTermination)
    i.prvDeleteTCB                           0x08003d74   Section        0  tasks.o(i.prvDeleteTCB)
    prvDeleteTCB                             0x08003d75   Thumb Code    18  tasks.o(i.prvDeleteTCB)
    i.prvHeapInit                            0x08003d88   Section        0  heap_4.o(i.prvHeapInit)
    prvHeapInit                              0x08003d89   Thumb Code    90  heap_4.o(i.prvHeapInit)
    i.prvIdleTask                            0x08003df8   Section        0  tasks.o(i.prvIdleTask)
    prvIdleTask                              0x08003df9   Thumb Code    32  tasks.o(i.prvIdleTask)
    i.prvInitialiseNewTask                   0x08003e20   Section        0  tasks.o(i.prvInitialiseNewTask)
    prvInitialiseNewTask                     0x08003e21   Thumb Code   122  tasks.o(i.prvInitialiseNewTask)
    i.prvInitialiseTaskLists                 0x08003e9c   Section        0  tasks.o(i.prvInitialiseTaskLists)
    prvInitialiseTaskLists                   0x08003e9d   Thumb Code    70  tasks.o(i.prvInitialiseTaskLists)
    i.prvInsertBlockIntoFreeList             0x08003f04   Section        0  heap_4.o(i.prvInsertBlockIntoFreeList)
    prvInsertBlockIntoFreeList               0x08003f05   Thumb Code    96  heap_4.o(i.prvInsertBlockIntoFreeList)
    i.prvResetNextTaskUnblockTime            0x08003f6c   Section        0  tasks.o(i.prvResetNextTaskUnblockTime)
    prvResetNextTaskUnblockTime              0x08003f6d   Thumb Code    40  tasks.o(i.prvResetNextTaskUnblockTime)
    i.prvTaskExitError                       0x08003f9c   Section        0  port.o(i.prvTaskExitError)
    prvTaskExitError                         0x08003f9d   Thumb Code    22  port.o(i.prvTaskExitError)
    i.pvPortMalloc                           0x08003fb4   Section        0  heap_4.o(i.pvPortMalloc)
    i.pxPortInitialiseStack                  0x08004098   Section        0  port.o(i.pxPortInitialiseStack)
    i.ulTaskGenericNotifyTake                0x080040bc   Section        0  tasks.o(i.ulTaskGenericNotifyTake)
    i.uxListRemove                           0x08004144   Section        0  list.o(i.uxListRemove)
    i.vListInitialise                        0x0800416c   Section        0  list.o(i.vListInitialise)
    i.vListInitialiseItem                    0x08004186   Section        0  list.o(i.vListInitialiseItem)
    i.vListInsert                            0x0800418c   Section        0  list.o(i.vListInsert)
    i.vListInsertEnd                         0x080041c0   Section        0  list.o(i.vListInsertEnd)
    i.vPortEnterCritical                     0x080041d8   Section        0  port.o(i.vPortEnterCritical)
    i.vPortExitCritical                      0x080041fc   Section        0  port.o(i.vPortExitCritical)
    i.vPortFree                              0x0800421c   Section        0  heap_4.o(i.vPortFree)
    i.vPortSetupTimerInterrupt               0x08004268   Section        0  port.o(i.vPortSetupTimerInterrupt)
    i.vTaskDelete                            0x08004280   Section        0  tasks.o(i.vTaskDelete)
    i.vTaskStartScheduler                    0x08004354   Section        0  tasks.o(i.vTaskStartScheduler)
    i.vTaskSuspendAll                        0x080043c0   Section        0  tasks.o(i.vTaskSuspendAll)
    i.vTaskSwitchContext                     0x080043d0   Section        0  tasks.o(i.vTaskSwitchContext)
    i.xPortStartScheduler                    0x08004430   Section        0  port.o(i.xPortStartScheduler)
    i.xPortSysTickHandler                    0x08004464   Section        0  port.o(i.xPortSysTickHandler)
    i.xTaskCreate                            0x08004498   Section        0  tasks.o(i.xTaskCreate)
    i.xTaskDelayUntil                        0x08004500   Section        0  tasks.o(i.xTaskDelayUntil)
    i.xTaskGenericNotify                     0x08004574   Section        0  tasks.o(i.xTaskGenericNotify)
    i.xTaskGetSchedulerState                 0x080046c0   Section        0  tasks.o(i.xTaskGetSchedulerState)
    i.xTaskGetTickCount                      0x080046e0   Section        0  tasks.o(i.xTaskGetTickCount)
    i.xTaskIncrementTick                     0x080046ec   Section        0  tasks.o(i.xTaskIncrementTick)
    i.xTaskResumeAll                         0x0800487c   Section        0  tasks.o(i.xTaskResumeAll)
    .constdata                               0x080049d8   Section     7696  int_oled.o(.constdata)
    .constdata                               0x080067e8   Section      152  atan.o(.constdata)
    atanhi                                   0x080067e8   Data          32  atan.o(.constdata)
    atanlo                                   0x08006808   Data          32  atan.o(.constdata)
    aTodd                                    0x08006828   Data          40  atan.o(.constdata)
    aTeven                                   0x08006850   Data          48  atan.o(.constdata)
    .constdata                               0x08006880   Section        8  qnan.o(.constdata)
    .data                                    0x20000000   Section        1  dri_uart1.o(.data)
    size                                     0x20000000   Data           1  dri_uart1.o(.data)
    .data                                    0x20000001   Section        1  dri_uart2.o(.data)
    size                                     0x20000001   Data           1  dri_uart2.o(.data)
    .data                                    0x20000004   Section       16  app_task.o(.data)
    .data                                    0x20000014   Section       68  app_car.o(.data)
    hallLeft                                 0x20000014   Data           2  app_car.o(.data)
    hallRight                                0x20000016   Data           2  app_car.o(.data)
    kalmanAngle                              0x20000018   Data           4  app_car.o(.data)
    angularVelocityY                         0x2000001c   Data           4  app_car.o(.data)
    angularVelocityZ                         0x20000020   Data           4  app_car.o(.data)
    cnt                                      0x20000024   Data           1  app_car.o(.data)
    batVoltage                               0x20000028   Data           4  app_car.o(.data)
    accelX                                   0x2000002e   Data           2  app_car.o(.data)
    accelY                                   0x20000030   Data           2  app_car.o(.data)
    accelZ                                   0x20000032   Data           2  app_car.o(.data)
    gyroX                                    0x20000034   Data           2  app_car.o(.data)
    gyroY                                    0x20000036   Data           2  app_car.o(.data)
    gyroZ                                    0x20000038   Data           2  app_car.o(.data)
    pwma                                     0x2000003c   Data           4  app_car.o(.data)
    pwmb                                     0x20000040   Data           4  app_car.o(.data)
    balanceOut                               0x20000044   Data           4  app_car.o(.data)
    velocityOut                              0x20000048   Data           4  app_car.o(.data)
    turnOut                                  0x2000004c   Data           4  app_car.o(.data)
    cmdDisplacement                          0x20000050   Data           4  app_car.o(.data)
    cmdTurn                                  0x20000054   Data           4  app_car.o(.data)
    .data                                    0x20000058   Section       84  com_kalmanfilter.o(.data)
    .data                                    0x200000ac   Section       16  com_pid.o(.data)
    error                                    0x200000ac   Data           4  com_pid.o(.data)
    integralError                            0x200000b0   Data           4  com_pid.o(.data)
    lastError                                0x200000b4   Data           4  com_pid.o(.data)
    error                                    0x200000b8   Data           4  com_pid.o(.data)
    .data                                    0x200000bc   Section       64  tasks.o(.data)
    pxDelayedTaskList                        0x200000c0   Data           4  tasks.o(.data)
    pxOverflowDelayedTaskList                0x200000c4   Data           4  tasks.o(.data)
    uxDeletedTasksWaitingCleanUp             0x200000c8   Data           4  tasks.o(.data)
    uxCurrentNumberOfTasks                   0x200000cc   Data           4  tasks.o(.data)
    xTickCount                               0x200000d0   Data           4  tasks.o(.data)
    uxTopReadyPriority                       0x200000d4   Data           4  tasks.o(.data)
    xSchedulerRunning                        0x200000d8   Data           4  tasks.o(.data)
    xPendedTicks                             0x200000dc   Data           4  tasks.o(.data)
    xYieldPending                            0x200000e0   Data           4  tasks.o(.data)
    xNumOfOverflows                          0x200000e4   Data           4  tasks.o(.data)
    uxTaskNumber                             0x200000e8   Data           4  tasks.o(.data)
    xNextTaskUnblockTime                     0x200000ec   Data           4  tasks.o(.data)
    xIdleTaskHandle                          0x200000f0   Data           4  tasks.o(.data)
    uxSchedulerSuspended                     0x200000f8   Data           4  tasks.o(.data)
    .data                                    0x200000fc   Section       28  heap_4.o(.data)
    xStart                                   0x200000fc   Data           8  heap_4.o(.data)
    pxEnd                                    0x20000104   Data           4  heap_4.o(.data)
    xFreeBytesRemaining                      0x20000108   Data           4  heap_4.o(.data)
    xMinimumEverFreeBytesRemaining           0x2000010c   Data           4  heap_4.o(.data)
    xNumberOfSuccessfulAllocations           0x20000110   Data           4  heap_4.o(.data)
    xNumberOfSuccessfulFrees                 0x20000114   Data           4  heap_4.o(.data)
    .data                                    0x20000118   Section        4  port.o(.data)
    uxCriticalNesting                        0x20000118   Data           4  port.o(.data)
    .data                                    0x2000011c   Section        4  stdout.o(.data)
    .bss                                     0x20000120   Section      100  dri_uart1.o(.bss)
    buffer                                   0x20000120   Data         100  dri_uart1.o(.bss)
    .bss                                     0x20000184   Section      100  dri_uart2.o(.bss)
    buffer                                   0x20000184   Data         100  dri_uart2.o(.bss)
    .bss                                     0x200001e8   Section     1152  int_oled.o(.bss)
    .bss                                     0x20000668   Section       68  app_car.o(.bss)
    batInfo                                  0x20000668   Data          17  app_car.o(.bss)
    hallLeftInfo                             0x20000679   Data          17  app_car.o(.bss)
    hallRightInfo                            0x2000068a   Data          17  app_car.o(.bss)
    angleInfo                                0x2000069b   Data          17  app_car.o(.bss)
    .bss                                     0x200006ac   Section       16  com_kalmanfilter.o(.bss)
    .bss                                     0x200006bc   Section      740  tasks.o(.bss)
    pxReadyTasksLists                        0x200006bc   Data         640  tasks.o(.bss)
    xDelayedTaskList1                        0x2000093c   Data          20  tasks.o(.bss)
    xDelayedTaskList2                        0x20000950   Data          20  tasks.o(.bss)
    xPendingReadyList                        0x20000964   Data          20  tasks.o(.bss)
    xTasksWaitingTermination                 0x20000978   Data          20  tasks.o(.bss)
    xSuspendedTaskList                       0x2000098c   Data          20  tasks.o(.bss)
    .bss                                     0x200009a0   Section    15360  heap_4.o(.bss)
    ucHeap                                   0x200009a0   Data       15360  heap_4.o(.bss)
    STACK                                    0x200045a0   Section     1024  startup_stm32f10x_md.o(STACK)

    Global Symbols

    Symbol Name                              Value     Ov Type        Size  Object(Section)

    BuildAttributes$$THM_ISAv4$P$D$K$B$S$PE$A:L22UL41UL21$X:L11$S22US41US21$IEEE1$IW$USESV6$~STKCKD$USESV7$~SHL$OTIME$ROPI$IEEEX$EBA8$MICROLIB$REQ8$PRES8$EABIv2 0x00000000   Number         0  anon$$obj.o ABSOLUTE
    __ARM_use_no_argv                        0x00000000   Number         0  main.o ABSOLUTE
    _printf_a                                0x00000000   Number         0  stubs.o ABSOLUTE
    _printf_c                                0x00000000   Number         0  stubs.o ABSOLUTE
    _printf_charcount                        0x00000000   Number         0  stubs.o ABSOLUTE
    _printf_d                                0x00000000   Number         0  stubs.o ABSOLUTE
    _printf_e                                0x00000000   Number         0  stubs.o ABSOLUTE
    _printf_f                                0x00000000   Number         0  stubs.o ABSOLUTE
    _printf_flags                            0x00000000   Number         0  stubs.o ABSOLUTE
    _printf_fp_dec                           0x00000000   Number         0  stubs.o ABSOLUTE
    _printf_fp_hex                           0x00000000   Number         0  stubs.o ABSOLUTE
    _printf_g                                0x00000000   Number         0  stubs.o ABSOLUTE
    _printf_i                                0x00000000   Number         0  stubs.o ABSOLUTE
    _printf_int_dec                          0x00000000   Number         0  stubs.o ABSOLUTE
    _printf_l                                0x00000000   Number         0  stubs.o ABSOLUTE
    _printf_lc                               0x00000000   Number         0  stubs.o ABSOLUTE
    _printf_ll                               0x00000000   Number         0  stubs.o ABSOLUTE
    _printf_lld                              0x00000000   Number         0  stubs.o ABSOLUTE
    _printf_lli                              0x00000000   Number         0  stubs.o ABSOLUTE
    _printf_llo                              0x00000000   Number         0  stubs.o ABSOLUTE
    _printf_llu                              0x00000000   Number         0  stubs.o ABSOLUTE
    _printf_llx                              0x00000000   Number         0  stubs.o ABSOLUTE
    _printf_longlong_dec                     0x00000000   Number         0  stubs.o ABSOLUTE
    _printf_longlong_hex                     0x00000000   Number         0  stubs.o ABSOLUTE
    _printf_longlong_oct                     0x00000000   Number         0  stubs.o ABSOLUTE
    _printf_ls                               0x00000000   Number         0  stubs.o ABSOLUTE
    _printf_mbtowc                           0x00000000   Number         0  stubs.o ABSOLUTE
    _printf_n                                0x00000000   Number         0  stubs.o ABSOLUTE
    _printf_o                                0x00000000   Number         0  stubs.o ABSOLUTE
    _printf_p                                0x00000000   Number         0  stubs.o ABSOLUTE
    _printf_percent                          0x00000000   Number         0  stubs.o ABSOLUTE
    _printf_pre_padding                      0x00000000   Number         0  stubs.o ABSOLUTE
    _printf_return_value                     0x00000000   Number         0  stubs.o ABSOLUTE
    _printf_s                                0x00000000   Number         0  stubs.o ABSOLUTE
    _printf_sizespec                         0x00000000   Number         0  stubs.o ABSOLUTE
    _printf_str                              0x00000000   Number         0  stubs.o ABSOLUTE
    _printf_truncate_signed                  0x00000000   Number         0  stubs.o ABSOLUTE
    _printf_truncate_unsigned                0x00000000   Number         0  stubs.o ABSOLUTE
    _printf_u                                0x00000000   Number         0  stubs.o ABSOLUTE
    _printf_wc                               0x00000000   Number         0  stubs.o ABSOLUTE
    _printf_wctomb                           0x00000000   Number         0  stubs.o ABSOLUTE
    _printf_widthprec                        0x00000000   Number         0  stubs.o ABSOLUTE
    _printf_x                                0x00000000   Number         0  stubs.o ABSOLUTE
    __cpp_initialize__aeabi_                  - Undefined Weak Reference
    __cxa_finalize                            - Undefined Weak Reference
    __decompress                              - Undefined Weak Reference
    _clock_init                               - Undefined Weak Reference
    _microlib_exit                            - Undefined Weak Reference
    __Vectors_Size                           0x000000ec   Number         0  startup_stm32f10x_md.o ABSOLUTE
    __Vectors                                0x08000000   Data           4  startup_stm32f10x_md.o(RESET)
    __Vectors_End                            0x080000ec   Data           0  startup_stm32f10x_md.o(RESET)
    __main                                   0x080000ed   Thumb Code     0  entry.o(.ARM.Collect$$$$00000000)
    _main_stk                                0x080000ed   Thumb Code     0  entry2.o(.ARM.Collect$$$$00000001)
    _main_scatterload                        0x080000f1   Thumb Code     0  entry5.o(.ARM.Collect$$$$00000004)
    __main_after_scatterload                 0x080000f5   Thumb Code     0  entry5.o(.ARM.Collect$$$$00000004)
    _main_clock                              0x080000f5   Thumb Code     0  entry7b.o(.ARM.Collect$$$$00000008)
    _main_cpp_init                           0x080000f5   Thumb Code     0  entry8b.o(.ARM.Collect$$$$0000000A)
    _main_init                               0x080000f5   Thumb Code     0  entry9a.o(.ARM.Collect$$$$0000000B)
    __rt_final_cpp                           0x080000fd   Thumb Code     0  entry10a.o(.ARM.Collect$$$$0000000D)
    __rt_final_exit                          0x080000fd   Thumb Code     0  entry11a.o(.ARM.Collect$$$$0000000F)
    SVC_Handler                              0x08000101   Thumb Code    32  port.o(.emb_text)
    __asm___6_port_c_39a90d8d__prvStartFirstTask 0x08000125   Thumb Code    28  port.o(.emb_text)
    PendSV_Handler                           0x08000145   Thumb Code    72  port.o(.emb_text)
    vPortGetIPSR                             0x08000191   Thumb Code     6  port.o(.emb_text)
    Reset_Handler                            0x08000199   Thumb Code     8  startup_stm32f10x_md.o(.text)
    NMI_Handler                              0x080001a1   Thumb Code     2  startup_stm32f10x_md.o(.text)
    HardFault_Handler                        0x080001a3   Thumb Code     2  startup_stm32f10x_md.o(.text)
    MemManage_Handler                        0x080001a5   Thumb Code     2  startup_stm32f10x_md.o(.text)
    BusFault_Handler                         0x080001a7   Thumb Code     2  startup_stm32f10x_md.o(.text)
    UsageFault_Handler                       0x080001a9   Thumb Code     2  startup_stm32f10x_md.o(.text)
    DebugMon_Handler                         0x080001ad   Thumb Code     2  startup_stm32f10x_md.o(.text)
    ADC1_2_IRQHandler                        0x080001b3   Thumb Code     0  startup_stm32f10x_md.o(.text)
    CAN1_RX1_IRQHandler                      0x080001b3   Thumb Code     0  startup_stm32f10x_md.o(.text)
    CAN1_SCE_IRQHandler                      0x080001b3   Thumb Code     0  startup_stm32f10x_md.o(.text)
    DMA1_Channel1_IRQHandler                 0x080001b3   Thumb Code     0  startup_stm32f10x_md.o(.text)
    DMA1_Channel2_IRQHandler                 0x080001b3   Thumb Code     0  startup_stm32f10x_md.o(.text)
    DMA1_Channel3_IRQHandler                 0x080001b3   Thumb Code     0  startup_stm32f10x_md.o(.text)
    DMA1_Channel4_IRQHandler                 0x080001b3   Thumb Code     0  startup_stm32f10x_md.o(.text)
    DMA1_Channel5_IRQHandler                 0x080001b3   Thumb Code     0  startup_stm32f10x_md.o(.text)
    DMA1_Channel6_IRQHandler                 0x080001b3   Thumb Code     0  startup_stm32f10x_md.o(.text)
    DMA1_Channel7_IRQHandler                 0x080001b3   Thumb Code     0  startup_stm32f10x_md.o(.text)
    EXTI0_IRQHandler                         0x080001b3   Thumb Code     0  startup_stm32f10x_md.o(.text)
    EXTI15_10_IRQHandler                     0x080001b3   Thumb Code     0  startup_stm32f10x_md.o(.text)
    EXTI1_IRQHandler                         0x080001b3   Thumb Code     0  startup_stm32f10x_md.o(.text)
    EXTI2_IRQHandler                         0x080001b3   Thumb Code     0  startup_stm32f10x_md.o(.text)
    EXTI3_IRQHandler                         0x080001b3   Thumb Code     0  startup_stm32f10x_md.o(.text)
    EXTI4_IRQHandler                         0x080001b3   Thumb Code     0  startup_stm32f10x_md.o(.text)
    EXTI9_5_IRQHandler                       0x080001b3   Thumb Code     0  startup_stm32f10x_md.o(.text)
    FLASH_IRQHandler                         0x080001b3   Thumb Code     0  startup_stm32f10x_md.o(.text)
    I2C1_ER_IRQHandler                       0x080001b3   Thumb Code     0  startup_stm32f10x_md.o(.text)
    I2C1_EV_IRQHandler                       0x080001b3   Thumb Code     0  startup_stm32f10x_md.o(.text)
    I2C2_ER_IRQHandler                       0x080001b3   Thumb Code     0  startup_stm32f10x_md.o(.text)
    I2C2_EV_IRQHandler                       0x080001b3   Thumb Code     0  startup_stm32f10x_md.o(.text)
    PVD_IRQHandler                           0x080001b3   Thumb Code     0  startup_stm32f10x_md.o(.text)
    RCC_IRQHandler                           0x080001b3   Thumb Code     0  startup_stm32f10x_md.o(.text)
    RTCAlarm_IRQHandler                      0x080001b3   Thumb Code     0  startup_stm32f10x_md.o(.text)
    RTC_IRQHandler                           0x080001b3   Thumb Code     0  startup_stm32f10x_md.o(.text)
    SPI1_IRQHandler                          0x080001b3   Thumb Code     0  startup_stm32f10x_md.o(.text)
    SPI2_IRQHandler                          0x080001b3   Thumb Code     0  startup_stm32f10x_md.o(.text)
    TAMPER_IRQHandler                        0x080001b3   Thumb Code     0  startup_stm32f10x_md.o(.text)
    TIM1_BRK_IRQHandler                      0x080001b3   Thumb Code     0  startup_stm32f10x_md.o(.text)
    TIM1_CC_IRQHandler                       0x080001b3   Thumb Code     0  startup_stm32f10x_md.o(.text)
    TIM1_TRG_COM_IRQHandler                  0x080001b3   Thumb Code     0  startup_stm32f10x_md.o(.text)
    TIM1_UP_IRQHandler                       0x080001b3   Thumb Code     0  startup_stm32f10x_md.o(.text)
    TIM2_IRQHandler                          0x080001b3   Thumb Code     0  startup_stm32f10x_md.o(.text)
    TIM3_IRQHandler                          0x080001b3   Thumb Code     0  startup_stm32f10x_md.o(.text)
    TIM4_IRQHandler                          0x080001b3   Thumb Code     0  startup_stm32f10x_md.o(.text)
    USART3_IRQHandler                        0x080001b3   Thumb Code     0  startup_stm32f10x_md.o(.text)
    USBWakeUp_IRQHandler                     0x080001b3   Thumb Code     0  startup_stm32f10x_md.o(.text)
    USB_HP_CAN1_TX_IRQHandler                0x080001b3   Thumb Code     0  startup_stm32f10x_md.o(.text)
    USB_LP_CAN1_RX0_IRQHandler               0x080001b3   Thumb Code     0  startup_stm32f10x_md.o(.text)
    WWDG_IRQHandler                          0x080001b3   Thumb Code     0  startup_stm32f10x_md.o(.text)
    __aeabi_memset                           0x080001bd   Thumb Code    14  memseta.o(.text)
    __aeabi_memset4                          0x080001bd   Thumb Code     0  memseta.o(.text)
    __aeabi_memset8                          0x080001bd   Thumb Code     0  memseta.o(.text)
    __aeabi_memclr                           0x080001cb   Thumb Code     4  memseta.o(.text)
    __aeabi_memclr4                          0x080001cb   Thumb Code     0  memseta.o(.text)
    __aeabi_memclr8                          0x080001cb   Thumb Code     0  memseta.o(.text)
    _memset$wrapper                          0x080001cf   Thumb Code    18  memseta.o(.text)
    strrchr                                  0x080001e1   Thumb Code    32  strrchr.o(.text)
    __aeabi_fadd                             0x08000201   Thumb Code   164  fadd.o(.text)
    __aeabi_fsub                             0x080002a5   Thumb Code     6  fadd.o(.text)
    __aeabi_frsub                            0x080002ab   Thumb Code     6  fadd.o(.text)
    __aeabi_fmul                             0x080002b1   Thumb Code   100  fmul.o(.text)
    __aeabi_fdiv                             0x08000315   Thumb Code   124  fdiv.o(.text)
    __aeabi_dadd                             0x08000391   Thumb Code   322  dadd.o(.text)
    __aeabi_dsub                             0x080004d3   Thumb Code     6  dadd.o(.text)
    __aeabi_drsub                            0x080004d9   Thumb Code     6  dadd.o(.text)
    __aeabi_dmul                             0x080004df   Thumb Code   228  dmul.o(.text)
    __aeabi_ddiv                             0x080005c3   Thumb Code   222  ddiv.o(.text)
    __aeabi_i2f                              0x080006a1   Thumb Code    18  fflti.o(.text)
    __aeabi_ui2f                             0x080006b3   Thumb Code    10  ffltui.o(.text)
    __aeabi_i2d                              0x080006bd   Thumb Code    34  dflti.o(.text)
    __aeabi_ui2d                             0x080006df   Thumb Code    26  dfltui.o(.text)
    __aeabi_f2iz                             0x080006f9   Thumb Code    50  ffixi.o(.text)
    __aeabi_f2d                              0x0800072b   Thumb Code    38  f2d.o(.text)
    __aeabi_d2f                              0x08000751   Thumb Code    56  d2f.o(.text)
    __aeabi_cfcmpeq                          0x08000789   Thumb Code     0  cfcmple.o(.text)
    __aeabi_cfcmple                          0x08000789   Thumb Code    20  cfcmple.o(.text)
    __aeabi_cfrcmple                         0x0800079d   Thumb Code    20  cfrcmple.o(.text)
    __aeabi_uidiv                            0x080007b1   Thumb Code     0  uidiv.o(.text)
    __aeabi_uidivmod                         0x080007b1   Thumb Code    44  uidiv.o(.text)
    __aeabi_uldivmod                         0x080007dd   Thumb Code    98  uldiv.o(.text)
    __aeabi_llsl                             0x0800083f   Thumb Code    30  llshl.o(.text)
    _ll_shift_l                              0x0800083f   Thumb Code     0  llshl.o(.text)
    __aeabi_lasr                             0x0800085d   Thumb Code    36  llsshr.o(.text)
    _ll_sshift_r                             0x0800085d   Thumb Code     0  llsshr.o(.text)
    __I$use$fp                               0x08000881   Thumb Code     0  iusefp.o(.text)
    _float_round                             0x08000881   Thumb Code    18  fepilogue.o(.text)
    _float_epilogue                          0x08000893   Thumb Code    92  fepilogue.o(.text)
    _double_round                            0x080008ef   Thumb Code    30  depilogue.o(.text)
    _double_epilogue                         0x0800090d   Thumb Code   156  depilogue.o(.text)
    __aeabi_d2ulz                            0x080009a9   Thumb Code    48  dfixul.o(.text)
    __aeabi_cdrcmple                         0x080009d9   Thumb Code    48  cdrcmple.o(.text)
    __scatterload                            0x08000a09   Thumb Code    28  init.o(.text)
    __scatterload_rt2                        0x08000a09   Thumb Code     0  init.o(.text)
    __aeabi_llsr                             0x08000a2d   Thumb Code    32  llushr.o(.text)
    _ll_ushift_r                             0x08000a2d   Thumb Code     0  llushr.o(.text)
    __ARM_scalbn                             0x08000a4d   Thumb Code    46  dscalb.o(.text)
    scalbn                                   0x08000a4d   Thumb Code     0  dscalb.o(.text)
    App_Car_Control                          0x08000a7d   Thumb Code   274  app_car.o(i.App_Car_Control)
    App_Car_Init                             0x08000bd9   Thumb Code    84  app_car.o(i.App_Car_Init)
    App_Car_OLED                             0x08000c71   Thumb Code   180  app_car.o(i.App_Car_OLED)
    App_Car_ReadSensor                       0x08000d7d   Thumb Code   198  app_car.o(i.App_Car_ReadSensor)
    App_Task_Balance                         0x08000e85   Thumb Code    36  app_task.o(i.App_Task_Balance)
    App_Task_Display                         0x08000ea9   Thumb Code    28  app_task.o(i.App_Task_Display)
    App_Task_ReadSensor                      0x08000ec5   Thumb Code    42  app_task.o(i.App_Task_ReadSensor)
    App_Task_Start                           0x08000ef5   Thumb Code    80  app_task.o(i.App_Task_Start)
    Com_KalmanFilter                         0x08000f81   Thumb Code   558  com_kalmanfilter.o(i.Com_KalmanFilter)
    Com_PID_Balance                          0x080011f9   Thumb Code    66  com_pid.o(i.Com_PID_Balance)
    Com_PID_Turn                             0x08001241   Thumb Code    22  com_pid.o(i.Com_PID_Turn)
    Com_PID_Velocity                         0x08001259   Thumb Code   214  com_pid.o(i.Com_PID_Velocity)
    Dri_ADC1_Init                            0x08001351   Thumb Code   270  dri_adc1.o(i.Dri_ADC1_Init)
    Dri_ADC1_ReadVoltage                     0x0800146d   Thumb Code    94  dri_adc1.o(i.Dri_ADC1_ReadVoltage)
    Dri_I2C_DisableAutoAck                   0x080014dd   Thumb Code    14  dri_i2c.o(i.Dri_I2C_DisableAutoAck)
    Dri_I2C_EnableAutoAck                    0x080014f1   Thumb Code    14  dri_i2c.o(i.Dri_I2C_EnableAutoAck)
    Dri_I2C_EnableStop                       0x08001505   Thumb Code    14  dri_i2c.o(i.Dri_I2C_EnableStop)
    Dri_I2C_Init                             0x08001519   Thumb Code   130  dri_i2c.o(i.Dri_I2C_Init)
    Dri_I2C_ReceiveByte                      0x080015a9   Thumb Code    94  dri_i2c.o(i.Dri_I2C_ReceiveByte)
    Dri_I2C_SendAddr                         0x08001671   Thumb Code   100  dri_i2c.o(i.Dri_I2C_SendAddr)
    Dri_I2C_SendByte                         0x0800172d   Thumb Code   176  dri_i2c.o(i.Dri_I2C_SendByte)
    Dri_I2C_Start                            0x08001871   Thumb Code   100  dri_i2c.o(i.Dri_I2C_Start)
    Dri_I2C_Stop4Send                        0x0800192d   Thumb Code   100  dri_i2c.o(i.Dri_I2C_Stop4Send)
    Dri_SPI_Init                             0x080019e9   Thumb Code   102  dri_spi.o(i.Dri_SPI_Init)
    Dri_SPI_WriteByte                        0x08001a59   Thumb Code    96  dri_spi.o(i.Dri_SPI_WriteByte)
    Dri_TIM2_3_Init                          0x08001abd   Thumb Code   376  dri_tim.o(i.Dri_TIM2_3_Init)
    Dri_TIM4_Init                            0x08001c55   Thumb Code   288  dri_tim.o(i.Dri_TIM4_Init)
    Dri_UART1_Init                           0x08001d81   Thumb Code   276  dri_uart1.o(i.Dri_UART1_Init)
    Dri_UART1_ReceiveCallback                0x08001ead   Thumb Code    70  app_car.o(i.Dri_UART1_ReceiveCallback)
    Dri_UART1_SendByte                       0x08001f3d   Thumb Code    22  dri_uart1.o(i.Dri_UART1_SendByte)
    Dri_UART2_Init                           0x08001f59   Thumb Code   230  dri_uart2.o(i.Dri_UART2_Init)
    Dri_UART2_ReceiveCallback                0x08002055   Thumb Code   194  app_car.o(i.Dri_UART2_ReceiveCallback)
    Dri_UART2_SendByte                       0x08002195   Thumb Code    22  dri_uart2.o(i.Dri_UART2_SendByte)
    Dri_UART2_SendBytes                      0x080021b1   Thumb Code    26  dri_uart2.o(i.Dri_UART2_SendBytes)
    FreeRTOS_Start                           0x080021cd   Thumb Code    32  app_task.o(i.FreeRTOS_Start)
    Int_HallEncoder_Init                     0x08002201   Thumb Code     8  int_hallencoder.o(i.Int_HallEncoder_Init)
    Int_HallEncoder_ReadCounter              0x08002209   Thumb Code    48  int_hallencoder.o(i.Int_HallEncoder_ReadCounter)
    Int_MPU6050_Init                         0x0800223d   Thumb Code   206  int_mpu6050.o(i.Int_MPU6050_Init)
    Int_MPU6050_ReadAccel                    0x08002395   Thumb Code    68  int_mpu6050.o(i.Int_MPU6050_ReadAccel)
    Int_MPU6050_ReadByte                     0x080023d9   Thumb Code    48  int_mpu6050.o(i.Int_MPU6050_ReadByte)
    Int_MPU6050_ReadBytes                    0x08002409   Thumb Code    76  int_mpu6050.o(i.Int_MPU6050_ReadBytes)
    Int_MPU6050_ReadGyro                     0x08002455   Thumb Code    68  int_mpu6050.o(i.Int_MPU6050_ReadGyro)
    Int_MPU6050_SendByte                     0x08002499   Thumb Code    74  int_mpu6050.o(i.Int_MPU6050_SendByte)
    Int_MPU6050_SendBytes                    0x08002545   Thumb Code    52  int_mpu6050.o(i.Int_MPU6050_SendBytes)
    Int_MPU6050_SetSampleRate                0x080025b5   Thumb Code    58  int_mpu6050.o(i.Int_MPU6050_SetSampleRate)
    Int_OLED_Clear                           0x080025f1   Thumb Code    42  int_oled.o(i.Int_OLED_Clear)
    Int_OLED_DrawPoint                       0x08002621   Thumb Code   114  int_oled.o(i.Int_OLED_DrawPoint)
    Int_OLED_Init                            0x08002699   Thumb Code   308  int_oled.o(i.Int_OLED_Init)
    Int_OLED_Refresh                         0x080027d5   Thumb Code    70  int_oled.o(i.Int_OLED_Refresh)
    Int_OLED_ShowChar                        0x08002821   Thumb Code   300  int_oled.o(i.Int_OLED_ShowChar)
    Int_OLED_ShowString                      0x0800295d   Thumb Code    74  int_oled.o(i.Int_OLED_ShowString)
    Int_OLED_WR_Byte                         0x080029a9   Thumb Code    54  int_oled.o(i.Int_OLED_WR_Byte)
    Int_TB6612_Init                          0x080029e5   Thumb Code    90  int_tb6612.o(i.Int_TB6612_Init)
    Int_TB6612_SetPWM                        0x08002b09   Thumb Code    98  int_tb6612.o(i.Int_TB6612_SetPWM)
    SysTick_Handler                          0x08002c59   Thumb Code    16  app_task.o(i.SysTick_Handler)
    SystemInit                               0x08002c69   Thumb Code    78  system_stm32f10x.o(i.SystemInit)
    USART1_IRQHandler                        0x08002cc9   Thumb Code    80  dri_uart1.o(i.USART1_IRQHandler)
    USART2_IRQHandler                        0x08002d25   Thumb Code    80  dri_uart2.o(i.USART2_IRQHandler)
    __0printf                                0x08002d81   Thumb Code    22  printfa.o(i.__0printf)
    __1printf                                0x08002d81   Thumb Code     0  printfa.o(i.__0printf)
    __2printf                                0x08002d81   Thumb Code     0  printfa.o(i.__0printf)
    __c89printf                              0x08002d81   Thumb Code     0  printfa.o(i.__0printf)
    printf                                   0x08002d81   Thumb Code     0  printfa.o(i.__0printf)
    __0sprintf                               0x08002da1   Thumb Code    34  printfa.o(i.__0sprintf)
    __1sprintf                               0x08002da1   Thumb Code     0  printfa.o(i.__0sprintf)
    __2sprintf                               0x08002da1   Thumb Code     0  printfa.o(i.__0sprintf)
    __c89sprintf                             0x08002da1   Thumb Code     0  printfa.o(i.__0sprintf)
    sprintf                                  0x08002da1   Thumb Code     0  printfa.o(i.__0sprintf)
    __ARM_fpclassify                         0x08002dc9   Thumb Code    40  fpclassify.o(i.__ARM_fpclassify)
    __kernel_poly                            0x08002df1   Thumb Code   170  poly.o(i.__kernel_poly)
    __mathlib_dbl_infnan                     0x08002e9b   Thumb Code     6  dunder.o(i.__mathlib_dbl_infnan)
    __mathlib_dbl_infnan2                    0x08002ea1   Thumb Code     4  dunder.o(i.__mathlib_dbl_infnan2)
    __mathlib_dbl_underflow                  0x08002ea5   Thumb Code    10  dunder.o(i.__mathlib_dbl_underflow)
    __scatterload_copy                       0x08002eb5   Thumb Code    14  handlers.o(i.__scatterload_copy)
    __scatterload_null                       0x08002ec3   Thumb Code     2  handlers.o(i.__scatterload_null)
    __scatterload_zeroinit                   0x08002ec5   Thumb Code    14  handlers.o(i.__scatterload_zeroinit)
    atan                                     0x08003791   Thumb Code   474  atan.o(i.atan)
    atan2                                    0x080039b1   Thumb Code   346  atan2.o(i.atan2)
    for_delay_ms                             0x08003b31   Thumb Code    24  com_delay.o(i.for_delay_ms)
    fputc                                    0x08003b4d   Thumb Code    16  dri_uart1.o(i.fputc)
    main                                     0x08003b5d   Thumb Code    36  main.o(i.main)
    pvPortMalloc                             0x08003fb5   Thumb Code   208  heap_4.o(i.pvPortMalloc)
    pxPortInitialiseStack                    0x08004099   Thumb Code    30  port.o(i.pxPortInitialiseStack)
    ulTaskGenericNotifyTake                  0x080040bd   Thumb Code   128  tasks.o(i.ulTaskGenericNotifyTake)
    uxListRemove                             0x08004145   Thumb Code    40  list.o(i.uxListRemove)
    vListInitialise                          0x0800416d   Thumb Code    26  list.o(i.vListInitialise)
    vListInitialiseItem                      0x08004187   Thumb Code     6  list.o(i.vListInitialiseItem)
    vListInsert                              0x0800418d   Thumb Code    52  list.o(i.vListInsert)
    vListInsertEnd                           0x080041c1   Thumb Code    24  list.o(i.vListInsertEnd)
    vPortEnterCritical                       0x080041d9   Thumb Code    30  port.o(i.vPortEnterCritical)
    vPortExitCritical                        0x080041fd   Thumb Code    28  port.o(i.vPortExitCritical)
    vPortFree                                0x0800421d   Thumb Code    68  heap_4.o(i.vPortFree)
    vPortSetupTimerInterrupt                 0x08004269   Thumb Code    20  port.o(i.vPortSetupTimerInterrupt)
    vTaskDelete                              0x08004281   Thumb Code   174  tasks.o(i.vTaskDelete)
    vTaskStartScheduler                      0x08004355   Thumb Code    76  tasks.o(i.vTaskStartScheduler)
    vTaskSuspendAll                          0x080043c1   Thumb Code    12  tasks.o(i.vTaskSuspendAll)
    vTaskSwitchContext                       0x080043d1   Thumb Code    76  tasks.o(i.vTaskSwitchContext)
    xPortStartScheduler                      0x08004431   Thumb Code    42  port.o(i.xPortStartScheduler)
    xPortSysTickHandler                      0x08004465   Thumb Code    46  port.o(i.xPortSysTickHandler)
    xTaskCreate                              0x08004499   Thumb Code   104  tasks.o(i.xTaskCreate)
    xTaskDelayUntil                          0x08004501   Thumb Code   108  tasks.o(i.xTaskDelayUntil)
    xTaskGenericNotify                       0x08004575   Thumb Code   314  tasks.o(i.xTaskGenericNotify)
    xTaskGetSchedulerState                   0x080046c1   Thumb Code    24  tasks.o(i.xTaskGetSchedulerState)
    xTaskGetTickCount                        0x080046e1   Thumb Code     6  tasks.o(i.xTaskGetTickCount)
    xTaskIncrementTick                       0x080046ed   Thumb Code   356  tasks.o(i.xTaskIncrementTick)
    xTaskResumeAll                           0x0800487d   Thumb Code   310  tasks.o(i.xTaskResumeAll)
    asc2_0806                                0x080049d8   Data         552  int_oled.o(.constdata)
    asc2_1206                                0x08004c00   Data        1140  int_oled.o(.constdata)
    asc2_1608                                0x08005074   Data        1520  int_oled.o(.constdata)
    asc2_2412                                0x08005664   Data        3420  int_oled.o(.constdata)
    Hzk1                                     0x080063c0   Data         352  int_oled.o(.constdata)
    Hzk2                                     0x08006520   Data          72  int_oled.o(.constdata)
    Hzk3                                     0x08006568   Data         128  int_oled.o(.constdata)
    Hzk4                                     0x080065e8   Data         512  int_oled.o(.constdata)
    __mathlib_zero                           0x08006880   Data           8  qnan.o(.constdata)
    Region$$Table$$Base                      0x08006888   Number         0  anon$$obj.o(Region$$Table)
    Region$$Table$$Limit                     0x080068a8   Number         0  anon$$obj.o(Region$$Table)
    startTask                                0x20000004   Data           4  app_task.o(.data)
    displayTask                              0x20000008   Data           4  app_task.o(.data)
    sensorTask                               0x2000000c   Data           4  app_task.o(.data)
    balanceTask                              0x20000010   Data           4  app_task.o(.data)
    controlCmd                               0x2000002c   Data           1  app_car.o(.data)
    K1                                       0x20000058   Data           4  com_kalmanfilter.o(.data)
    angle                                    0x2000005c   Data           4  com_kalmanfilter.o(.data)
    angle_dot                                0x20000060   Data           4  com_kalmanfilter.o(.data)
    Q_angle                                  0x20000064   Data           4  com_kalmanfilter.o(.data)
    Q_gyro                                   0x20000068   Data           4  com_kalmanfilter.o(.data)
    R_angle                                  0x2000006c   Data           4  com_kalmanfilter.o(.data)
    dt                                       0x20000070   Data           4  com_kalmanfilter.o(.data)
    C_0                                      0x20000074   Data           1  com_kalmanfilter.o(.data)
    Q_bias                                   0x20000078   Data           4  com_kalmanfilter.o(.data)
    Angle_err                                0x2000007c   Data           4  com_kalmanfilter.o(.data)
    PCt_0                                    0x20000080   Data           4  com_kalmanfilter.o(.data)
    PCt_1                                    0x20000084   Data           4  com_kalmanfilter.o(.data)
    E                                        0x20000088   Data           4  com_kalmanfilter.o(.data)
    K_0                                      0x2000008c   Data           4  com_kalmanfilter.o(.data)
    K_1                                      0x20000090   Data           4  com_kalmanfilter.o(.data)
    t_0                                      0x20000094   Data           4  com_kalmanfilter.o(.data)
    t_1                                      0x20000098   Data           4  com_kalmanfilter.o(.data)
    PP                                       0x2000009c   Data          16  com_kalmanfilter.o(.data)
    pxCurrentTCB                             0x200000bc   Data           4  tasks.o(.data)
    uxTopUsedPriority                        0x200000f4   Data           4  tasks.o(.data)
    __stdout                                 0x2000011c   Data           4  stdout.o(.data)
    OLED_GRAM                                0x200001e8   Data        1152  int_oled.o(.bss)
    Pdot                                     0x200006ac   Data          16  com_kalmanfilter.o(.bss)
    __initial_sp                             0x200049a0   Data           0  startup_stm32f10x_md.o(STACK)



==============================================================================

Memory Map of the image

  Image Entry point : 0x080000ed

  Load Region LR_IROM1 (Base: 0x08000000, Size: 0x000069c8, Max: 0x00010000, ABSOLUTE)

    Execution Region ER_IROM1 (Exec base: 0x08000000, Load base: 0x08000000, Size: 0x000068a8, Max: 0x00010000, ABSOLUTE)

    Exec Addr    Load Addr    Size         Type   Attr      Idx    E Section Name        Object

    0x08000000   0x08000000   0x000000ec   Data   RO           19    RESET               startup_stm32f10x_md.o
    0x080000ec   0x080000ec   0x00000000   Code   RO         1753  * .ARM.Collect$$$$00000000  mc_w.l(entry.o)
    0x080000ec   0x080000ec   0x00000004   Code   RO         2083    .ARM.Collect$$$$00000001  mc_w.l(entry2.o)
    0x080000f0   0x080000f0   0x00000004   Code   RO         2086    .ARM.Collect$$$$00000004  mc_w.l(entry5.o)
    0x080000f4   0x080000f4   0x00000000   Code   RO         2088    .ARM.Collect$$$$00000008  mc_w.l(entry7b.o)
    0x080000f4   0x080000f4   0x00000000   Code   RO         2090    .ARM.Collect$$$$0000000A  mc_w.l(entry8b.o)
    0x080000f4   0x080000f4   0x00000008   Code   RO         2091    .ARM.Collect$$$$0000000B  mc_w.l(entry9a.o)
    0x080000fc   0x080000fc   0x00000000   Code   RO         2093    .ARM.Collect$$$$0000000D  mc_w.l(entry10a.o)
    0x080000fc   0x080000fc   0x00000000   Code   RO         2095    .ARM.Collect$$$$0000000F  mc_w.l(entry11a.o)
    0x080000fc   0x080000fc   0x00000004   Code   RO         2084    .ARM.Collect$$$$00002712  mc_w.l(entry2.o)
    0x08000100   0x08000100   0x00000096   Code   RO         1674    .emb_text           port.o
    0x08000196   0x08000196   0x00000002   PAD
    0x08000198   0x08000198   0x00000024   Code   RO           20    .text               startup_stm32f10x_md.o
    0x080001bc   0x080001bc   0x00000024   Code   RO         1761    .text               mc_w.l(memseta.o)
    0x080001e0   0x080001e0   0x00000020   Code   RO         1763    .text               mc_w.l(strrchr.o)
    0x08000200   0x08000200   0x000000b0   Code   RO         2028    .text               mf_w.l(fadd.o)
    0x080002b0   0x080002b0   0x00000064   Code   RO         2030    .text               mf_w.l(fmul.o)
    0x08000314   0x08000314   0x0000007c   Code   RO         2032    .text               mf_w.l(fdiv.o)
    0x08000390   0x08000390   0x0000014e   Code   RO         2034    .text               mf_w.l(dadd.o)
    0x080004de   0x080004de   0x000000e4   Code   RO         2036    .text               mf_w.l(dmul.o)
    0x080005c2   0x080005c2   0x000000de   Code   RO         2038    .text               mf_w.l(ddiv.o)
    0x080006a0   0x080006a0   0x00000012   Code   RO         2040    .text               mf_w.l(fflti.o)
    0x080006b2   0x080006b2   0x0000000a   Code   RO         2042    .text               mf_w.l(ffltui.o)
    0x080006bc   0x080006bc   0x00000022   Code   RO         2044    .text               mf_w.l(dflti.o)
    0x080006de   0x080006de   0x0000001a   Code   RO         2046    .text               mf_w.l(dfltui.o)
    0x080006f8   0x080006f8   0x00000032   Code   RO         2048    .text               mf_w.l(ffixi.o)
    0x0800072a   0x0800072a   0x00000026   Code   RO         2050    .text               mf_w.l(f2d.o)
    0x08000750   0x08000750   0x00000038   Code   RO         2052    .text               mf_w.l(d2f.o)
    0x08000788   0x08000788   0x00000014   Code   RO         2054    .text               mf_w.l(cfcmple.o)
    0x0800079c   0x0800079c   0x00000014   Code   RO         2056    .text               mf_w.l(cfrcmple.o)
    0x080007b0   0x080007b0   0x0000002c   Code   RO         2097    .text               mc_w.l(uidiv.o)
    0x080007dc   0x080007dc   0x00000062   Code   RO         2099    .text               mc_w.l(uldiv.o)
    0x0800083e   0x0800083e   0x0000001e   Code   RO         2101    .text               mc_w.l(llshl.o)
    0x0800085c   0x0800085c   0x00000024   Code   RO         2103    .text               mc_w.l(llsshr.o)
    0x08000880   0x08000880   0x00000000   Code   RO         2112    .text               mc_w.l(iusefp.o)
    0x08000880   0x08000880   0x0000006e   Code   RO         2113    .text               mf_w.l(fepilogue.o)
    0x080008ee   0x080008ee   0x000000ba   Code   RO         2115    .text               mf_w.l(depilogue.o)
    0x080009a8   0x080009a8   0x00000030   Code   RO         2117    .text               mf_w.l(dfixul.o)
    0x080009d8   0x080009d8   0x00000030   Code   RO         2119    .text               mf_w.l(cdrcmple.o)
    0x08000a08   0x08000a08   0x00000024   Code   RO         2125    .text               mc_w.l(init.o)
    0x08000a2c   0x08000a2c   0x00000020   Code   RO         2127    .text               mc_w.l(llushr.o)
    0x08000a4c   0x08000a4c   0x0000002e   Code   RO         2129    .text               mf_w.l(dscalb.o)
    0x08000a7a   0x08000a7a   0x00000002   PAD
    0x08000a7c   0x08000a7c   0x0000015c   Code   RO          746    i.App_Car_Control   app_car.o
    0x08000bd8   0x08000bd8   0x00000098   Code   RO          747    i.App_Car_Init      app_car.o
    0x08000c70   0x08000c70   0x0000010c   Code   RO          748    i.App_Car_OLED      app_car.o
    0x08000d7c   0x08000d7c   0x00000108   Code   RO          749    i.App_Car_ReadSensor  app_car.o
    0x08000e84   0x08000e84   0x00000024   Code   RO          695    i.App_Task_Balance  app_task.o
    0x08000ea8   0x08000ea8   0x0000001c   Code   RO          696    i.App_Task_Display  app_task.o
    0x08000ec4   0x08000ec4   0x00000030   Code   RO          697    i.App_Task_ReadSensor  app_task.o
    0x08000ef4   0x08000ef4   0x0000008c   Code   RO          698    i.App_Task_Start    app_task.o
    0x08000f80   0x08000f80   0x00000278   Code   RO          849    i.Com_KalmanFilter  com_kalmanfilter.o
    0x080011f8   0x080011f8   0x00000048   Code   RO          868    i.Com_PID_Balance   com_pid.o
    0x08001240   0x08001240   0x00000016   Code   RO          869    i.Com_PID_Turn      com_pid.o
    0x08001256   0x08001256   0x00000002   PAD
    0x08001258   0x08001258   0x000000f8   Code   RO          870    i.Com_PID_Velocity  com_pid.o
    0x08001350   0x08001350   0x0000011c   Code   RO          354    i.Dri_ADC1_Init     dri_adc1.o
    0x0800146c   0x0800146c   0x00000070   Code   RO          355    i.Dri_ADC1_ReadVoltage  dri_adc1.o
    0x080014dc   0x080014dc   0x00000014   Code   RO          278    i.Dri_I2C_DisableAutoAck  dri_i2c.o
    0x080014f0   0x080014f0   0x00000014   Code   RO          279    i.Dri_I2C_EnableAutoAck  dri_i2c.o
    0x08001504   0x08001504   0x00000014   Code   RO          280    i.Dri_I2C_EnableStop  dri_i2c.o
    0x08001518   0x08001518   0x00000090   Code   RO          281    i.Dri_I2C_Init      dri_i2c.o
    0x080015a8   0x080015a8   0x000000c8   Code   RO          282    i.Dri_I2C_ReceiveByte  dri_i2c.o
    0x08001670   0x08001670   0x000000bc   Code   RO          283    i.Dri_I2C_SendAddr  dri_i2c.o
    0x0800172c   0x0800172c   0x00000144   Code   RO          284    i.Dri_I2C_SendByte  dri_i2c.o
    0x08001870   0x08001870   0x000000bc   Code   RO          285    i.Dri_I2C_Start     dri_i2c.o
    0x0800192c   0x0800192c   0x000000bc   Code   RO          286    i.Dri_I2C_Stop4Send  dri_i2c.o
    0x080019e8   0x080019e8   0x00000070   Code   RO          220    i.Dri_SPI_Init      dri_spi.o
    0x08001a58   0x08001a58   0x00000064   Code   RO          223    i.Dri_SPI_WriteByte  dri_spi.o
    0x08001abc   0x08001abc   0x00000198   Code   RO          257    i.Dri_TIM2_3_Init   dri_tim.o
    0x08001c54   0x08001c54   0x0000012c   Code   RO          258    i.Dri_TIM4_Init     dri_tim.o
    0x08001d80   0x08001d80   0x0000012c   Code   RO          164    i.Dri_UART1_Init    dri_uart1.o
    0x08001eac   0x08001eac   0x00000090   Code   RO          750    i.Dri_UART1_ReceiveCallback  app_car.o
    0x08001f3c   0x08001f3c   0x0000001c   Code   RO          166    i.Dri_UART1_SendByte  dri_uart1.o
    0x08001f58   0x08001f58   0x000000fc   Code   RO          379    i.Dri_UART2_Init    dri_uart2.o
    0x08002054   0x08002054   0x00000140   Code   RO          751    i.Dri_UART2_ReceiveCallback  app_car.o
    0x08002194   0x08002194   0x0000001c   Code   RO          381    i.Dri_UART2_SendByte  dri_uart2.o
    0x080021b0   0x080021b0   0x0000001a   Code   RO          382    i.Dri_UART2_SendBytes  dri_uart2.o
    0x080021ca   0x080021ca   0x00000002   PAD
    0x080021cc   0x080021cc   0x00000034   Code   RO          699    i.FreeRTOS_Start    app_task.o
    0x08002200   0x08002200   0x00000008   Code   RO          554    i.Int_HallEncoder_Init  int_hallencoder.o
    0x08002208   0x08002208   0x00000034   Code   RO          555    i.Int_HallEncoder_ReadCounter  int_hallencoder.o
    0x0800223c   0x0800223c   0x00000158   Code   RO          619    i.Int_MPU6050_Init  int_mpu6050.o
    0x08002394   0x08002394   0x00000044   Code   RO          620    i.Int_MPU6050_ReadAccel  int_mpu6050.o
    0x080023d8   0x080023d8   0x00000030   Code   RO          621    i.Int_MPU6050_ReadByte  int_mpu6050.o
    0x08002408   0x08002408   0x0000004c   Code   RO          622    i.Int_MPU6050_ReadBytes  int_mpu6050.o
    0x08002454   0x08002454   0x00000044   Code   RO          623    i.Int_MPU6050_ReadGyro  int_mpu6050.o
    0x08002498   0x08002498   0x000000ac   Code   RO          624    i.Int_MPU6050_SendByte  int_mpu6050.o
    0x08002544   0x08002544   0x00000034   Code   RO          625    i.Int_MPU6050_SendBytes  int_mpu6050.o
    0x08002578   0x08002578   0x0000003c   Code   RO          626    i.Int_MPU6050_SetDLPF  int_mpu6050.o
    0x080025b4   0x080025b4   0x0000003a   Code   RO          627    i.Int_MPU6050_SetSampleRate  int_mpu6050.o
    0x080025ee   0x080025ee   0x00000002   PAD
    0x080025f0   0x080025f0   0x00000030   Code   RO          421    i.Int_OLED_Clear    int_oled.o
    0x08002620   0x08002620   0x00000078   Code   RO          428    i.Int_OLED_DrawPoint  int_oled.o
    0x08002698   0x08002698   0x0000013c   Code   RO          429    i.Int_OLED_Init     int_oled.o
    0x080027d4   0x080027d4   0x0000004c   Code   RO          431    i.Int_OLED_Refresh  int_oled.o
    0x08002820   0x08002820   0x0000013c   Code   RO          433    i.Int_OLED_ShowChar  int_oled.o
    0x0800295c   0x0800295c   0x0000004a   Code   RO          437    i.Int_OLED_ShowString  int_oled.o
    0x080029a6   0x080029a6   0x00000002   PAD
    0x080029a8   0x080029a8   0x0000003c   Code   RO          439    i.Int_OLED_WR_Byte  int_oled.o
    0x080029e4   0x080029e4   0x0000006c   Code   RO          588    i.Int_TB6612_Init   int_tb6612.o
    0x08002a50   0x08002a50   0x0000005c   Code   RO          589    i.Int_TB6612_MotorA  int_tb6612.o
    0x08002aac   0x08002aac   0x0000005c   Code   RO          590    i.Int_TB6612_MotorB  int_tb6612.o
    0x08002b08   0x08002b08   0x00000068   Code   RO          591    i.Int_TB6612_SetPWM  int_tb6612.o
    0x08002b70   0x08002b70   0x00000008   Code   RO           24    i.SetSysClock       system_stm32f10x.o
    0x08002b78   0x08002b78   0x000000e0   Code   RO           25    i.SetSysClockTo72   system_stm32f10x.o
    0x08002c58   0x08002c58   0x00000010   Code   RO          700    i.SysTick_Handler   app_task.o
    0x08002c68   0x08002c68   0x00000060   Code   RO           27    i.SystemInit        system_stm32f10x.o
    0x08002cc8   0x08002cc8   0x0000005c   Code   RO          168    i.USART1_IRQHandler  dri_uart1.o
    0x08002d24   0x08002d24   0x0000005c   Code   RO          383    i.USART2_IRQHandler  dri_uart2.o
    0x08002d80   0x08002d80   0x00000020   Code   RO         2000    i.__0printf         mc_w.l(printfa.o)
    0x08002da0   0x08002da0   0x00000028   Code   RO         2002    i.__0sprintf        mc_w.l(printfa.o)
    0x08002dc8   0x08002dc8   0x00000028   Code   RO         2121    i.__ARM_fpclassify  m_ws.l(fpclassify.o)
    0x08002df0   0x08002df0   0x000000aa   Code   RO         2123    i.__kernel_poly     m_ws.l(poly.o)
    0x08002e9a   0x08002e9a   0x00000006   Code   RO         2069    i.__mathlib_dbl_infnan  m_ws.l(dunder.o)
    0x08002ea0   0x08002ea0   0x00000004   Code   RO         2070    i.__mathlib_dbl_infnan2  m_ws.l(dunder.o)
    0x08002ea4   0x08002ea4   0x00000010   Code   RO         2074    i.__mathlib_dbl_underflow  m_ws.l(dunder.o)
    0x08002eb4   0x08002eb4   0x0000000e   Code   RO         2133    i.__scatterload_copy  mc_w.l(handlers.o)
    0x08002ec2   0x08002ec2   0x00000002   Code   RO         2134    i.__scatterload_null  mc_w.l(handlers.o)
    0x08002ec4   0x08002ec4   0x0000000e   Code   RO         2135    i.__scatterload_zeroinit  mc_w.l(handlers.o)
    0x08002ed2   0x08002ed2   0x00000002   PAD
    0x08002ed4   0x08002ed4   0x00000184   Code   RO         2007    i._fp_digits        mc_w.l(printfa.o)
    0x08003058   0x08003058   0x000006dc   Code   RO         2008    i._printf_core      mc_w.l(printfa.o)
    0x08003734   0x08003734   0x00000024   Code   RO         2009    i._printf_post_padding  mc_w.l(printfa.o)
    0x08003758   0x08003758   0x0000002e   Code   RO         2010    i._printf_pre_padding  mc_w.l(printfa.o)
    0x08003786   0x08003786   0x0000000a   Code   RO         2012    i._sputc            mc_w.l(printfa.o)
    0x08003790   0x08003790   0x00000220   Code   RO         2059    i.atan              m_ws.l(atan.o)
    0x080039b0   0x080039b0   0x00000180   Code   RO         1746    i.atan2             m_ws.l(atan2.o)
    0x08003b30   0x08003b30   0x0000001c   Code   RO          834    i.for_delay_ms      com_delay.o
    0x08003b4c   0x08003b4c   0x00000010   Code   RO          169    i.fputc             dri_uart1.o
    0x08003b5c   0x08003b5c   0x0000002c   Code   RO           65    i.main              main.o
    0x08003b88   0x08003b88   0x000000c0   Code   RO         1304    i.prvAddCurrentTaskToDelayedList  tasks.o
    0x08003c48   0x08003c48   0x000000e4   Code   RO         1305    i.prvAddNewTaskToReadyList  tasks.o
    0x08003d2c   0x08003d2c   0x00000048   Code   RO         1306    i.prvCheckTasksWaitingTermination  tasks.o
    0x08003d74   0x08003d74   0x00000012   Code   RO         1307    i.prvDeleteTCB      tasks.o
    0x08003d86   0x08003d86   0x00000002   PAD
    0x08003d88   0x08003d88   0x00000070   Code   RO         1613    i.prvHeapInit       heap_4.o
    0x08003df8   0x08003df8   0x00000028   Code   RO         1308    i.prvIdleTask       tasks.o
    0x08003e20   0x08003e20   0x0000007a   Code   RO         1309    i.prvInitialiseNewTask  tasks.o
    0x08003e9a   0x08003e9a   0x00000002   PAD
    0x08003e9c   0x08003e9c   0x00000068   Code   RO         1310    i.prvInitialiseTaskLists  tasks.o
    0x08003f04   0x08003f04   0x00000068   Code   RO         1614    i.prvInsertBlockIntoFreeList  heap_4.o
    0x08003f6c   0x08003f6c   0x00000030   Code   RO         1311    i.prvResetNextTaskUnblockTime  tasks.o
    0x08003f9c   0x08003f9c   0x00000016   Code   RO         1675    i.prvTaskExitError  port.o
    0x08003fb2   0x08003fb2   0x00000002   PAD
    0x08003fb4   0x08003fb4   0x000000e4   Code   RO         1616    i.pvPortMalloc      heap_4.o
    0x08004098   0x08004098   0x00000024   Code   RO         1676    i.pxPortInitialiseStack  port.o
    0x080040bc   0x080040bc   0x00000088   Code   RO         1313    i.ulTaskGenericNotifyTake  tasks.o
    0x08004144   0x08004144   0x00000028   Code   RO          991    i.uxListRemove      list.o
    0x0800416c   0x0800416c   0x0000001a   Code   RO          992    i.vListInitialise   list.o
    0x08004186   0x08004186   0x00000006   Code   RO          993    i.vListInitialiseItem  list.o
    0x0800418c   0x0800418c   0x00000034   Code   RO          994    i.vListInsert       list.o
    0x080041c0   0x080041c0   0x00000018   Code   RO          995    i.vListInsertEnd    list.o
    0x080041d8   0x080041d8   0x00000024   Code   RO         1678    i.vPortEnterCritical  port.o
    0x080041fc   0x080041fc   0x00000020   Code   RO         1679    i.vPortExitCritical  port.o
    0x0800421c   0x0800421c   0x0000004c   Code   RO         1617    i.vPortFree         heap_4.o
    0x08004268   0x08004268   0x00000018   Code   RO         1680    i.vPortSetupTimerInterrupt  port.o
    0x08004280   0x08004280   0x000000d4   Code   RO         1320    i.vTaskDelete       tasks.o
    0x08004354   0x08004354   0x0000006c   Code   RO         1331    i.vTaskStartScheduler  tasks.o
    0x080043c0   0x080043c0   0x00000010   Code   RO         1333    i.vTaskSuspendAll   tasks.o
    0x080043d0   0x080043d0   0x00000060   Code   RO         1334    i.vTaskSwitchContext  tasks.o
    0x08004430   0x08004430   0x00000034   Code   RO         1681    i.xPortStartScheduler  port.o
    0x08004464   0x08004464   0x00000034   Code   RO         1682    i.xPortSysTickHandler  port.o
    0x08004498   0x08004498   0x00000068   Code   RO         1337    i.xTaskCreate       tasks.o
    0x08004500   0x08004500   0x00000074   Code   RO         1338    i.xTaskDelayUntil   tasks.o
    0x08004574   0x08004574   0x0000014c   Code   RO         1339    i.xTaskGenericNotify  tasks.o
    0x080046c0   0x080046c0   0x00000020   Code   RO         1344    i.xTaskGetSchedulerState  tasks.o
    0x080046e0   0x080046e0   0x0000000c   Code   RO         1345    i.xTaskGetTickCount  tasks.o
    0x080046ec   0x080046ec   0x00000190   Code   RO         1347    i.xTaskIncrementTick  tasks.o
    0x0800487c   0x0800487c   0x0000015c   Code   RO         1349    i.xTaskResumeAll    tasks.o
    0x080049d8   0x080049d8   0x00001e10   Data   RO          441    .constdata          int_oled.o
    0x080067e8   0x080067e8   0x00000098   Data   RO         2060    .constdata          m_ws.l(atan.o)
    0x08006880   0x08006880   0x00000008   Data   RO         2082    .constdata          m_ws.l(qnan.o)
    0x08006888   0x08006888   0x00000020   Data   RO         2131    Region$$Table       anon$$obj.o


    Execution Region RW_IRAM1 (Exec base: 0x20000000, Load base: 0x080068a8, Size: 0x000049a0, Max: 0x00005000, ABSOLUTE)

    Exec Addr    Load Addr    Size         Type   Attr      Idx    E Section Name        Object

    0x20000000   0x080068a8   0x00000001   Data   RW          171    .data               dri_uart1.o
    0x20000001   0x080068a9   0x00000001   Data   RW          385    .data               dri_uart2.o
    0x20000002   0x080068aa   0x00000002   PAD
    0x20000004   0x080068ac   0x00000010   Data   RW          701    .data               app_task.o
    0x20000014   0x080068bc   0x00000044   Data   RW          753    .data               app_car.o
    0x20000058   0x08006900   0x00000054   Data   RW          851    .data               com_kalmanfilter.o
    0x200000ac   0x08006954   0x00000010   Data   RW          871    .data               com_pid.o
    0x200000bc   0x08006964   0x00000040   Data   RW         1352    .data               tasks.o
    0x200000fc   0x080069a4   0x0000001c   Data   RW         1623    .data               heap_4.o
    0x20000118   0x080069c0   0x00000004   Data   RW         1683    .data               port.o
    0x2000011c   0x080069c4   0x00000004   Data   RW         1758    .data               mc_w.l(stdout.o)
    0x20000120        -       0x00000064   Zero   RW          170    .bss                dri_uart1.o
    0x20000184        -       0x00000064   Zero   RW          384    .bss                dri_uart2.o
    0x200001e8        -       0x00000480   Zero   RW          440    .bss                int_oled.o
    0x20000668        -       0x00000044   Zero   RW          752    .bss                app_car.o
    0x200006ac        -       0x00000010   Zero   RW          850    .bss                com_kalmanfilter.o
    0x200006bc        -       0x000002e4   Zero   RW         1351    .bss                tasks.o
    0x200009a0        -       0x00003c00   Zero   RW         1622    .bss                heap_4.o
    0x200045a0        -       0x00000400   Zero   RW           17    STACK               startup_stm32f10x_md.o


==============================================================================

Image component sizes


      Code (inc. data)   RO Data    RW Data    ZI Data      Debug   Object Name

      1496        496          0         68         68       5858   app_car.o
       320         86          0         16          0       3171   app_task.o
        28          4          0          0          0        443   com_delay.o
       632         74          0         84         16       1733   com_kalmanfilter.o
       342         40          0         16          0       2080   com_pid.o
         0          0          0          0          0       4540   core_cm3.o
       396         32          0          0          0       1027   dri_adc1.o
      1292        550          0          0          0       4293   dri_i2c.o
       212         14          0          0          0        943   dri_spi.o
       708         44          0          0          0        994   dri_tim.o
       436         42          0          1        100      18937   dri_uart1.o
       398         40          0          1        100       2680   dri_uart2.o
       520         58          0         28      15360       4499   heap_4.o
        60          4          0          0          0       1305   int_hallencoder.o
       946        236          0          0          0       5820   int_mpu6050.o
      1010         48       7696          0       1152       7318   int_oled.o
       396         32          0          0          0       2534   int_tb6612.o
       148          0          0          0          0       3162   list.o
        44          8          0          0          0     232954   main.o
       404         48          0          4          0       8796   port.o
        36          8        236          0       1024        764   startup_stm32f10x_md.o
       328         28          0          0          0       1861   system_stm32f10x.o
      2736        348          0         64        740      29306   tasks.o

    ----------------------------------------------------------------------
     12904       2240       7964        284      18560     345018   Object Totals
         0          0         32          0          0          0   (incl. Generated)
        16          0          0          2          0          0   (incl. Padding)

    ----------------------------------------------------------------------

      Code (inc. data)   RO Data    RW Data    ZI Data      Debug   Library Member Name

       544         70        152          0          0        124   atan.o
       384         38          0          0          0        144   atan2.o
        26          6          0          0          0        204   dunder.o
        40          0          0          0          0         68   fpclassify.o
       170          0          0          0          0         96   poly.o
         0          0          8          0          0          0   qnan.o
         0          0          0          0          0          0   entry.o
         0          0          0          0          0          0   entry10a.o
         0          0          0          0          0          0   entry11a.o
         8          4          0          0          0          0   entry2.o
         4          0          0          0          0          0   entry5.o
         0          0          0          0          0          0   entry7b.o
         0          0          0          0          0          0   entry8b.o
         8          4          0          0          0          0   entry9a.o
        30          0          0          0          0          0   handlers.o
        36          8          0          0          0         68   init.o
         0          0          0          0          0          0   iusefp.o
        30          0          0          0          0         68   llshl.o
        36          0          0          0          0         68   llsshr.o
        32          0          0          0          0         68   llushr.o
        36          0          0          0          0        108   memseta.o
      2308         96          0          0          0        604   printfa.o
         0          0          0          4          0          0   stdout.o
        32          0          0          0          0         68   strrchr.o
        44          0          0          0          0         80   uidiv.o
        98          0          0          0          0         92   uldiv.o
        48          0          0          0          0         68   cdrcmple.o
        20          0          0          0          0         68   cfcmple.o
        20          0          0          0          0         68   cfrcmple.o
        56          0          0          0          0         88   d2f.o
       334          0          0          0          0        148   dadd.o
       222          0          0          0          0        100   ddiv.o
       186          0          0          0          0        176   depilogue.o
        48          0          0          0          0         68   dfixul.o
        34          0          0          0          0         76   dflti.o
        26          0          0          0          0         76   dfltui.o
       228          0          0          0          0         96   dmul.o
        46          0          0          0          0         80   dscalb.o
        38          0          0          0          0         68   f2d.o
       176          0          0          0          0        140   fadd.o
       124          0          0          0          0         88   fdiv.o
       110          0          0          0          0        168   fepilogue.o
        50          0          0          0          0         68   ffixi.o
        18          0          0          0          0         68   fflti.o
        10          0          0          0          0         68   ffltui.o
       100          0          0          0          0         76   fmul.o

    ----------------------------------------------------------------------
      5764        226        160          4          0       3716   Library Totals
         4          0          0          0          0          0   (incl. Padding)

    ----------------------------------------------------------------------

      Code (inc. data)   RO Data    RW Data    ZI Data      Debug   Library Name

      1164        114        160          0          0        636   m_ws.l
      2702        112          0          4          0       1224   mc_w.l
      1894          0          0          0          0       1856   mf_w.l

    ----------------------------------------------------------------------
      5764        226        160          4          0       3716   Library Totals

    ----------------------------------------------------------------------

==============================================================================


      Code (inc. data)   RO Data    RW Data    ZI Data      Debug   

     18668       2466       8124        288      18560     341606   Grand Totals
     18668       2466       8124        288      18560     341606   ELF Image Totals
     18668       2466       8124        288          0          0   ROM Totals

==============================================================================

    Total RO  Size (Code + RO Data)                26792 (  26.16kB)
    Total RW  Size (RW Data + ZI Data)             18848 (  18.41kB)
    Total ROM Size (Code + RO Data + RW Data)      27080 (  26.45kB)

==============================================================================

