Component: ARM Compiler 5.06 update 6 (build 750) Tool: armlink [4d35ed]

==============================================================================

Section Cross References

    startup_stm32f10x_md.o(RESET) refers to startup_stm32f10x_md.o(STACK) for __initial_sp
    startup_stm32f10x_md.o(RESET) refers to startup_stm32f10x_md.o(.text) for Reset_Handler
    startup_stm32f10x_md.o(RESET) refers to port.o(.emb_text) for SVC_Handler
    startup_stm32f10x_md.o(RESET) refers to app_task.o(i.SysTick_Handler) for SysTick_Handler
    startup_stm32f10x_md.o(RESET) refers to dri_uart1.o(i.USART1_IRQHandler) for USART1_IRQHandler
    startup_stm32f10x_md.o(.text) refers to system_stm32f10x.o(i.SystemInit) for SystemInit
    startup_stm32f10x_md.o(.text) refers to entry.o(.ARM.Collect$$$$00000000) for __main
    system_stm32f10x.o(i.SetSysClock) refers to system_stm32f10x.o(i.SetSysClockTo72) for SetSysClockTo72
    system_stm32f10x.o(i.SystemCoreClockUpdate) refers to system_stm32f10x.o(.data) for SystemCoreClock
    system_stm32f10x.o(i.SystemInit) refers to system_stm32f10x.o(i.SetSysClock) for SetSysClock
    main.o(i.main) refers to dri_uart1.o(i.Dri_UART1_Init) for Dri_UART1_Init
    main.o(i.main) refers to dri_adc1.o(i.Dri_ADC1_Init) for Dri_ADC1_Init
    main.o(i.main) refers to int_oled.o(i.Int_OLED_Init) for Int_OLED_Init
    main.o(i.main) refers to int_tb6612.o(i.Int_TB6612_Init) for Int_TB6612_Init
    main.o(i.main) refers to int_hallencoder.o(i.Int_HallEncoder_Init) for Int_HallEncoder_Init
    main.o(i.main) refers to int_mpu6050.o(i.Int_MPU6050_Init) for Int_MPU6050_Init
    main.o(i.main) refers to strrchr.o(.text) for strrchr
    main.o(i.main) refers to printfa.o(i.__0printf) for __2printf
    main.o(i.main) refers to app_task.o(i.FreeRTOS_Start) for FreeRTOS_Start
    dri_uart1.o(i.Dri_UART1_SendBytes) refers to dri_uart1.o(i.Dri_UART1_SendByte) for Dri_UART1_SendByte
    dri_uart1.o(i.USART1_IRQHandler) refers to dri_uart1.o(i.Dri_UART1_ReceiveCallback) for Dri_UART1_ReceiveCallback
    dri_uart1.o(i.USART1_IRQHandler) refers to dri_uart1.o(.data) for size
    dri_uart1.o(i.USART1_IRQHandler) refers to dri_uart1.o(.bss) for buffer
    dri_uart1.o(i.fputc) refers to dri_uart1.o(i.Dri_UART1_SendByte) for Dri_UART1_SendByte
    dri_i2c.o(i.Dri_I2C_ReceiveByte) refers to strrchr.o(.text) for strrchr
    dri_i2c.o(i.Dri_I2C_ReceiveByte) refers to printfa.o(i.__0printf) for __2printf
    dri_i2c.o(i.Dri_I2C_SendAddr) refers to strrchr.o(.text) for strrchr
    dri_i2c.o(i.Dri_I2C_SendAddr) refers to printfa.o(i.__0printf) for __2printf
    dri_i2c.o(i.Dri_I2C_SendByte) refers to strrchr.o(.text) for strrchr
    dri_i2c.o(i.Dri_I2C_SendByte) refers to printfa.o(i.__0printf) for __2printf
    dri_i2c.o(i.Dri_I2C_Start) refers to strrchr.o(.text) for strrchr
    dri_i2c.o(i.Dri_I2C_Start) refers to printfa.o(i.__0printf) for __2printf
    dri_i2c.o(i.Dri_I2C_Stop4Send) refers to strrchr.o(.text) for strrchr
    dri_i2c.o(i.Dri_I2C_Stop4Send) refers to printfa.o(i.__0printf) for __2printf
    dri_i2c.o(i.Dri_I2C_Test) refers to dri_i2c.o(i.Dri_I2C_Start) for Dri_I2C_Start
    dri_i2c.o(i.Dri_I2C_Test) refers to dri_i2c.o(i.Dri_I2C_SendAddr) for Dri_I2C_SendAddr
    dri_i2c.o(i.Dri_I2C_Test) refers to dri_i2c.o(i.Dri_I2C_SendByte) for Dri_I2C_SendByte
    dri_i2c.o(i.Dri_I2C_Test) refers to dri_i2c.o(i.Dri_I2C_Stop4Send) for Dri_I2C_Stop4Send
    dri_i2c.o(i.Dri_I2C_Test) refers to dri_i2c.o(i.Dri_I2C_EnableAutoAck) for Dri_I2C_EnableAutoAck
    dri_i2c.o(i.Dri_I2C_Test) refers to dri_i2c.o(i.Dri_I2C_ReceiveByte) for Dri_I2C_ReceiveByte
    dri_i2c.o(i.Dri_I2C_Test) refers to dri_i2c.o(i.Dri_I2C_DisableAutoAck) for Dri_I2C_DisableAutoAck
    dri_i2c.o(i.Dri_I2C_Test) refers to dri_i2c.o(i.Dri_I2C_EnableStop) for Dri_I2C_EnableStop
    dri_adc1.o(i.Dri_ADC1_Init) refers to com_delay.o(i.for_delay_ms) for for_delay_ms
    dri_adc1.o(i.Dri_ADC1_ReadVoltage) refers to dfltui.o(.text) for __aeabi_ui2d
    dri_adc1.o(i.Dri_ADC1_ReadVoltage) refers to dmul.o(.text) for __aeabi_dmul
    dri_adc1.o(i.Dri_ADC1_ReadVoltage) refers to ddiv.o(.text) for __aeabi_ddiv
    int_oled.o(i.Int_OLED_Clear) refers to int_oled.o(i.Int_OLED_Refresh) for Int_OLED_Refresh
    int_oled.o(i.Int_OLED_Clear) refers to int_oled.o(.bss) for OLED_GRAM
    int_oled.o(i.Int_OLED_ColorTurn) refers to int_oled.o(i.Int_OLED_WR_Byte) for Int_OLED_WR_Byte
    int_oled.o(i.Int_OLED_DisPlay_Off) refers to int_oled.o(i.Int_OLED_WR_Byte) for Int_OLED_WR_Byte
    int_oled.o(i.Int_OLED_DisPlay_On) refers to int_oled.o(i.Int_OLED_WR_Byte) for Int_OLED_WR_Byte
    int_oled.o(i.Int_OLED_DisplayTurn) refers to int_oled.o(i.Int_OLED_WR_Byte) for Int_OLED_WR_Byte
    int_oled.o(i.Int_OLED_DrawCircle) refers to int_oled.o(i.Int_OLED_DrawPoint) for Int_OLED_DrawPoint
    int_oled.o(i.Int_OLED_DrawLine) refers to int_oled.o(i.Int_OLED_DrawPoint) for Int_OLED_DrawPoint
[...]


==============================================================================

Removing Unused input sections from the image.

    Removing core_cm3.o(.emb_text), (32 bytes).
    Removing startup_stm32f10x_md.o(HEAP), (512 bytes).
    Removing system_stm32f10x.o(i.SystemCoreClockUpdate), (164 bytes).
    Removing system_stm32f10x.o(.data), (20 bytes).
    Removing dri_uart1.o(i.Dri_UART1_SendBytes), (26 bytes).
    Removing dri_spi.o(i.Dri_SPI_Start), (2 bytes).
    Removing dri_spi.o(i.Dri_SPI_Stop), (2 bytes).
    Removing dri_i2c.o(i.Dri_I2C_Test), (82 bytes).
    Removing int_oled.o(i.Int_OLED_ColorTurn), (28 bytes).
    Removing int_oled.o(i.Int_OLED_DisPlay_Off), (28 bytes).
    Removing int_oled.o(i.Int_OLED_DisPlay_On), (28 bytes).
    Removing int_oled.o(i.Int_OLED_DisplayTurn), (44 bytes).
    Removing int_oled.o(i.Int_OLED_DrawCircle), (168 bytes).
    Removing int_oled.o(i.Int_OLED_DrawLine), (172 bytes).
    Removing int_oled.o(i.Int_OLED_Pow), (22 bytes).
    Removing int_oled.o(i.Int_OLED_ScrollDisplay), (172 bytes).
    Removing int_oled.o(i.Int_OLED_ShowChinese), (260 bytes).
    Removing int_oled.o(i.Int_OLED_ShowNum), (140 bytes).
    Removing int_oled.o(i.Int_OLED_ShowPicture), (214 bytes).
    Removing int_oled.o(i.Int_OLED_Test), (40 bytes).
    Removing int_hallencoder.o(i.Int_HallEncoder_Test), (160 bytes).
    Removing int_tb6612.o(i.Int_TB6612_MotorA), (92 bytes).
    Removing int_tb6612.o(i.Int_TB6612_MotorB), (92 bytes).
    Removing int_tb6612.o(i.Int_TB6612_SetPWM), (104 bytes).
    Removing logger.o(i.log_dump), (188 bytes).
    Removing event_groups.o(i.prvTestWaitCondition), (30 bytes).
    Removing event_groups.o(i.vEventGroupClearBitsCallback), (16 bytes).
    Removing event_groups.o(i.vEventGroupDelete), (42 bytes).
    Removing event_groups.o(i.vEventGroupSetBitsCallback), (16 bytes).
    Removing event_groups.o(i.xEventGroupClearBits), (32 bytes).
    Removing event_groups.o(i.xEventGroupCreate), (26 bytes).
    Removing event_groups.o(i.xEventGroupGetBitsFromISR), (44 bytes).
    Removing event_groups.o(i.xEventGroupSetBits), (146 bytes).
    Removing event_groups.o(i.xEventGroupSync), (168 bytes).
    Removing event_groups.o(i.xEventGroupWaitBits), (204 bytes).
    Removing queue.o(i.prvCopyDataFromQueue), (42 bytes).
    Removing queue.o(i.prvCopyDataToQueue), (106 bytes).
    Removing queue.o(i.prvInitialiseNewQueue), (38 bytes).
    Removing queue.o(i.prvIsQueueEmpty), (26 bytes).
    Removing queue.o(i.prvIsQueueFull), (30 bytes).
    Removing queue.o(i.prvUnlockQueue), (126 bytes).
    Removing queue.o(i.uxQueueMessagesWaiting), (18 bytes).
    Removing queue.o(i.uxQueueMessagesWaitingFromISR), (8 bytes).
    Removing queue.o(i.uxQueueSpacesAvailable), (24 bytes).
    Removing queue.o(i.vQueueDelete), (14 bytes).
    Removing queue.o(i.xQueueGenericCreate), (76 bytes).
    Removing queue.o(i.xQueueGenericReset), (160 bytes).
    Removing queue.o(i.xQueueGenericSend), (280 bytes).
    Removing queue.o(i.xQueueGenericSendFromISR), (152 bytes).
    Removing queue.o(i.xQueueGiveFromISR), (132 bytes).
    Removing queue.o(i.xQueueIsQueueEmptyFromISR), (16 bytes).
    Removing queue.o(i.xQueueIsQueueFullFromISR), (22 bytes).
    Removing queue.o(i.xQueuePeek), (268 bytes).
    Removing queue.o(i.xQueuePeekFromISR), (74 bytes).
    Removing queue.o(i.xQueueReceive), (260 bytes).
    Removing queue.o(i.xQueueReceiveFromISR), (140 bytes).
    Removing queue.o(i.xQueueSemaphoreTake), (240 bytes).
    Removing stream_buffer.o(i.prvBytesInBuffer), (24 bytes).
    Removing stream_buffer.o(i.prvInitialiseNewStreamBuffer), (42 bytes).
    Removing stream_buffer.o(i.prvReadBytesFromBuffer), (76 bytes).
    Removing stream_buffer.o(i.prvReadMessageFromBuffer), (90 bytes).
    Removing stream_buffer.o(i.prvWriteBytesToBuffer), (76 bytes).
    Removing stream_buffer.o(i.prvWriteMessageToBuffer), (88 bytes).
    Removing stream_buffer.o(i.vStreamBufferDelete), (32 bytes).
    Removing stream_buffer.o(i.xStreamBufferBytesAvailable), (18 bytes).
    Removing stream_buffer.o(i.xStreamBufferGenericCreate), (82 bytes).
    Removing stream_buffer.o(i.xStreamBufferIsEmpty), (22 bytes).
    Removing stream_buffer.o(i.xStreamBufferIsFull), (40 bytes).
    Removing stream_buffer.o(i.xStreamBufferNextMessageLengthBytes), (52 bytes).
    Removing stream_buffer.o(i.xStreamBufferReceive), (176 bytes).
    Removing stream_buffer.o(i.xStreamBufferReceiveCompletedFromISR), (80 bytes).
    Removing stream_buffer.o(i.xStreamBufferReceiveFromISR), (132 bytes).
    Removing stream_buffer.o(i.xStreamBufferReset), (56 bytes).
    Removing stream_buffer.o(i.xStreamBufferSend), (226 bytes).
    Removing stream_buffer.o(i.xStreamBufferSendCompletedFromISR), (80 bytes).
    Removing stream_buffer.o(i.xStreamBufferSendFromISR), (134 bytes).
    Removing stream_buffer.o(i.xStreamBufferSetTriggerLevel), (26 bytes).
    Removing stream_buffer.o(i.xStreamBufferSpacesAvailable), (40 bytes).
    Removing tasks.o(i.pcTaskGetName), (24 bytes).
    Removing tasks.o(i.prvTaskIsTaskSuspended), (64 bytes).
    Removing tasks.o(i.ulTaskGenericNotifyTake), (136 bytes).
    Removing tasks.o(i.ulTaskGenericNotifyValueClear), (64 bytes).
    Removing tasks.o(i.uxTaskGetNumberOfTasks), (12 bytes).
    Removing tasks.o(i.uxTaskPriorityGet), (36 bytes).
    Removing tasks.o(i.uxTaskPriorityGetFromISR), (56 bytes).
    Removing tasks.o(i.uxTaskResetEventItemValue), (28 bytes).
    Removing tasks.o(i.vTaskDelay), (52 bytes).
    Removing tasks.o(i.vTaskEndScheduler), (36 bytes).
    Removing tasks.o(i.vTaskGenericNotifyGiveFromISR), (336 bytes).
    Removing tasks.o(i.vTaskInternalSetTimeOutState), (24 bytes).
    Removing tasks.o(i.vTaskMissedYield), (12 bytes).
    Removing tasks.o(i.vTaskPlaceOnEventList), (32 bytes).
    Removing tasks.o(i.vTaskPlaceOnUnorderedEventList), (80 bytes).
    Removing tasks.o(i.vTaskPrioritySet), (284 bytes).
    Removing tasks.o(i.vTaskRemoveFromUnorderedEventList), (208 bytes).
    Removing tasks.o(i.vTaskResume), (172 bytes).
    Removing tasks.o(i.vTaskSetTimeOutState), (36 bytes).
    Removing tasks.o(i.vTaskSuspend), (216 bytes).
    Removing tasks.o(i.xTaskCatchUpTicks), (40 bytes).
    Removing tasks.o(i.xTaskCheckForTimeOut), (96 bytes).
    Removing tasks.o(i.xTaskGenericNotify), (332 bytes).
    Removing tasks.o(i.xTaskGenericNotifyFromISR), (504 bytes).
    Removing tasks.o(i.xTaskGenericNotifyStateClear), (64 bytes).
    Removing tasks.o(i.xTaskGenericNotifyWait), (172 bytes).
    Removing tasks.o(i.xTaskGetCurrentTaskHandle), (12 bytes).
    Removing tasks.o(i.xTaskGetTickCountFromISR), (12 bytes).
    Removing tasks.o(i.xTaskRemoveFromEventList), (264 bytes).
    Removing tasks.o(i.xTaskResumeFromISR), (216 bytes).
    Removing heap_4.o(i.pvPortCalloc), (54 bytes).
    Removing heap_4.o(i.vPortGetHeapStats), (128 bytes).
    Removing heap_4.o(i.vPortInitialiseBlocks), (2 bytes).
    Removing heap_4.o(i.xPortGetFreeHeapSize), (12 bytes).
    Removing heap_4.o(i.xPortGetMinimumEverFreeHeapSize), (12 bytes).
    Removing port.o(i.vPortEndScheduler), (2 bytes).

114 unused section(s) (total 11190 bytes) removed from the image.

==============================================================================

Image Symbol Table

    Local Symbols

    Symbol Name                              Value     Ov Type        Size  Object(Section)

    ../clib/microlib/division.c              0x00000000   Number         0  uldiv.o ABSOLUTE
    ../clib/microlib/division.c              0x00000000   Number         0  uidiv.o ABSOLUTE
    ../clib/microlib/errno.c                 0x00000000   Number         0  errno.o ABSOLUTE
    ../clib/microlib/init/entry.s            0x00000000   Number         0  entry7a.o ABSOLUTE
    ../clib/microlib/init/entry.s            0x00000000   Number         0  entry.o ABSOLUTE
    ../clib/microlib/init/entry.s            0x00000000   Number         0  entry8a.o ABSOLUTE
    ../clib/microlib/init/entry.s            0x00000000   Number         0  entry5.o ABSOLUTE
    ../clib/microlib/init/entry.s            0x00000000   Number         0  entry2.o ABSOLUTE
    ../clib/microlib/init/entry.s            0x00000000   Number         0  entry11b.o ABSOLUTE
    ../clib/microlib/init/entry.s            0x00000000   Number         0  entry9b.o ABSOLUTE
    ../clib/microlib/init/entry.s            0x00000000   Number         0  entry9a.o ABSOLUTE
    ../clib/microlib/init/entry.s            0x00000000   Number         0  entry8b.o ABSOLUTE
    ../clib/microlib/init/entry.s            0x00000000   Number         0  entry7b.o ABSOLUTE
    ../clib/microlib/init/entry.s            0x00000000   Number         0  entry10a.o ABSOLUTE
    ../clib/microlib/init/entry.s            0x00000000   Number         0  entry10b.o ABSOLUTE
    ../clib/microlib/init/entry.s            0x00000000   Number         0  entry11a.o ABSOLUTE
    ../clib/microlib/longlong.c              0x00000000   Number         0  llushr.o ABSOLUTE
    ../clib/microlib/longlong.c              0x00000000   Number         0  llshl.o ABSOLUTE
    ../clib/microlib/longlong.c              0x00000000   Number         0  llsshr.o ABSOLUTE
    ../clib/microlib/printf/printf.c         0x00000000   Number         0  printf0.o ABSOLUTE
    ../clib/microlib/printf/printf.c         0x00000000   Number         0  printfb.o ABSOLUTE
    ../clib/microlib/printf/printf.c         0x00000000   Number         0  printfa.o ABSOLUTE
    ../clib/microlib/printf/printf.c         0x00000000   Number         0  printf2.o ABSOLUTE
    ../clib/microlib/printf/printf.c         0x00000000   Number         0  printf7.o ABSOLUTE
    ../clib/microlib/printf/printf.c         0x00000000   Number         0  printf6.o ABSOLUTE
    ../clib/microlib/printf/printf.c         0x00000000   Number         0  printf1.o ABSOLUTE
    ../clib/microlib/printf/printf.c         0x00000000   Number         0  printf8.o ABSOLUTE
    ../clib/microlib/printf/printf.c         0x00000000   Number         0  printf3.o ABSOLUTE
    ../clib/microlib/printf/printf.c         0x00000000   Number         0  printf4.o ABSOLUTE
    ../clib/microlib/printf/printf.c         0x00000000   Number         0  printf5.o ABSOLUTE
    ../clib/microlib/printf/stubs.s          0x00000000   Number         0  stubs.o ABSOLUTE
    ../clib/microlib/stdio/putc.c            0x00000000   Number         0  putc.o ABSOLUTE
    ../clib/microlib/stdio/streams.c         0x00000000   Number         0  stdout.o ABSOLUTE
    ../clib/microlib/string/memcpy.c         0x00000000   Number         0  memcpyb.o ABSOLUTE
    ../clib/microlib/string/memcpy.c         0x00000000   Number         0  memcpya.o ABSOLUTE
    ../clib/microlib/string/memset.c         0x00000000   Number         0  memseta.o ABSOLUTE
    ../clib/microlib/string/strrchr.c        0x00000000   Number         0  strrchr.o ABSOLUTE
    ../clib/microlib/stubs.s                 0x00000000   Number         0  iusefp.o ABSOLUTE
    ../fplib/microlib/d2f.c                  0x00000000   Number         0  d2f.o ABSOLUTE
    ../fplib/microlib/f2d.c                  0x00000000   Number         0  f2d.o ABSOLUTE
    ../fplib/microlib/fpadd.c                0x00000000   Number         0  dadd.o ABSOLUTE
    ../fplib/microlib/fpadd.c                0x00000000   Number         0  fadd.o ABSOLUTE
    ../fplib/microlib/fpdiv.c                0x00000000   Number         0  fdiv.o ABSOLUTE
    ../fplib/microlib/fpdiv.c                0x00000000   Number         0  ddiv.o ABSOLUTE
    ../fplib/microlib/fpepilogue.c           0x00000000   Number         0  fepilogue.o ABSOLUTE
    ../fplib/microlib/fpepilogue.c           0x00000000   Number         0  depilogue.o ABSOLUTE
    ../fplib/microlib/fpfix.c                0x00000000   Number         0  dfixul.o ABSOLUTE
    ../fplib/microlib/fpflt.c                0x00000000   Number         0  ffltui.o ABSOLUTE
    ../fplib/microlib/fpflt.c                0x00000000   Number         0  dflti.o ABSOLUTE
    ../fplib/microlib/fpflt.c                0x00000000   Number         0  dfltui.o ABSOLUTE
    ../fplib/microlib/fpmul.c                0x00000000   Number         0  dmul.o ABSOLUTE
    ../fplib/microlib/fpmul.c                0x00000000   Number         0  fmul.o ABSOLUTE
    ../fplib/microlib/fpscalb.c              0x00000000   Number         0  dscalb.o ABSOLUTE
    ../mathlib/atan.c                        0x00000000   Number         0  atan.o ABSOLUTE
    ../mathlib/atan.c                        0x00000000   Number         0  atan_x.o ABSOLUTE
    ../mathlib/atan2.c                       0x00000000   Number         0  atan2_x.o ABSOLUTE
    ../mathlib/atan2.c                       0x00000000   Number         0  atan2.o ABSOLUTE
    ../mathlib/dunder.c                      0x00000000   Number         0  dunder.o ABSOLUTE
    ../mathlib/fpclassify.c                  0x00000000   Number         0  fpclassify.o ABSOLUTE
    ../mathlib/poly.c                        0x00000000   Number         0  poly.o ABSOLUTE
    ../mathlib/qnan.c                        0x00000000   Number         0  qnan.o ABSOLUTE
    App\App_Car.c                            0x00000000   Number         0  app_car.o ABSOLUTE
    App\App_Task.c                           0x00000000   Number         0  app_task.o ABSOLUTE
    Com\Com_Delay.c                          0x00000000   Number         0  com_delay.o ABSOLUTE
    Com\Com_KalmanFilter.c                   0x00000000   Number         0  com_kalmanfilter.o ABSOLUTE
    Com\logger.c                             0x00000000   Number         0  logger.o ABSOLUTE
    Dri\Dri_ADC1.c                           0x00000000   Number         0  dri_adc1.o ABSOLUTE
    Dri\Dri_I2C.c                            0x00000000   Number         0  dri_i2c.o ABSOLUTE
    Dri\Dri_SPI.c                            0x00000000   Number         0  dri_spi.o ABSOLUTE
    Dri\Dri_TIM.c                            0x00000000   Number         0  dri_tim.o ABSOLUTE
    Dri\Dri_UART1.c                          0x00000000   Number         0  dri_uart1.o ABSOLUTE
    Int\Int_HallEncoder.c                    0x00000000   Number         0  int_hallencoder.o ABSOLUTE
    Int\Int_MPU6050.c                        0x00000000   Number         0  int_mpu6050.o ABSOLUTE
    Int\Int_TB6612.c                         0x00000000   Number         0  int_tb6612.o ABSOLUTE
    Int\OLED\Int_OLED.c                      0x00000000   Number         0  int_oled.o ABSOLUTE
    Mid\FreeRTOS\Portable\heap_4.c           0x00000000   Number         0  heap_4.o ABSOLUTE
    Mid\FreeRTOS\Portable\port.c             0x00000000   Number         0  port.o ABSOLUTE
    Mid\FreeRTOS\Source\croutine.c           0x00000000   Number         0  croutine.o ABSOLUTE
    Mid\FreeRTOS\Source\event_groups.c       0x00000000   Number         0  event_groups.o ABSOLUTE
    Mid\FreeRTOS\Source\list.c               0x00000000   Number         0  list.o ABSOLUTE
    Mid\FreeRTOS\Source\queue.c              0x00000000   Number         0  queue.o ABSOLUTE
    Mid\FreeRTOS\Source\stream_buffer.c      0x00000000   Number         0  stream_buffer.o ABSOLUTE
    Mid\FreeRTOS\Source\tasks.c              0x00000000   Number         0  tasks.o ABSOLUTE
    Mid\FreeRTOS\Source\timers.c             0x00000000   Number         0  timers.o ABSOLUTE
    Mid\\FreeRTOS\\Portable\\port.c          0x00000000   Number         0  port.o ABSOLUTE
    Start\\core_cm3.c                        0x00000000   Number         0  core_cm3.o ABSOLUTE
    Start\core_cm3.c                         0x00000000   Number         0  core_cm3.o ABSOLUTE
    Start\startup_stm32f10x_md.s             0x00000000   Number         0  startup_stm32f10x_md.o ABSOLUTE
    Start\system_stm32f10x.c                 0x00000000   Number         0  system_stm32f10x.o ABSOLUTE
    User\main.c                              0x00000000   Number         0  main.o ABSOLUTE
    cdrcmple.s                               0x00000000   Number         0  cdrcmple.o ABSOLUTE
    dc.s                                     0x00000000   Number         0  dc.o ABSOLUTE
    handlers.s                               0x00000000   Number         0  handlers.o ABSOLUTE
    init.s                                   0x00000000   Number         0  init.o ABSOLUTE
    RESET                                    0x08000000   Section      236  startup_stm32f10x_md.o(RESET)
    .ARM.Collect$$$$00000000                 0x080000ec   Section        0  entry.o(.ARM.Collect$$$$00000000)
    .ARM.Collect$$$$00000001                 0x080000ec   Section        4  entry2.o(.ARM.Collect$$$$00000001)
    .ARM.Collect$$$$00000004                 0x080000f0   Section        4  entry5.o(.ARM.Collect$$$$00000004)
    .ARM.Collect$$$$00000008                 0x080000f4   Section        0  entry7b.o(.ARM.Collect$$$$00000008)
    .ARM.Collect$$$$0000000A                 0x080000f4   Section        0  entry8b.o(.ARM.Collect$$$$0000000A)
    .ARM.Collect$$$$0000000B                 0x080000f4   Section        8  entry9a.o(.ARM.Collect$$$$0000000B)
    .ARM.Collect$$$$0000000D                 0x080000fc   Section        0  entry10a.o(.ARM.Collect$$$$0000000D)
    .ARM.Collect$$$$0000000F                 0x080000fc   Section        0  entry11a.o(.ARM.Collect$$$$0000000F)
    .ARM.Collect$$$$00002712                 0x080000fc   Section        4  entry2.o(.ARM.Collect$$$$00002712)
    __lit__00000000                          0x080000fc   Data           4  entry2.o(.ARM.Collect$$$$00002712)
    .emb_text                                0x08000100   Section      150  port.o(.emb_text)
    .text                                    0x08000198   Section       36  startup_stm32f10x_md.o(.text)
    .text                                    0x080001bc   Section        0  memseta.o(.text)
    .text                                    0x080001e0   Section        0  strrchr.o(.text)
    .text                                    0x08000200   Section        0  fadd.o(.text)
    .text                                    0x080002b0   Section        0  fmul.o(.text)
    .text                                    0x08000314   Section        0  fdiv.o(.text)
    .text                                    0x08000390   Section        0  dmul.o(.text)
    .text                                    0x08000474   Section        0  ddiv.o(.text)
    .text                                    0x08000552   Section        0  ffltui.o(.text)
    .text                                    0x0800055c   Section        0  dflti.o(.text)
    .text                                    0x0800057e   Section        0  dfltui.o(.text)
    .text                                    0x08000598   Section        0  f2d.o(.text)
    .text                                    0x080005be   Section        0  d2f.o(.text)
    .text                                    0x080005f6   Section        0  uidiv.o(.text)
    .text                                    0x08000622   Section        0  uldiv.o(.text)
    .text                                    0x08000684   Section        0  fepilogue.o(.text)
    .text                                    0x08000684   Section        0  iusefp.o(.text)
    .text                                    0x080006f2   Section        0  depilogue.o(.text)
    .text                                    0x080007ac   Section        0  dadd.o(.text)
    .text                                    0x080008fa   Section        0  dfixul.o(.text)
    .text                                    0x0800092c   Section       48  cdrcmple.o(.text)
    .text                                    0x0800095c   Section       36  init.o(.text)
    .text                                    0x08000980   Section        0  llshl.o(.text)
    .text                                    0x0800099e   Section        0  llushr.o(.text)
    .text                                    0x080009be   Section        0  llsshr.o(.text)
    .text                                    0x080009e2   Section        0  dscalb.o(.text)
    i.App_Car_OLED                           0x08000a10   Section        0  app_car.o(i.App_Car_OLED)
    i.App_Car_ReadSensor                     0x08000b1c   Section        0  app_car.o(i.App_Car_ReadSensor)
    i.App_Task_Display                       0x08000b48   Section        0  app_task.o(i.App_Task_Display)
    i.App_Task_ReadSensor                    0x08000b64   Section        0  app_task.o(i.App_Task_ReadSensor)
    i.App_Task_Start                         0x08000b7c   Section        0  app_task.o(i.App_Task_Start)
    i.Com_KalmanFilter                       0x08000be0   Section        0  com_kalmanfilter.o(i.Com_KalmanFilter)
    i.Dri_ADC1_Init                          0x08000e58   Section        0  dri_adc1.o(i.Dri_ADC1_Init)
    i.Dri_ADC1_ReadVoltage                   0x08000f74   Section        0  dri_adc1.o(i.Dri_ADC1_ReadVoltage)
    i.Dri_I2C_DisableAutoAck                 0x08000fe4   Section        0  dri_i2c.o(i.Dri_I2C_DisableAutoAck)
    i.Dri_I2C_EnableAutoAck                  0x08000ff8   Section        0  dri_i2c.o(i.Dri_I2C_EnableAutoAck)
    i.Dri_I2C_EnableStop                     0x0800100c   Section        0  dri_i2c.o(i.Dri_I2C_EnableStop)
    i.Dri_I2C_Init                           0x08001020   Section        0  dri_i2c.o(i.Dri_I2C_Init)
    i.Dri_I2C_ReceiveByte                    0x080010b0   Section        0  dri_i2c.o(i.Dri_I2C_ReceiveByte)
    i.Dri_I2C_SendAddr                       0x08001178   Section        0  dri_i2c.o(i.Dri_I2C_SendAddr)
    i.Dri_I2C_SendByte                       0x08001234   Section        0  dri_i2c.o(i.Dri_I2C_SendByte)
    i.Dri_I2C_Start                          0x08001378   Section        0  dri_i2c.o(i.Dri_I2C_Start)
    i.Dri_I2C_Stop4Send                      0x08001434   Section        0  dri_i2c.o(i.Dri_I2C_Stop4Send)
    i.Dri_SPI_Init                           0x080014f0   Section        0  dri_spi.o(i.Dri_SPI_Init)
    i.Dri_SPI_WriteByte                      0x08001560   Section        0  dri_spi.o(i.Dri_SPI_WriteByte)
    i.Dri_TIM2_3_Init                        0x080015c4   Section        0  dri_tim.o(i.Dri_TIM2_3_Init)
    i.Dri_TIM4_Init                          0x0800175c   Section        0  dri_tim.o(i.Dri_TIM4_Init)
    i.Dri_UART1_Init                         0x08001888   Section        0  dri_uart1.o(i.Dri_UART1_Init)
    i.Dri_UART1_ReceiveCallback              0x080019b4   Section        0  dri_uart1.o(i.Dri_UART1_ReceiveCallback)
    i.Dri_UART1_SendByte                     0x080019b8   Section        0  dri_uart1.o(i.Dri_UART1_SendByte)
    i.FreeRTOS_Start                         0x080019d4   Section        0  app_task.o(i.FreeRTOS_Start)
    i.Int_HallEncoder_Init                   0x08001a04   Section        0  int_hallencoder.o(i.Int_HallEncoder_Init)
    i.Int_HallEncoder_ReadCounter            0x08001a0c   Section        0  int_hallencoder.o(i.Int_HallEncoder_ReadCounter)
    i.Int_MPU6050_Init                       0x08001a40   Section        0  int_mpu6050.o(i.Int_MPU6050_Init)
    i.Int_MPU6050_ReadAccel                  0x08001b98   Section        0  int_mpu6050.o(i.Int_MPU6050_ReadAccel)
    i.Int_MPU6050_ReadAngle                  0x08001bdc   Section        0  int_mpu6050.o(i.Int_MPU6050_ReadAngle)
    i.Int_MPU6050_ReadByte                   0x08001c90   Section        0  int_mpu6050.o(i.Int_MPU6050_ReadByte)
    i.Int_MPU6050_ReadBytes                  0x08001cc0   Section        0  int_mpu6050.o(i.Int_MPU6050_ReadBytes)
    i.Int_MPU6050_ReadGyro                   0x08001d0c   Section        0  int_mpu6050.o(i.Int_MPU6050_ReadGyro)
    i.Int_MPU6050_SendByte                   0x08001d50   Section        0  int_mpu6050.o(i.Int_MPU6050_SendByte)
    i.Int_MPU6050_SendBytes                  0x08001dfc   Section        0  int_mpu6050.o(i.Int_MPU6050_SendBytes)
    i.Int_MPU6050_SetDLPF                    0x08001e30   Section        0  int_mpu6050.o(i.Int_MPU6050_SetDLPF)
    Int_MPU6050_SetDLPF                      0x08001e31   Thumb Code    60  int_mpu6050.o(i.Int_MPU6050_SetDLPF)
    i.Int_MPU6050_SetSampleRate              0x08001e6c   Section        0  int_mpu6050.o(i.Int_MPU6050_SetSampleRate)
    i.Int_OLED_Clear                         0x08001ea8   Section        0  int_oled.o(i.Int_OLED_Clear)
    i.Int_OLED_DrawPoint                     0x08001ed8   Section        0  int_oled.o(i.Int_OLED_DrawPoint)
    i.Int_OLED_Init                          0x08001f50   Section        0  int_oled.o(i.Int_OLED_Init)
    i.Int_OLED_Refresh                       0x0800208c   Section        0  int_oled.o(i.Int_OLED_Refresh)
    i.Int_OLED_ShowChar                      0x080020d8   Section        0  int_oled.o(i.Int_OLED_ShowChar)
    i.Int_OLED_ShowString                    0x08002214   Section        0  int_oled.o(i.Int_OLED_ShowString)
    i.Int_OLED_WR_Byte                       0x08002260   Section        0  int_oled.o(i.Int_OLED_WR_Byte)
    i.Int_TB6612_Init                        0x0800229c   Section        0  int_tb6612.o(i.Int_TB6612_Init)
    i.SetSysClock                            0x08002308   Section        0  system_stm32f10x.o(i.SetSysClock)
    SetSysClock                              0x08002309   Thumb Code     8  system_stm32f10x.o(i.SetSysClock)
    i.SetSysClockTo72                        0x08002310   Section        0  system_stm32f10x.o(i.SetSysClockTo72)
    SetSysClockTo72                          0x08002311   Thumb Code   214  system_stm32f10x.o(i.SetSysClockTo72)
    i.SysTick_Handler                        0x080023f0   Section        0  app_task.o(i.SysTick_Handler)
    i.SystemInit                             0x08002400   Section        0  system_stm32f10x.o(i.SystemInit)
    i.USART1_IRQHandler                      0x08002460   Section        0  dri_uart1.o(i.USART1_IRQHandler)
    i.__0printf                              0x080024b4   Section        0  printfa.o(i.__0printf)
    i.__0sprintf                             0x080024d4   Section        0  printfa.o(i.__0sprintf)
    i.__ARM_fpclassify                       0x080024fc   Section        0  fpclassify.o(i.__ARM_fpclassify)
    i.__kernel_poly                          0x08002524   Section        0  poly.o(i.__kernel_poly)
    i.__mathlib_dbl_infnan                   0x080025ce   Section        0  dunder.o(i.__mathlib_dbl_infnan)
    i.__mathlib_dbl_infnan2                  0x080025d4   Section        0  dunder.o(i.__mathlib_dbl_infnan2)
    i.__mathlib_dbl_underflow                0x080025d8   Section        0  dunder.o(i.__mathlib_dbl_underflow)
    i.__scatterload_copy                     0x080025e8   Section       14  handlers.o(i.__scatterload_copy)
    i.__scatterload_null                     0x080025f6   Section        2  handlers.o(i.__scatterload_null)
    i.__scatterload_zeroinit                 0x080025f8   Section       14  handlers.o(i.__scatterload_zeroinit)
    i._fp_digits                             0x08002608   Section        0  printfa.o(i._fp_digits)
    _fp_digits                               0x08002609   Thumb Code   366  printfa.o(i._fp_digits)
    i._printf_core                           0x0800278c   Section        0  printfa.o(i._printf_core)
    _printf_core                             0x0800278d   Thumb Code  1744  printfa.o(i._printf_core)
    i._printf_post_padding                   0x08002e68   Section        0  printfa.o(i._printf_post_padding)
    _printf_post_padding                     0x08002e69   Thumb Code    36  printfa.o(i._printf_post_padding)
    i._printf_pre_padding                    0x08002e8c   Section        0  printfa.o(i._printf_pre_padding)
    _printf_pre_padding                      0x08002e8d   Thumb Code    46  printfa.o(i._printf_pre_padding)
    i._sputc                                 0x08002eba   Section        0  printfa.o(i._sputc)
    _sputc                                   0x08002ebb   Thumb Code    10  printfa.o(i._sputc)
    i.atan                                   0x08002ec4   Section        0  atan.o(i.atan)
    i.atan2                                  0x080030e4   Section        0  atan2.o(i.atan2)
    i.for_delay_ms                           0x08003264   Section        0  com_delay.o(i.for_delay_ms)
    i.fputc                                  0x08003280   Section        0  dri_uart1.o(i.fputc)
    i.main                                   0x08003290   Section        0  main.o(i.main)
    i.prvAddCurrentTaskToDelayedList         0x08003350   Section        0  tasks.o(i.prvAddCurrentTaskToDelayedList)
    prvAddCurrentTaskToDelayedList           0x08003351   Thumb Code   164  tasks.o(i.prvAddCurrentTaskToDelayedList)
    i.prvAddNewTaskToReadyList               0x08003410   Section        0  tasks.o(i.prvAddNewTaskToReadyList)
    prvAddNewTaskToReadyList                 0x08003411   Thumb Code   200  tasks.o(i.prvAddNewTaskToReadyList)
    i.prvCheckTasksWaitingTermination        0x080034f4   Section        0  tasks.o(i.prvCheckTasksWaitingTermination)
    prvCheckTasksWaitingTermination          0x080034f5   Thumb Code    60  tasks.o(i.prvCheckTasksWaitingTermination)
    i.prvDeleteTCB                           0x0800353c   Section        0  tasks.o(i.prvDeleteTCB)
    prvDeleteTCB                             0x0800353d   Thumb Code    18  tasks.o(i.prvDeleteTCB)
    i.prvHeapInit                            0x08003550   Section        0  heap_4.o(i.prvHeapInit)
    prvHeapInit                              0x08003551   Thumb Code    90  heap_4.o(i.prvHeapInit)
    i.prvIdleTask                            0x080035c0   Section        0  tasks.o(i.prvIdleTask)
    prvIdleTask                              0x080035c1   Thumb Code    32  tasks.o(i.prvIdleTask)
    i.prvInitialiseNewTask                   0x080035e8   Section        0  tasks.o(i.prvInitialiseNewTask)
    prvInitialiseNewTask                     0x080035e9   Thumb Code   122  tasks.o(i.prvInitialiseNewTask)
    i.prvInitialiseTaskLists                 0x08003664   Section        0  tasks.o(i.prvInitialiseTaskLists)
    prvInitialiseTaskLists                   0x08003665   Thumb Code    70  tasks.o(i.prvInitialiseTaskLists)
    i.prvInsertBlockIntoFreeList             0x080036cc   Section        0  heap_4.o(i.prvInsertBlockIntoFreeList)
    prvInsertBlockIntoFreeList               0x080036cd   Thumb Code    96  heap_4.o(i.prvInsertBlockIntoFreeList)
    i.prvResetNextTaskUnblockTime            0x08003734   Section        0  tasks.o(i.prvResetNextTaskUnblockTime)
    prvResetNextTaskUnblockTime              0x08003735   Thumb Code    40  tasks.o(i.prvResetNextTaskUnblockTime)
    i.prvTaskExitError                       0x08003764   Section        0  port.o(i.prvTaskExitError)
    prvTaskExitError                         0x08003765   Thumb Code    22  port.o(i.prvTaskExitError)
    i.pvPortMalloc                           0x0800377c   Section        0  heap_4.o(i.pvPortMalloc)
    i.pxPortInitialiseStack                  0x08003860   Section        0  port.o(i.pxPortInitialiseStack)
    i.uxListRemove                           0x08003884   Section        0  list.o(i.uxListRemove)
    i.vListInitialise                        0x080038ac   Section        0  list.o(i.vListInitialise)
    i.vListInitialiseItem                    0x080038c6   Section        0  list.o(i.vListInitialiseItem)
    i.vListInsert                            0x080038cc   Section        0  list.o(i.vListInsert)
    i.vListInsertEnd                         0x08003900   Section        0  list.o(i.vListInsertEnd)
    i.vPortEnterCritical                     0x08003918   Section        0  port.o(i.vPortEnterCritical)
    i.vPortExitCritical                      0x0800393c   Section        0  port.o(i.vPortExitCritical)
    i.vPortFree                              0x0800395c   Section        0  heap_4.o(i.vPortFree)
    i.vPortSetupTimerInterrupt               0x080039a8   Section        0  port.o(i.vPortSetupTimerInterrupt)
    i.vTaskDelete                            0x080039c0   Section        0  tasks.o(i.vTaskDelete)
    i.vTaskStartScheduler                    0x08003a94   Section        0  tasks.o(i.vTaskStartScheduler)
    i.vTaskSuspendAll                        0x08003b00   Section        0  tasks.o(i.vTaskSuspendAll)
    i.vTaskSwitchContext                     0x08003b10   Section        0  tasks.o(i.vTaskSwitchContext)
    i.xPortStartScheduler                    0x08003b70   Section        0  port.o(i.xPortStartScheduler)
    i.xPortSysTickHandler                    0x08003ba4   Section        0  port.o(i.xPortSysTickHandler)
    i.xTaskCreate                            0x08003bd8   Section        0  tasks.o(i.xTaskCreate)
    i.xTaskDelayUntil                        0x08003c40   Section        0  tasks.o(i.xTaskDelayUntil)
    i.xTaskGetSchedulerState                 0x08003cb4   Section        0  tasks.o(i.xTaskGetSchedulerState)
    i.xTaskGetTickCount                      0x08003cd4   Section        0  tasks.o(i.xTaskGetTickCount)
    i.xTaskIncrementTick                     0x08003ce0   Section        0  tasks.o(i.xTaskIncrementTick)
    i.xTaskResumeAll                         0x08003e70   Section        0  tasks.o(i.xTaskResumeAll)
    .constdata                               0x08003fcc   Section     7696  int_oled.o(.constdata)
    .constdata                               0x08005de0   Section      152  atan.o(.constdata)
    atanhi                                   0x08005de0   Data          32  atan.o(.constdata)
    atanlo                                   0x08005e00   Data          32  atan.o(.constdata)
    aTodd                                    0x08005e20   Data          40  atan.o(.constdata)
    aTeven                                   0x08005e48   Data          48  atan.o(.constdata)
    .constdata                               0x08005e78   Section        8  qnan.o(.constdata)
    .data                                    0x20000000   Section        1  dri_uart1.o(.data)
    .data                                    0x20000002   Section       12  int_mpu6050.o(.data)
    accelX                                   0x20000002   Data           2  int_mpu6050.o(.data)
    accelY                                   0x20000004   Data           2  int_mpu6050.o(.data)
    accelZ                                   0x20000006   Data           2  int_mpu6050.o(.data)
    gyroX                                    0x20000008   Data           2  int_mpu6050.o(.data)
    gyroY                                    0x2000000a   Data           2  int_mpu6050.o(.data)
    gyroZ                                    0x2000000c   Data           2  int_mpu6050.o(.data)
    .data                                    0x20000010   Section       12  app_task.o(.data)
    .data                                    0x2000001c   Section       16  app_car.o(.data)
    hallLeft                                 0x2000001c   Data           2  app_car.o(.data)
    hallRight                                0x2000001e   Data           2  app_car.o(.data)
    kalmanAngle                              0x20000020   Data           4  app_car.o(.data)
    cnt                                      0x20000024   Data           1  app_car.o(.data)
    batVoltage                               0x20000028   Data           4  app_car.o(.data)
    .data                                    0x2000002c   Section       84  com_kalmanfilter.o(.data)
    .data                                    0x20000080   Section       64  tasks.o(.data)
    pxDelayedTaskList                        0x20000084   Data           4  tasks.o(.data)
    pxOverflowDelayedTaskList                0x20000088   Data           4  tasks.o(.data)
    uxDeletedTasksWaitingCleanUp             0x2000008c   Data           4  tasks.o(.data)
    uxCurrentNumberOfTasks                   0x20000090   Data           4  tasks.o(.data)
    xTickCount                               0x20000094   Data           4  tasks.o(.data)
    uxTopReadyPriority                       0x20000098   Data           4  tasks.o(.data)
    xSchedulerRunning                        0x2000009c   Data           4  tasks.o(.data)
    xPendedTicks                             0x200000a0   Data           4  tasks.o(.data)
    xYieldPending                            0x200000a4   Data           4  tasks.o(.data)
    xNumOfOverflows                          0x200000a8   Data           4  tasks.o(.data)
    uxTaskNumber                             0x200000ac   Data           4  tasks.o(.data)
    xNextTaskUnblockTime                     0x200000b0   Data           4  tasks.o(.data)
    xIdleTaskHandle                          0x200000b4   Data           4  tasks.o(.data)
    uxSchedulerSuspended                     0x200000bc   Data           4  tasks.o(.data)
    .data                                    0x200000c0   Section       28  heap_4.o(.data)
    xStart                                   0x200000c0   Data           8  heap_4.o(.data)
    pxEnd                                    0x200000c8   Data           4  heap_4.o(.data)
    xFreeBytesRemaining                      0x200000cc   Data           4  heap_4.o(.data)
    xMinimumEverFreeBytesRemaining           0x200000d0   Data           4  heap_4.o(.data)
    xNumberOfSuccessfulAllocations           0x200000d4   Data           4  heap_4.o(.data)
    xNumberOfSuccessfulFrees                 0x200000d8   Data           4  heap_4.o(.data)
    .data                                    0x200000dc   Section        4  port.o(.data)
    uxCriticalNesting                        0x200000dc   Data           4  port.o(.data)
    .data                                    0x200000e0   Section        4  stdout.o(.data)
    .bss                                     0x200000e4   Section      100  dri_uart1.o(.bss)
    .bss                                     0x20000148   Section     1152  int_oled.o(.bss)
    .bss                                     0x200005c8   Section       68  app_car.o(.bss)
    batInfo                                  0x200005c8   Data          17  app_car.o(.bss)
    hallLeftInfo                             0x200005d9   Data          17  app_car.o(.bss)
    hallRightInfo                            0x200005ea   Data          17  app_car.o(.bss)
    angleInfo                                0x200005fb   Data          17  app_car.o(.bss)
    .bss                                     0x2000060c   Section       16  com_kalmanfilter.o(.bss)
    .bss                                     0x2000061c   Section      740  tasks.o(.bss)
    pxReadyTasksLists                        0x2000061c   Data         640  tasks.o(.bss)
    xDelayedTaskList1                        0x2000089c   Data          20  tasks.o(.bss)
    xDelayedTaskList2                        0x200008b0   Data          20  tasks.o(.bss)
    xPendingReadyList                        0x200008c4   Data          20  tasks.o(.bss)
    xTasksWaitingTermination                 0x200008d8   Data          20  tasks.o(.bss)
    xSuspendedTaskList                       0x200008ec   Data          20  tasks.o(.bss)
    .bss                                     0x20000900   Section    15360  heap_4.o(.bss)
    ucHeap                                   0x20000900   Data       15360  heap_4.o(.bss)
    STACK                                    0x20004500   Section     1024  startup_stm32f10x_md.o(STACK)

    Global Symbols

    Symbol Name                              Value     Ov Type        Size  Object(Section)

    BuildAttributes$$THM_ISAv4$P$D$K$B$S$PE$A:L22UL41UL21$X:L11$S22US41US21$IEEE1$IW$USESV6$~STKCKD$USESV7$~SHL$OTIME$ROPI$IEEEX$EBA8$MICROLIB$REQ8$PRES8$EABIv2 0x00000000   Number         0  anon$$obj.o ABSOLUTE
    __ARM_use_no_argv                        0x00000000   Number         0  main.o ABSOLUTE
    _printf_a                                0x00000000   Number         0  stubs.o ABSOLUTE
    _printf_c                                0x00000000   Number         0  stubs.o ABSOLUTE
    _printf_charcount                        0x00000000   Number         0  stubs.o ABSOLUTE
    _printf_d                                0x00000000   Number         0  stubs.o ABSOLUTE
    _printf_e                                0x00000000   Number         0  stubs.o ABSOLUTE
    _printf_f                                0x00000000   Number         0  stubs.o ABSOLUTE
    _printf_flags                            0x00000000   Number         0  stubs.o ABSOLUTE
    _printf_fp_dec                           0x00000000   Number         0  stubs.o ABSOLUTE
    _printf_fp_hex                           0x00000000   Number         0  stubs.o ABSOLUTE
    _printf_g                                0x00000000   Number         0  stubs.o ABSOLUTE
    _printf_i                                0x00000000   Number         0  stubs.o ABSOLUTE
    _printf_int_dec                          0x00000000   Number         0  stubs.o ABSOLUTE
    _printf_l                                0x00000000   Number         0  stubs.o ABSOLUTE
    _printf_lc                               0x00000000   Number         0  stubs.o ABSOLUTE
    _printf_ll                               0x00000000   Number         0  stubs.o ABSOLUTE
    _printf_lld                              0x00000000   Number         0  stubs.o ABSOLUTE
    _printf_lli                              0x00000000   Number         0  stubs.o ABSOLUTE
    _printf_llo                              0x00000000   Number         0  stubs.o ABSOLUTE
    _printf_llu                              0x00000000   Number         0  stubs.o ABSOLUTE
    _printf_llx                              0x00000000   Number         0  stubs.o ABSOLUTE
    _printf_longlong_dec                     0x00000000   Number         0  stubs.o ABSOLUTE
    _printf_longlong_hex                     0x00000000   Number         0  stubs.o ABSOLUTE
    _printf_longlong_oct                     0x00000000   Number         0  stubs.o ABSOLUTE
    _printf_ls                               0x00000000   Number         0  stubs.o ABSOLUTE
    _printf_mbtowc                           0x00000000   Number         0  stubs.o ABSOLUTE
    _printf_n                                0x00000000   Number         0  stubs.o ABSOLUTE
    _printf_o                                0x00000000   Number         0  stubs.o ABSOLUTE
    _printf_p                                0x00000000   Number         0  stubs.o ABSOLUTE
    _printf_percent                          0x00000000   Number         0  stubs.o ABSOLUTE
    _printf_pre_padding                      0x00000000   Number         0  stubs.o ABSOLUTE
    _printf_return_value                     0x00000000   Number         0  stubs.o ABSOLUTE
    _printf_s                                0x00000000   Number         0  stubs.o ABSOLUTE
    _printf_sizespec                         0x00000000   Number         0  stubs.o ABSOLUTE
    _printf_str                              0x00000000   Number         0  stubs.o ABSOLUTE
    _printf_truncate_signed                  0x00000000   Number         0  stubs.o ABSOLUTE
    _printf_truncate_unsigned                0x00000000   Number         0  stubs.o ABSOLUTE
    _printf_u                                0x00000000   Number         0  stubs.o ABSOLUTE
    _printf_wc                               0x00000000   Number         0  stubs.o ABSOLUTE
    _printf_wctomb                           0x00000000   Number         0  stubs.o ABSOLUTE
    _printf_widthprec                        0x00000000   Number         0  stubs.o ABSOLUTE
    _printf_x                                0x00000000   Number         0  stubs.o ABSOLUTE
    __cpp_initialize__aeabi_                  - Undefined Weak Reference
    __cxa_finalize                            - Undefined Weak Reference
    __decompress                              - Undefined Weak Reference
    _clock_init                               - Undefined Weak Reference
    _microlib_exit                            - Undefined Weak Reference
    __Vectors_Size                           0x000000ec   Number         0  startup_stm32f10x_md.o ABSOLUTE
    __Vectors                                0x08000000   Data           4  startup_stm32f10x_md.o(RESET)
    __Vectors_End                            0x080000ec   Data           0  startup_stm32f10x_md.o(RESET)
    __main                                   0x080000ed   Thumb Code     0  entry.o(.ARM.Collect$$$$00000000)
    _main_stk                                0x080000ed   Thumb Code     0  entry2.o(.ARM.Collect$$$$00000001)
    _main_scatterload                        0x080000f1   Thumb Code     0  entry5.o(.ARM.Collect$$$$00000004)
    __main_after_scatterload                 0x080000f5   Thumb Code     0  entry5.o(.ARM.Collect$$$$00000004)
    _main_clock                              0x080000f5   Thumb Code     0  entry7b.o(.ARM.Collect$$$$00000008)
    _main_cpp_init                           0x080000f5   Thumb Code     0  entry8b.o(.ARM.Collect$$$$0000000A)
    _main_init                               0x080000f5   Thumb Code     0  entry9a.o(.ARM.Collect$$$$0000000B)
    __rt_final_cpp                           0x080000fd   Thumb Code     0  entry10a.o(.ARM.Collect$$$$0000000D)
    __rt_final_exit                          0x080000fd   Thumb Code     0  entry11a.o(.ARM.Collect$$$$0000000F)
    SVC_Handler                              0x08000101   Thumb Code    32  port.o(.emb_text)
    __asm___6_port_c_39a90d8d__prvStartFirstTask 0x08000125   Thumb Code    28  port.o(.emb_text)
    PendSV_Handler                           0x08000145   Thumb Code    72  port.o(.emb_text)
    vPortGetIPSR                             0x08000191   Thumb Code     6  port.o(.emb_text)
    Reset_Handler                            0x08000199   Thumb Code     8  startup_stm32f10x_md.o(.text)
    NMI_Handler                              0x080001a1   Thumb Code     2  startup_stm32f10x_md.o(.text)
    HardFault_Handler                        0x080001a3   Thumb Code     2  startup_stm32f10x_md.o(.text)
    MemManage_Handler                        0x080001a5   Thumb Code     2  startup_stm32f10x_md.o(.text)
    BusFault_Handler                         0x080001a7   Thumb Code     2  startup_stm32f10x_md.o(.text)
    UsageFault_Handler                       0x080001a9   Thumb Code     2  startup_stm32f10x_md.o(.text)
    DebugMon_Handler                         0x080001ad   Thumb Code     2  startup_stm32f10x_md.o(.text)
    ADC1_2_IRQHandler                        0x080001b3   Thumb Code     0  startup_stm32f10x_md.o(.text)
    CAN1_RX1_IRQHandler                      0x080001b3   Thumb Code     0  startup_stm32f10x_md.o(.text)
    CAN1_SCE_IRQHandler                      0x080001b3   Thumb Code     0  startup_stm32f10x_md.o(.text)
    DMA1_Channel1_IRQHandler                 0x080001b3   Thumb Code     0  startup_stm32f10x_md.o(.text)
    DMA1_Channel2_IRQHandler                 0x080001b3   Thumb Code     0  startup_stm32f10x_md.o(.text)
    DMA1_Channel3_IRQHandler                 0x080001b3   Thumb Code     0  startup_stm32f10x_md.o(.text)
    DMA1_Channel4_IRQHandler                 0x080001b3   Thumb Code     0  startup_stm32f10x_md.o(.text)
    DMA1_Channel5_IRQHandler                 0x080001b3   Thumb Code     0  startup_stm32f10x_md.o(.text)
    DMA1_Channel6_IRQHandler                 0x080001b3   Thumb Code     0  startup_stm32f10x_md.o(.text)
    DMA1_Channel7_IRQHandler                 0x080001b3   Thumb Code     0  startup_stm32f10x_md.o(.text)
    EXTI0_IRQHandler                         0x080001b3   Thumb Code     0  startup_stm32f10x_md.o(.text)
    EXTI15_10_IRQHandler                     0x080001b3   Thumb Code     0  startup_stm32f10x_md.o(.text)
    EXTI1_IRQHandler                         0x080001b3   Thumb Code     0  startup_stm32f10x_md.o(.text)
    EXTI2_IRQHandler                         0x080001b3   Thumb Code     0  startup_stm32f10x_md.o(.text)
    EXTI3_IRQHandler                         0x080001b3   Thumb Code     0  startup_stm32f10x_md.o(.text)
    EXTI4_IRQHandler                         0x080001b3   Thumb Code     0  startup_stm32f10x_md.o(.text)
    EXTI9_5_IRQHandler                       0x080001b3   Thumb Code     0  startup_stm32f10x_md.o(.text)
    FLASH_IRQHandler                         0x080001b3   Thumb Code     0  startup_stm32f10x_md.o(.text)
    I2C1_ER_IRQHandler                       0x080001b3   Thumb Code     0  startup_stm32f10x_md.o(.text)
    I2C1_EV_IRQHandler                       0x080001b3   Thumb Code     0  startup_stm32f10x_md.o(.text)
    I2C2_ER_IRQHandler                       0x080001b3   Thumb Code     0  startup_stm32f10x_md.o(.text)
    I2C2_EV_IRQHandler                       0x080001b3   Thumb Code     0  startup_stm32f10x_md.o(.text)
    PVD_IRQHandler                           0x080001b3   Thumb Code     0  startup_stm32f10x_md.o(.text)
    RCC_IRQHandler                           0x080001b3   Thumb Code     0  startup_stm32f10x_md.o(.text)
    RTCAlarm_IRQHandler                      0x080001b3   Thumb Code     0  startup_stm32f10x_md.o(.text)
    RTC_IRQHandler                           0x080001b3   Thumb Code     0  startup_stm32f10x_md.o(.text)
    SPI1_IRQHandler                          0x080001b3   Thumb Code     0  startup_stm32f10x_md.o(.text)
    SPI2_IRQHandler                          0x080001b3   Thumb Code     0  startup_stm32f10x_md.o(.text)
    TAMPER_IRQHandler                        0x080001b3   Thumb Code     0  startup_stm32f10x_md.o(.text)
    TIM1_BRK_IRQHandler                      0x080001b3   Thumb Code     0  startup_stm32f10x_md.o(.text)
    TIM1_CC_IRQHandler                       0x080001b3   Thumb Code     0  startup_stm32f10x_md.o(.text)
    TIM1_TRG_COM_IRQHandler                  0x080001b3   Thumb Code     0  startup_stm32f10x_md.o(.text)
    TIM1_UP_IRQHandler                       0x080001b3   Thumb Code     0  startup_stm32f10x_md.o(.text)
    TIM2_IRQHandler                          0x080001b3   Thumb Code     0  startup_stm32f10x_md.o(.text)
    TIM3_IRQHandler                          0x080001b3   Thumb Code     0  startup_stm32f10x_md.o(.text)
    TIM4_IRQHandler                          0x080001b3   Thumb Code     0  startup_stm32f10x_md.o(.text)
    USART2_IRQHandler                        0x080001b3   Thumb Code     0  startup_stm32f10x_md.o(.text)
    USART3_IRQHandler                        0x080001b3   Thumb Code     0  startup_stm32f10x_md.o(.text)
    USBWakeUp_IRQHandler                     0x080001b3   Thumb Code     0  startup_stm32f10x_md.o(.text)
    USB_HP_CAN1_TX_IRQHandler                0x080001b3   Thumb Code     0  startup_stm32f10x_md.o(.text)
    USB_LP_CAN1_RX0_IRQHandler               0x080001b3   Thumb Code     0  startup_stm32f10x_md.o(.text)
    WWDG_IRQHandler                          0x080001b3   Thumb Code     0  startup_stm32f10x_md.o(.text)
    __aeabi_memset                           0x080001bd   Thumb Code    14  memseta.o(.text)
    __aeabi_memset4                          0x080001bd   Thumb Code     0  memseta.o(.text)
    __aeabi_memset8                          0x080001bd   Thumb Code     0  memseta.o(.text)
    __aeabi_memclr                           0x080001cb   Thumb Code     4  memseta.o(.text)
    __aeabi_memclr4                          0x080001cb   Thumb Code     0  memseta.o(.text)
    __aeabi_memclr8                          0x080001cb   Thumb Code     0  memseta.o(.text)
    _memset$wrapper                          0x080001cf   Thumb Code    18  memseta.o(.text)
    strrchr                                  0x080001e1   Thumb Code    32  strrchr.o(.text)
    __aeabi_fadd                             0x08000201   Thumb Code   164  fadd.o(.text)
    __aeabi_fsub                             0x080002a5   Thumb Code     6  fadd.o(.text)
    __aeabi_frsub                            0x080002ab   Thumb Code     6  fadd.o(.text)
    __aeabi_fmul                             0x080002b1   Thumb Code   100  fmul.o(.text)
    __aeabi_fdiv                             0x08000315   Thumb Code   124  fdiv.o(.text)
    __aeabi_dmul                             0x08000391   Thumb Code   228  dmul.o(.text)
    __aeabi_ddiv                             0x08000475   Thumb Code   222  ddiv.o(.text)
    __aeabi_ui2f                             0x08000553   Thumb Code    10  ffltui.o(.text)
    __aeabi_i2d                              0x0800055d   Thumb Code    34  dflti.o(.text)
    __aeabi_ui2d                             0x0800057f   Thumb Code    26  dfltui.o(.text)
    __aeabi_f2d                              0x08000599   Thumb Code    38  f2d.o(.text)
    __aeabi_d2f                              0x080005bf   Thumb Code    56  d2f.o(.text)
    __aeabi_uidiv                            0x080005f7   Thumb Code     0  uidiv.o(.text)
    __aeabi_uidivmod                         0x080005f7   Thumb Code    44  uidiv.o(.text)
    __aeabi_uldivmod                         0x08000623   Thumb Code    98  uldiv.o(.text)
    __I$use$fp                               0x08000685   Thumb Code     0  iusefp.o(.text)
    _float_round                             0x08000685   Thumb Code    18  fepilogue.o(.text)
    _float_epilogue                          0x08000697   Thumb Code    92  fepilogue.o(.text)
    _double_round                            0x080006f3   Thumb Code    30  depilogue.o(.text)
    _double_epilogue                         0x08000711   Thumb Code   156  depilogue.o(.text)
    __aeabi_dadd                             0x080007ad   Thumb Code   322  dadd.o(.text)
    __aeabi_dsub                             0x080008ef   Thumb Code     6  dadd.o(.text)
    __aeabi_drsub                            0x080008f5   Thumb Code     6  dadd.o(.text)
    __aeabi_d2ulz                            0x080008fb   Thumb Code    48  dfixul.o(.text)
    __aeabi_cdrcmple                         0x0800092d   Thumb Code    48  cdrcmple.o(.text)
    __scatterload                            0x0800095d   Thumb Code    28  init.o(.text)
    __scatterload_rt2                        0x0800095d   Thumb Code     0  init.o(.text)
    __aeabi_llsl                             0x08000981   Thumb Code    30  llshl.o(.text)
    _ll_shift_l                              0x08000981   Thumb Code     0  llshl.o(.text)
    __aeabi_llsr                             0x0800099f   Thumb Code    32  llushr.o(.text)
    _ll_ushift_r                             0x0800099f   Thumb Code     0  llushr.o(.text)
    __aeabi_lasr                             0x080009bf   Thumb Code    36  llsshr.o(.text)
    _ll_sshift_r                             0x080009bf   Thumb Code     0  llsshr.o(.text)
    __ARM_scalbn                             0x080009e3   Thumb Code    46  dscalb.o(.text)
    scalbn                                   0x080009e3   Thumb Code     0  dscalb.o(.text)
    App_Car_OLED                             0x08000a11   Thumb Code   180  app_car.o(i.App_Car_OLED)
    App_Car_ReadSensor                       0x08000b1d   Thumb Code    32  app_car.o(i.App_Car_ReadSensor)
    App_Task_Display                         0x08000b49   Thumb Code    28  app_task.o(i.App_Task_Display)
    App_Task_ReadSensor                      0x08000b65   Thumb Code    24  app_task.o(i.App_Task_ReadSensor)
    App_Task_Start                           0x08000b7d   Thumb Code    60  app_task.o(i.App_Task_Start)
    Com_KalmanFilter                         0x08000be1   Thumb Code   558  com_kalmanfilter.o(i.Com_KalmanFilter)
    Dri_ADC1_Init                            0x08000e59   Thumb Code   270  dri_adc1.o(i.Dri_ADC1_Init)
    Dri_ADC1_ReadVoltage                     0x08000f75   Thumb Code    94  dri_adc1.o(i.Dri_ADC1_ReadVoltage)
    Dri_I2C_DisableAutoAck                   0x08000fe5   Thumb Code    14  dri_i2c.o(i.Dri_I2C_DisableAutoAck)
    Dri_I2C_EnableAutoAck                    0x08000ff9   Thumb Code    14  dri_i2c.o(i.Dri_I2C_EnableAutoAck)
    Dri_I2C_EnableStop                       0x0800100d   Thumb Code    14  dri_i2c.o(i.Dri_I2C_EnableStop)
    Dri_I2C_Init                             0x08001021   Thumb Code   130  dri_i2c.o(i.Dri_I2C_Init)
    Dri_I2C_ReceiveByte                      0x080010b1   Thumb Code    94  dri_i2c.o(i.Dri_I2C_ReceiveByte)
    Dri_I2C_SendAddr                         0x08001179   Thumb Code   100  dri_i2c.o(i.Dri_I2C_SendAddr)
    Dri_I2C_SendByte                         0x08001235   Thumb Code   176  dri_i2c.o(i.Dri_I2C_SendByte)
    Dri_I2C_Start                            0x08001379   Thumb Code   100  dri_i2c.o(i.Dri_I2C_Start)
    Dri_I2C_Stop4Send                        0x08001435   Thumb Code   100  dri_i2c.o(i.Dri_I2C_Stop4Send)
    Dri_SPI_Init                             0x080014f1   Thumb Code   102  dri_spi.o(i.Dri_SPI_Init)
    Dri_SPI_WriteByte                        0x08001561   Thumb Code    96  dri_spi.o(i.Dri_SPI_WriteByte)
    Dri_TIM2_3_Init                          0x080015c5   Thumb Code   376  dri_tim.o(i.Dri_TIM2_3_Init)
    Dri_TIM4_Init                            0x0800175d   Thumb Code   288  dri_tim.o(i.Dri_TIM4_Init)
    Dri_UART1_Init                           0x08001889   Thumb Code   276  dri_uart1.o(i.Dri_UART1_Init)
    Dri_UART1_ReceiveCallback                0x080019b5   Thumb Code     2  dri_uart1.o(i.Dri_UART1_ReceiveCallback)
    Dri_UART1_SendByte                       0x080019b9   Thumb Code    22  dri_uart1.o(i.Dri_UART1_SendByte)
    FreeRTOS_Start                           0x080019d5   Thumb Code    28  app_task.o(i.FreeRTOS_Start)
    Int_HallEncoder_Init                     0x08001a05   Thumb Code     8  int_hallencoder.o(i.Int_HallEncoder_Init)
    Int_HallEncoder_ReadCounter              0x08001a0d   Thumb Code    48  int_hallencoder.o(i.Int_HallEncoder_ReadCounter)
    Int_MPU6050_Init                         0x08001a41   Thumb Code   206  int_mpu6050.o(i.Int_MPU6050_Init)
    Int_MPU6050_ReadAccel                    0x08001b99   Thumb Code    68  int_mpu6050.o(i.Int_MPU6050_ReadAccel)
    Int_MPU6050_ReadAngle                    0x08001bdd   Thumb Code   136  int_mpu6050.o(i.Int_MPU6050_ReadAngle)
    Int_MPU6050_ReadByte                     0x08001c91   Thumb Code    48  int_mpu6050.o(i.Int_MPU6050_ReadByte)
    Int_MPU6050_ReadBytes                    0x08001cc1   Thumb Code    76  int_mpu6050.o(i.Int_MPU6050_ReadBytes)
    Int_MPU6050_ReadGyro                     0x08001d0d   Thumb Code    68  int_mpu6050.o(i.Int_MPU6050_ReadGyro)
    Int_MPU6050_SendByte                     0x08001d51   Thumb Code    74  int_mpu6050.o(i.Int_MPU6050_SendByte)
    Int_MPU6050_SendBytes                    0x08001dfd   Thumb Code    52  int_mpu6050.o(i.Int_MPU6050_SendBytes)
    Int_MPU6050_SetSampleRate                0x08001e6d   Thumb Code    58  int_mpu6050.o(i.Int_MPU6050_SetSampleRate)
    Int_OLED_Clear                           0x08001ea9   Thumb Code    42  int_oled.o(i.Int_OLED_Clear)
    Int_OLED_DrawPoint                       0x08001ed9   Thumb Code   114  int_oled.o(i.Int_OLED_DrawPoint)
    Int_OLED_Init                            0x08001f51   Thumb Code   308  int_oled.o(i.Int_OLED_Init)
    Int_OLED_Refresh                         0x0800208d   Thumb Code    70  int_oled.o(i.Int_OLED_Refresh)
    Int_OLED_ShowChar                        0x080020d9   Thumb Code   300  int_oled.o(i.Int_OLED_ShowChar)
    Int_OLED_ShowString                      0x08002215   Thumb Code    74  int_oled.o(i.Int_OLED_ShowString)
    Int_OLED_WR_Byte                         0x08002261   Thumb Code    54  int_oled.o(i.Int_OLED_WR_Byte)
    Int_TB6612_Init                          0x0800229d   Thumb Code    90  int_tb6612.o(i.Int_TB6612_Init)
    SysTick_Handler                          0x080023f1   Thumb Code    16  app_task.o(i.SysTick_Handler)
    SystemInit                               0x08002401   Thumb Code    78  system_stm32f10x.o(i.SystemInit)
    USART1_IRQHandler                        0x08002461   Thumb Code    70  dri_uart1.o(i.USART1_IRQHandler)
    __0printf                                0x080024b5   Thumb Code    22  printfa.o(i.__0printf)
    __1printf                                0x080024b5   Thumb Code     0  printfa.o(i.__0printf)
    __2printf                                0x080024b5   Thumb Code     0  printfa.o(i.__0printf)
    __c89printf                              0x080024b5   Thumb Code     0  printfa.o(i.__0printf)
    printf                                   0x080024b5   Thumb Code     0  printfa.o(i.__0printf)
    __0sprintf                               0x080024d5   Thumb Code    34  printfa.o(i.__0sprintf)
    __1sprintf                               0x080024d5   Thumb Code     0  printfa.o(i.__0sprintf)
    __2sprintf                               0x080024d5   Thumb Code     0  printfa.o(i.__0sprintf)
    __c89sprintf                             0x080024d5   Thumb Code     0  printfa.o(i.__0sprintf)
    sprintf                                  0x080024d5   Thumb Code     0  printfa.o(i.__0sprintf)
    __ARM_fpclassify                         0x080024fd   Thumb Code    40  fpclassify.o(i.__ARM_fpclassify)
    __kernel_poly                            0x08002525   Thumb Code   170  poly.o(i.__kernel_poly)
    __mathlib_dbl_infnan                     0x080025cf   Thumb Code     6  dunder.o(i.__mathlib_dbl_infnan)
    __mathlib_dbl_infnan2                    0x080025d5   Thumb Code     4  dunder.o(i.__mathlib_dbl_infnan2)
    __mathlib_dbl_underflow                  0x080025d9   Thumb Code    10  dunder.o(i.__mathlib_dbl_underflow)
    __scatterload_copy                       0x080025e9   Thumb Code    14  handlers.o(i.__scatterload_copy)
    __scatterload_null                       0x080025f7   Thumb Code     2  handlers.o(i.__scatterload_null)
    __scatterload_zeroinit                   0x080025f9   Thumb Code    14  handlers.o(i.__scatterload_zeroinit)
    atan                                     0x08002ec5   Thumb Code   474  atan.o(i.atan)
    atan2                                    0x080030e5   Thumb Code   346  atan2.o(i.atan2)
    for_delay_ms                             0x08003265   Thumb Code    24  com_delay.o(i.for_delay_ms)
    fputc                                    0x08003281   Thumb Code    16  dri_uart1.o(i.fputc)
    main                                     0x08003291   Thumb Code   116  main.o(i.main)
    pvPortMalloc                             0x0800377d   Thumb Code   208  heap_4.o(i.pvPortMalloc)
    pxPortInitialiseStack                    0x08003861   Thumb Code    30  port.o(i.pxPortInitialiseStack)
    uxListRemove                             0x08003885   Thumb Code    40  list.o(i.uxListRemove)
    vListInitialise                          0x080038ad   Thumb Code    26  list.o(i.vListInitialise)
    vListInitialiseItem                      0x080038c7   Thumb Code     6  list.o(i.vListInitialiseItem)
    vListInsert                              0x080038cd   Thumb Code    52  list.o(i.vListInsert)
    vListInsertEnd                           0x08003901   Thumb Code    24  list.o(i.vListInsertEnd)
    vPortEnterCritical                       0x08003919   Thumb Code    30  port.o(i.vPortEnterCritical)
    vPortExitCritical                        0x0800393d   Thumb Code    28  port.o(i.vPortExitCritical)
    vPortFree                                0x0800395d   Thumb Code    68  heap_4.o(i.vPortFree)
    vPortSetupTimerInterrupt                 0x080039a9   Thumb Code    20  port.o(i.vPortSetupTimerInterrupt)
    vTaskDelete                              0x080039c1   Thumb Code   174  tasks.o(i.vTaskDelete)
    vTaskStartScheduler                      0x08003a95   Thumb Code    76  tasks.o(i.vTaskStartScheduler)
    vTaskSuspendAll                          0x08003b01   Thumb Code    12  tasks.o(i.vTaskSuspendAll)
    vTaskSwitchContext                       0x08003b11   Thumb Code    76  tasks.o(i.vTaskSwitchContext)
    xPortStartScheduler                      0x08003b71   Thumb Code    42  port.o(i.xPortStartScheduler)
    xPortSysTickHandler                      0x08003ba5   Thumb Code    46  port.o(i.xPortSysTickHandler)
    xTaskCreate                              0x08003bd9   Thumb Code   104  tasks.o(i.xTaskCreate)
    xTaskDelayUntil                          0x08003c41   Thumb Code   108  tasks.o(i.xTaskDelayUntil)
    xTaskGetSchedulerState                   0x08003cb5   Thumb Code    24  tasks.o(i.xTaskGetSchedulerState)
    xTaskGetTickCount                        0x08003cd5   Thumb Code     6  tasks.o(i.xTaskGetTickCount)
    xTaskIncrementTick                       0x08003ce1   Thumb Code   356  tasks.o(i.xTaskIncrementTick)
    xTaskResumeAll                           0x08003e71   Thumb Code   310  tasks.o(i.xTaskResumeAll)
    asc2_0806                                0x08003fcc   Data         552  int_oled.o(.constdata)
    asc2_1206                                0x080041f4   Data        1140  int_oled.o(.constdata)
    asc2_1608                                0x08004668   Data        1520  int_oled.o(.constdata)
    asc2_2412                                0x08004c58   Data        3420  int_oled.o(.constdata)
    Hzk1                                     0x080059b4   Data         352  int_oled.o(.constdata)
    Hzk2                                     0x08005b14   Data          72  int_oled.o(.constdata)
    Hzk3                                     0x08005b5c   Data         128  int_oled.o(.constdata)
    Hzk4                                     0x08005bdc   Data         512  int_oled.o(.constdata)
    __mathlib_zero                           0x08005e78   Data           8  qnan.o(.constdata)
    Region$$Table$$Base                      0x08005e80   Number         0  anon$$obj.o(Region$$Table)
    Region$$Table$$Limit                     0x08005ea0   Number         0  anon$$obj.o(Region$$Table)
    size                                     0x20000000   Data           1  dri_uart1.o(.data)
    startTask                                0x20000010   Data           4  app_task.o(.data)
    displayTask                              0x20000014   Data           4  app_task.o(.data)
    sensorTask                               0x20000018   Data           4  app_task.o(.data)
    K1                                       0x2000002c   Data           4  com_kalmanfilter.o(.data)
    angle                                    0x20000030   Data           4  com_kalmanfilter.o(.data)
    angle_dot                                0x20000034   Data           4  com_kalmanfilter.o(.data)
    Q_angle                                  0x20000038   Data           4  com_kalmanfilter.o(.data)
    Q_gyro                                   0x2000003c   Data           4  com_kalmanfilter.o(.data)
    R_angle                                  0x20000040   Data           4  com_kalmanfilter.o(.data)
    dt                                       0x20000044   Data           4  com_kalmanfilter.o(.data)
    C_0                                      0x20000048   Data           1  com_kalmanfilter.o(.data)
    Q_bias                                   0x2000004c   Data           4  com_kalmanfilter.o(.data)
    Angle_err                                0x20000050   Data           4  com_kalmanfilter.o(.data)
    PCt_0                                    0x20000054   Data           4  com_kalmanfilter.o(.data)
    PCt_1                                    0x20000058   Data           4  com_kalmanfilter.o(.data)
    E                                        0x2000005c   Data           4  com_kalmanfilter.o(.data)
    K_0                                      0x20000060   Data           4  com_kalmanfilter.o(.data)
    K_1                                      0x20000064   Data           4  com_kalmanfilter.o(.data)
    t_0                                      0x20000068   Data           4  com_kalmanfilter.o(.data)
    t_1                                      0x2000006c   Data           4  com_kalmanfilter.o(.data)
    PP                                       0x20000070   Data          16  com_kalmanfilter.o(.data)
    pxCurrentTCB                             0x20000080   Data           4  tasks.o(.data)
    uxTopUsedPriority                        0x200000b8   Data           4  tasks.o(.data)
    __stdout                                 0x200000e0   Data           4  stdout.o(.data)
    buffer                                   0x200000e4   Data         100  dri_uart1.o(.bss)
    OLED_GRAM                                0x20000148   Data        1152  int_oled.o(.bss)
    Pdot                                     0x2000060c   Data          16  com_kalmanfilter.o(.bss)
    __initial_sp                             0x20004900   Data           0  startup_stm32f10x_md.o(STACK)



==============================================================================

Memory Map of the image

  Image Entry point : 0x080000ed

  Load Region LR_IROM1 (Base: 0x08000000, Size: 0x00005f84, Max: 0x00010000, ABSOLUTE)

    Execution Region ER_IROM1 (Exec base: 0x08000000, Load base: 0x08000000, Size: 0x00005ea0, Max: 0x00010000, ABSOLUTE)

    Exec Addr    Load Addr    Size         Type   Attr      Idx    E Section Name        Object

    0x08000000   0x08000000   0x000000ec   Data   RO           19    RESET               startup_stm32f10x_md.o
    0x080000ec   0x080000ec   0x00000000   Code   RO         1655  * .ARM.Collect$$$$00000000  mc_w.l(entry.o)
    0x080000ec   0x080000ec   0x00000004   Code   RO         1975    .ARM.Collect$$$$00000001  mc_w.l(entry2.o)
    0x080000f0   0x080000f0   0x00000004   Code   RO         1978    .ARM.Collect$$$$00000004  mc_w.l(entry5.o)
    0x080000f4   0x080000f4   0x00000000   Code   RO         1980    .ARM.Collect$$$$00000008  mc_w.l(entry7b.o)
    0x080000f4   0x080000f4   0x00000000   Code   RO         1982    .ARM.Collect$$$$0000000A  mc_w.l(entry8b.o)
    0x080000f4   0x080000f4   0x00000008   Code   RO         1983    .ARM.Collect$$$$0000000B  mc_w.l(entry9a.o)
    0x080000fc   0x080000fc   0x00000000   Code   RO         1985    .ARM.Collect$$$$0000000D  mc_w.l(entry10a.o)
    0x080000fc   0x080000fc   0x00000000   Code   RO         1987    .ARM.Collect$$$$0000000F  mc_w.l(entry11a.o)
    0x080000fc   0x080000fc   0x00000004   Code   RO         1976    .ARM.Collect$$$$00002712  mc_w.l(entry2.o)
    0x08000100   0x08000100   0x00000096   Code   RO         1576    .emb_text           port.o
    0x08000196   0x08000196   0x00000002   PAD
    0x08000198   0x08000198   0x00000024   Code   RO           20    .text               startup_stm32f10x_md.o
    0x080001bc   0x080001bc   0x00000024   Code   RO         1663    .text               mc_w.l(memseta.o)
    0x080001e0   0x080001e0   0x00000020   Code   RO         1665    .text               mc_w.l(strrchr.o)
    0x08000200   0x08000200   0x000000b0   Code   RO         1930    .text               mf_w.l(fadd.o)
    0x080002b0   0x080002b0   0x00000064   Code   RO         1932    .text               mf_w.l(fmul.o)
    0x08000314   0x08000314   0x0000007c   Code   RO         1934    .text               mf_w.l(fdiv.o)
    0x08000390   0x08000390   0x000000e4   Code   RO         1936    .text               mf_w.l(dmul.o)
    0x08000474   0x08000474   0x000000de   Code   RO         1938    .text               mf_w.l(ddiv.o)
    0x08000552   0x08000552   0x0000000a   Code   RO         1940    .text               mf_w.l(ffltui.o)
    0x0800055c   0x0800055c   0x00000022   Code   RO         1942    .text               mf_w.l(dflti.o)
    0x0800057e   0x0800057e   0x0000001a   Code   RO         1944    .text               mf_w.l(dfltui.o)
    0x08000598   0x08000598   0x00000026   Code   RO         1946    .text               mf_w.l(f2d.o)
    0x080005be   0x080005be   0x00000038   Code   RO         1948    .text               mf_w.l(d2f.o)
    0x080005f6   0x080005f6   0x0000002c   Code   RO         1989    .text               mc_w.l(uidiv.o)
    0x08000622   0x08000622   0x00000062   Code   RO         1991    .text               mc_w.l(uldiv.o)
    0x08000684   0x08000684   0x00000000   Code   RO         2000    .text               mc_w.l(iusefp.o)
    0x08000684   0x08000684   0x0000006e   Code   RO         2001    .text               mf_w.l(fepilogue.o)
    0x080006f2   0x080006f2   0x000000ba   Code   RO         2003    .text               mf_w.l(depilogue.o)
    0x080007ac   0x080007ac   0x0000014e   Code   RO         2005    .text               mf_w.l(dadd.o)
    0x080008fa   0x080008fa   0x00000030   Code   RO         2007    .text               mf_w.l(dfixul.o)
    0x0800092a   0x0800092a   0x00000002   PAD
    0x0800092c   0x0800092c   0x00000030   Code   RO         2009    .text               mf_w.l(cdrcmple.o)
    0x0800095c   0x0800095c   0x00000024   Code   RO         2015    .text               mc_w.l(init.o)
    0x08000980   0x08000980   0x0000001e   Code   RO         2017    .text               mc_w.l(llshl.o)
    0x0800099e   0x0800099e   0x00000020   Code   RO         2019    .text               mc_w.l(llushr.o)
    0x080009be   0x080009be   0x00000024   Code   RO         2021    .text               mc_w.l(llsshr.o)
    0x080009e2   0x080009e2   0x0000002e   Code   RO         2023    .text               mf_w.l(dscalb.o)
    0x08000a10   0x08000a10   0x0000010c   Code   RO          705    i.App_Car_OLED      app_car.o
    0x08000b1c   0x08000b1c   0x0000002c   Code   RO          706    i.App_Car_ReadSensor  app_car.o
    0x08000b48   0x08000b48   0x0000001c   Code   RO          660    i.App_Task_Display  app_task.o
    0x08000b64   0x08000b64   0x00000018   Code   RO          661    i.App_Task_ReadSensor  app_task.o
    0x08000b7c   0x08000b7c   0x00000064   Code   RO          662    i.App_Task_Start    app_task.o
    0x08000be0   0x08000be0   0x00000278   Code   RO          767    i.Com_KalmanFilter  com_kalmanfilter.o
    0x08000e58   0x08000e58   0x0000011c   Code   RO          352    i.Dri_ADC1_Init     dri_adc1.o
    0x08000f74   0x08000f74   0x00000070   Code   RO          353    i.Dri_ADC1_ReadVoltage  dri_adc1.o
    0x08000fe4   0x08000fe4   0x00000014   Code   RO          276    i.Dri_I2C_DisableAutoAck  dri_i2c.o
    0x08000ff8   0x08000ff8   0x00000014   Code   RO          277    i.Dri_I2C_EnableAutoAck  dri_i2c.o
    0x0800100c   0x0800100c   0x00000014   Code   RO          278    i.Dri_I2C_EnableStop  dri_i2c.o
    0x08001020   0x08001020   0x00000090   Code   RO          279    i.Dri_I2C_Init      dri_i2c.o
    0x080010b0   0x080010b0   0x000000c8   Code   RO          280    i.Dri_I2C_ReceiveByte  dri_i2c.o
    0x08001178   0x08001178   0x000000bc   Code   RO          281    i.Dri_I2C_SendAddr  dri_i2c.o
    0x08001234   0x08001234   0x00000144   Code   RO          282    i.Dri_I2C_SendByte  dri_i2c.o
    0x08001378   0x08001378   0x000000bc   Code   RO          283    i.Dri_I2C_Start     dri_i2c.o
    0x08001434   0x08001434   0x000000bc   Code   RO          284    i.Dri_I2C_Stop4Send  dri_i2c.o
    0x080014f0   0x080014f0   0x00000070   Code   RO          218    i.Dri_SPI_Init      dri_spi.o
    0x08001560   0x08001560   0x00000064   Code   RO          221    i.Dri_SPI_WriteByte  dri_spi.o
    0x080015c4   0x080015c4   0x00000198   Code   RO          255    i.Dri_TIM2_3_Init   dri_tim.o
    0x0800175c   0x0800175c   0x0000012c   Code   RO          256    i.Dri_TIM4_Init     dri_tim.o
    0x08001888   0x08001888   0x0000012c   Code   RO          161    i.Dri_UART1_Init    dri_uart1.o
    0x080019b4   0x080019b4   0x00000002   Code   RO          162    i.Dri_UART1_ReceiveCallback  dri_uart1.o
    0x080019b6   0x080019b6   0x00000002   PAD
    0x080019b8   0x080019b8   0x0000001c   Code   RO          163    i.Dri_UART1_SendByte  dri_uart1.o
    0x080019d4   0x080019d4   0x00000030   Code   RO          663    i.FreeRTOS_Start    app_task.o
    0x08001a04   0x08001a04   0x00000008   Code   RO          510    i.Int_HallEncoder_Init  int_hallencoder.o
    0x08001a0c   0x08001a0c   0x00000034   Code   RO          511    i.Int_HallEncoder_ReadCounter  int_hallencoder.o
    0x08001a40   0x08001a40   0x00000158   Code   RO          575    i.Int_MPU6050_Init  int_mpu6050.o
    0x08001b98   0x08001b98   0x00000044   Code   RO          576    i.Int_MPU6050_ReadAccel  int_mpu6050.o
    0x08001bdc   0x08001bdc   0x000000b4   Code   RO          577    i.Int_MPU6050_ReadAngle  int_mpu6050.o
    0x08001c90   0x08001c90   0x00000030   Code   RO          578    i.Int_MPU6050_ReadByte  int_mpu6050.o
    0x08001cc0   0x08001cc0   0x0000004c   Code   RO          579    i.Int_MPU6050_ReadBytes  int_mpu6050.o
    0x08001d0c   0x08001d0c   0x00000044   Code   RO          580    i.Int_MPU6050_ReadGyro  int_mpu6050.o
    0x08001d50   0x08001d50   0x000000ac   Code   RO          581    i.Int_MPU6050_SendByte  int_mpu6050.o
    0x08001dfc   0x08001dfc   0x00000034   Code   RO          582    i.Int_MPU6050_SendBytes  int_mpu6050.o
    0x08001e30   0x08001e30   0x0000003c   Code   RO          583    i.Int_MPU6050_SetDLPF  int_mpu6050.o
    0x08001e6c   0x08001e6c   0x0000003a   Code   RO          584    i.Int_MPU6050_SetSampleRate  int_mpu6050.o
    0x08001ea6   0x08001ea6   0x00000002   PAD
    0x08001ea8   0x08001ea8   0x00000030   Code   RO          377    i.Int_OLED_Clear    int_oled.o
    0x08001ed8   0x08001ed8   0x00000078   Code   RO          384    i.Int_OLED_DrawPoint  int_oled.o
    0x08001f50   0x08001f50   0x0000013c   Code   RO          385    i.Int_OLED_Init     int_oled.o
    0x0800208c   0x0800208c   0x0000004c   Code   RO          387    i.Int_OLED_Refresh  int_oled.o
    0x080020d8   0x080020d8   0x0000013c   Code   RO          389    i.Int_OLED_ShowChar  int_oled.o
    0x08002214   0x08002214   0x0000004a   Code   RO          393    i.Int_OLED_ShowString  int_oled.o
    0x0800225e   0x0800225e   0x00000002   PAD
    0x08002260   0x08002260   0x0000003c   Code   RO          395    i.Int_OLED_WR_Byte  int_oled.o
    0x0800229c   0x0800229c   0x0000006c   Code   RO          544    i.Int_TB6612_Init   int_tb6612.o
    0x08002308   0x08002308   0x00000008   Code   RO           24    i.SetSysClock       system_stm32f10x.o
    0x08002310   0x08002310   0x000000e0   Code   RO           25    i.SetSysClockTo72   system_stm32f10x.o
    0x080023f0   0x080023f0   0x00000010   Code   RO          664    i.SysTick_Handler   app_task.o
    0x08002400   0x08002400   0x00000060   Code   RO           27    i.SystemInit        system_stm32f10x.o
    0x08002460   0x08002460   0x00000054   Code   RO          165    i.USART1_IRQHandler  dri_uart1.o
    0x080024b4   0x080024b4   0x00000020   Code   RO         1902    i.__0printf         mc_w.l(printfa.o)
    0x080024d4   0x080024d4   0x00000028   Code   RO         1904    i.__0sprintf        mc_w.l(printfa.o)
    0x080024fc   0x080024fc   0x00000028   Code   RO         2011    i.__ARM_fpclassify  m_ws.l(fpclassify.o)
    0x08002524   0x08002524   0x000000aa   Code   RO         2013    i.__kernel_poly     m_ws.l(poly.o)
    0x080025ce   0x080025ce   0x00000006   Code   RO         1961    i.__mathlib_dbl_infnan  m_ws.l(dunder.o)
    0x080025d4   0x080025d4   0x00000004   Code   RO         1962    i.__mathlib_dbl_infnan2  m_ws.l(dunder.o)
    0x080025d8   0x080025d8   0x00000010   Code   RO         1966    i.__mathlib_dbl_underflow  m_ws.l(dunder.o)
    0x080025e8   0x080025e8   0x0000000e   Code   RO         2027    i.__scatterload_copy  mc_w.l(handlers.o)
    0x080025f6   0x080025f6   0x00000002   Code   RO         2028    i.__scatterload_null  mc_w.l(handlers.o)
    0x080025f8   0x080025f8   0x0000000e   Code   RO         2029    i.__scatterload_zeroinit  mc_w.l(handlers.o)
    0x08002606   0x08002606   0x00000002   PAD
    0x08002608   0x08002608   0x00000184   Code   RO         1909    i._fp_digits        mc_w.l(printfa.o)
    0x0800278c   0x0800278c   0x000006dc   Code   RO         1910    i._printf_core      mc_w.l(printfa.o)
    0x08002e68   0x08002e68   0x00000024   Code   RO         1911    i._printf_post_padding  mc_w.l(printfa.o)
    0x08002e8c   0x08002e8c   0x0000002e   Code   RO         1912    i._printf_pre_padding  mc_w.l(printfa.o)
    0x08002eba   0x08002eba   0x0000000a   Code   RO         1914    i._sputc            mc_w.l(printfa.o)
    0x08002ec4   0x08002ec4   0x00000220   Code   RO         1951    i.atan              m_ws.l(atan.o)
    0x080030e4   0x080030e4   0x00000180   Code   RO         1648    i.atan2             m_ws.l(atan2.o)
    0x08003264   0x08003264   0x0000001c   Code   RO          752    i.for_delay_ms      com_delay.o
    0x08003280   0x08003280   0x00000010   Code   RO          166    i.fputc             dri_uart1.o
    0x08003290   0x08003290   0x000000c0   Code   RO           65    i.main              main.o
    0x08003350   0x08003350   0x000000c0   Code   RO         1203    i.prvAddCurrentTaskToDelayedList  tasks.o
    0x08003410   0x08003410   0x000000e4   Code   RO         1204    i.prvAddNewTaskToReadyList  tasks.o
    0x080034f4   0x080034f4   0x00000048   Code   RO         1205    i.prvCheckTasksWaitingTermination  tasks.o
    0x0800353c   0x0800353c   0x00000012   Code   RO         1206    i.prvDeleteTCB      tasks.o
    0x0800354e   0x0800354e   0x00000002   PAD
    0x08003550   0x08003550   0x00000070   Code   RO         1515    i.prvHeapInit       heap_4.o
    0x080035c0   0x080035c0   0x00000028   Code   RO         1207    i.prvIdleTask       tasks.o
    0x080035e8   0x080035e8   0x0000007a   Code   RO         1208    i.prvInitialiseNewTask  tasks.o
    0x08003662   0x08003662   0x00000002   PAD
    0x08003664   0x08003664   0x00000068   Code   RO         1209    i.prvInitialiseTaskLists  tasks.o
    0x080036cc   0x080036cc   0x00000068   Code   RO         1516    i.prvInsertBlockIntoFreeList  heap_4.o
    0x08003734   0x08003734   0x00000030   Code   RO         1210    i.prvResetNextTaskUnblockTime  tasks.o
    0x08003764   0x08003764   0x00000016   Code   RO         1577    i.prvTaskExitError  port.o
    0x0800377a   0x0800377a   0x00000002   PAD
    0x0800377c   0x0800377c   0x000000e4   Code   RO         1518    i.pvPortMalloc      heap_4.o
    0x08003860   0x08003860   0x00000024   Code   RO         1578    i.pxPortInitialiseStack  port.o
    0x08003884   0x08003884   0x00000028   Code   RO          887    i.uxListRemove      list.o
    0x080038ac   0x080038ac   0x0000001a   Code   RO          888    i.vListInitialise   list.o
    0x080038c6   0x080038c6   0x00000006   Code   RO          889    i.vListInitialiseItem  list.o
    0x080038cc   0x080038cc   0x00000034   Code   RO          890    i.vListInsert       list.o
    0x08003900   0x08003900   0x00000018   Code   RO          891    i.vListInsertEnd    list.o
    0x08003918   0x08003918   0x00000024   Code   RO         1580    i.vPortEnterCritical  port.o
    0x0800393c   0x0800393c   0x00000020   Code   RO         1581    i.vPortExitCritical  port.o
    0x0800395c   0x0800395c   0x0000004c   Code   RO         1519    i.vPortFree         heap_4.o
    0x080039a8   0x080039a8   0x00000018   Code   RO         1582    i.vPortSetupTimerInterrupt  port.o
    0x080039c0   0x080039c0   0x000000d4   Code   RO         1219    i.vTaskDelete       tasks.o
    0x08003a94   0x08003a94   0x0000006c   Code   RO         1230    i.vTaskStartScheduler  tasks.o
    0x08003b00   0x08003b00   0x00000010   Code   RO         1232    i.vTaskSuspendAll   tasks.o
    0x08003b10   0x08003b10   0x00000060   Code   RO         1233    i.vTaskSwitchContext  tasks.o
    0x08003b70   0x08003b70   0x00000034   Code   RO         1583    i.xPortStartScheduler  port.o
    0x08003ba4   0x08003ba4   0x00000034   Code   RO         1584    i.xPortSysTickHandler  port.o
    0x08003bd8   0x08003bd8   0x00000068   Code   RO         1236    i.xTaskCreate       tasks.o
    0x08003c40   0x08003c40   0x00000074   Code   RO         1237    i.xTaskDelayUntil   tasks.o
    0x08003cb4   0x08003cb4   0x00000020   Code   RO         1243    i.xTaskGetSchedulerState  tasks.o
    0x08003cd4   0x08003cd4   0x0000000c   Code   RO         1244    i.xTaskGetTickCount  tasks.o
    0x08003ce0   0x08003ce0   0x00000190   Code   RO         1246    i.xTaskIncrementTick  tasks.o
    0x08003e70   0x08003e70   0x0000015c   Code   RO         1248    i.xTaskResumeAll    tasks.o
    0x08003fcc   0x08003fcc   0x00001e10   Data   RO          397    .constdata          int_oled.o
    0x08005ddc   0x08005ddc   0x00000004   PAD
    0x08005de0   0x08005de0   0x00000098   Data   RO         1952    .constdata          m_ws.l(atan.o)
    0x08005e78   0x08005e78   0x00000008   Data   RO         1974    .constdata          m_ws.l(qnan.o)
    0x08005e80   0x08005e80   0x00000020   Data   RO         2025    Region$$Table       anon$$obj.o


    Execution Region RW_IRAM1 (Exec base: 0x20000000, Load base: 0x08005ea0, Size: 0x00004900, Max: 0x00005000, ABSOLUTE)

    Exec Addr    Load Addr    Size         Type   Attr      Idx    E Section Name        Object

    0x20000000   0x08005ea0   0x00000001   Data   RW          168    .data               dri_uart1.o
    0x20000001   0x08005ea1   0x00000001   PAD
    0x20000002   0x08005ea2   0x0000000c   Data   RW          585    .data               int_mpu6050.o
    0x2000000e   0x08005eae   0x00000002   PAD
    0x20000010   0x08005eb0   0x0000000c   Data   RW          665    .data               app_task.o
    0x2000001c   0x08005ebc   0x00000010   Data   RW          708    .data               app_car.o
    0x2000002c   0x08005ecc   0x00000054   Data   RW          769    .data               com_kalmanfilter.o
    0x20000080   0x08005f20   0x00000040   Data   RW         1251    .data               tasks.o
    0x200000c0   0x08005f60   0x0000001c   Data   RW         1525    .data               heap_4.o
    0x200000dc   0x08005f7c   0x00000004   Data   RW         1585    .data               port.o
    0x200000e0   0x08005f80   0x00000004   Data   RW         1660    .data               mc_w.l(stdout.o)
    0x200000e4        -       0x00000064   Zero   RW          167    .bss                dri_uart1.o
    0x20000148        -       0x00000480   Zero   RW          396    .bss                int_oled.o
    0x200005c8        -       0x00000044   Zero   RW          707    .bss                app_car.o
    0x2000060c        -       0x00000010   Zero   RW          768    .bss                com_kalmanfilter.o
    0x2000061c        -       0x000002e4   Zero   RW         1250    .bss                tasks.o
    0x20000900        -       0x00003c00   Zero   RW         1524    .bss                heap_4.o
    0x20004500        -       0x00000400   Zero   RW           17    STACK               startup_stm32f10x_md.o


==============================================================================

Image component sizes


      Code (inc. data)   RO Data    RW Data    ZI Data      Debug   Object Name

       312        100          0         16         68       1696   app_car.o
       216         60          0         12          0       2612   app_task.o
        28          4          0          0          0        443   com_delay.o
       632         74          0         84         16       1733   com_kalmanfilter.o
         0          0          0          0          0       4540   core_cm3.o
       396         32          0          0          0       1027   dri_adc1.o
      1292        550          0          0          0       4293   dri_i2c.o
       212         14          0          0          0        943   dri_spi.o
       708         44          0          0          0        994   dri_tim.o
       430         44          0          1        100      19447   dri_uart1.o
         0          0          0          0          0       1028   event_groups.o
       520         58          0         28      15360       4499   heap_4.o
        60          4          0          0          0       1305   int_hallencoder.o
      1126        280          0         12          0       6688   int_mpu6050.o
      1010         48       7696          0       1152       7318   int_oled.o
       108         18          0          0          0        442   int_tb6612.o
       148          0          0          0          0       3162   list.o
       192         76          0          0          0     232998   main.o
       404         48          0          4          0       8796   port.o
        36          8        236          0       1024        764   startup_stm32f10x_md.o
       328         28          0          0          0       1861   system_stm32f10x.o
      2268        316          0         64        740      27475   tasks.o

    ----------------------------------------------------------------------
     10440       1806       7968        224      18460     334064   Object Totals
         0          0         32          0          0          0   (incl. Generated)
        14          0          4          3          0          0   (incl. Padding)

    ----------------------------------------------------------------------

      Code (inc. data)   RO Data    RW Data    ZI Data      Debug   Library Member Name

       544         70        152          0          0        124   atan.o
       384         38          0          0          0        144   atan2.o
        26          6          0          0          0        204   dunder.o
        40          0          0          0          0         68   fpclassify.o
       170          0          0          0          0         96   poly.o
         0          0          8          0          0          0   qnan.o
         0          0          0          0          0          0   entry.o
         0          0          0          0          0          0   entry10a.o
         0          0          0          0          0          0   entry11a.o
         8          4          0          0          0          0   entry2.o
         4          0          0          0          0          0   entry5.o
         0          0          0          0          0          0   entry7b.o
         0          0          0          0          0          0   entry8b.o
         8          4          0          0          0          0   entry9a.o
        30          0          0          0          0          0   handlers.o
        36          8          0          0          0         68   init.o
         0          0          0          0          0          0   iusefp.o
        30          0          0          0          0         68   llshl.o
        36          0          0          0          0         68   llsshr.o
        32          0          0          0          0         68   llushr.o
        36          0          0          0          0        108   memseta.o
      2308         96          0          0          0        604   printfa.o
         0          0          0          4          0          0   stdout.o
        32          0          0          0          0         68   strrchr.o
        44          0          0          0          0         80   uidiv.o
        98          0          0          0          0         92   uldiv.o
        48          0          0          0          0         68   cdrcmple.o
        56          0          0          0          0         88   d2f.o
       334          0          0          0          0        148   dadd.o
       222          0          0          0          0        100   ddiv.o
       186          0          0          0          0        176   depilogue.o
        48          0          0          0          0         68   dfixul.o
        34          0          0          0          0         76   dflti.o
        26          0          0          0          0         76   dfltui.o
       228          0          0          0          0         96   dmul.o
        46          0          0          0          0         80   dscalb.o
        38          0          0          0          0         68   f2d.o
       176          0          0          0          0        140   fadd.o
       124          0          0          0          0         88   fdiv.o
       110          0          0          0          0        168   fepilogue.o
        10          0          0          0          0         68   ffltui.o
       100          0          0          0          0         76   fmul.o

    ----------------------------------------------------------------------
      5656        226        160          4          0       3444   Library Totals
         4          0          0          0          0          0   (incl. Padding)

    ----------------------------------------------------------------------

      Code (inc. data)   RO Data    RW Data    ZI Data      Debug   Library Name

      1164        114        160          0          0        636   m_ws.l
      2702        112          0          4          0       1224   mc_w.l
      1786          0          0          0          0       1584   mf_w.l

    ----------------------------------------------------------------------
      5656        226        160          4          0       3444   Library Totals

    ----------------------------------------------------------------------

==============================================================================


      Code (inc. data)   RO Data    RW Data    ZI Data      Debug   

     16096       2032       8128        228      18460     331368   Grand Totals
     16096       2032       8128        228      18460     331368   ELF Image Totals
     16096       2032       8128        228          0          0   ROM Totals

==============================================================================

    Total RO  Size (Code + RO Data)                24224 (  23.66kB)
    Total RW  Size (RW Data + ZI Data)             18688 (  18.25kB)
    Total ROM Size (Code + RO Data + RW Data)      24452 (  23.88kB)

==============================================================================

